Command: C:\Users\takeu\.espressif\python_env\idf5.5_py3.11_env\Scripts\python.exe C:\Users\takeu\esp\v5.5\esp-idf\tools/idf_monitor.py -p COM5 -b 115200 --toolchain-prefix xtensa-esp32-elf- --target esp32 --revision 0 C:\GitHub\Firmware\src\ESP32\build\esp32.elf C:\GitHub\Firmware\src\ESP32\build\bootloader\bootloader.elf --force-color -m 'C:\Users\takeu\.espressif\python_env\idf5.5_py3.11_env\Scripts\python.exe' 'C:\Users\takeu\esp\v5.5\esp-idf\tools\idf.py'
ets Jul 29 2019 12:21:46

rst:0x1 (POWERON_RESET),boot:0x33 (SPI_FAST_FLASH_BOOT)
ï¿½ets Jul 29 2019 12:21:46

rst:0x1 (POWERON_RESET),boot:0x33 (SPI_FAST_FLASH_BOOT)
configsip: 0, SPIWP:0xee
clk_drv:0x00,q_drv:0x00,d_drv:0x00,cs0_drv:0x00,hd_drv:0x00,wp_drv:0x00
mode:DIO, clock div:2
load:0x3fff0030,len:6380
ho 0 tail 12 room 4
load:0x40078000,len:15916
load:0x40080400,len:3860
entry 0x40080638
[0;32mI (29) boot: ESP-IDF v5.5 2nd stage bootloader[0m
[0;32mI (29) boot: compile time Aug 31 2025 22:07:17[0m
[0;32mI (29) boot: Multicore bootloader[0m
[0;32mI (30) boot: chip revision: v3.1[0m
[0;32mI (33) boot.esp32: SPI Speed      : 40MHz[0m
[0;32mI (37) boot.esp32: SPI Mode       : DIO[0m
[0;32mI (40) boot.esp32: SPI Flash Size : 2MB[0m
[0;32mI (44) boot: Enabling RNG early entropy source...[0m
[0;32mI (49) boot: Partition Table:[0m
[0;32mI (51) boot: ## Label            Usage          Type ST Offset   Length[0m
[0;32mI (57) boot:  0 nvs              WiFi data        01 02 00009000 00006000[0m
[0;32mI (64) boot:  1 phy_init         RF data          01 01 0000f000 00001000[0m
[0;32mI (71) boot:  2 factory          factory app      00 00 00010000 00100000[0m
[0;32mI (77) boot: End of partition table[0m
[0;32mI (80) esp_image: segment 0: paddr=00010020 vaddr=3f400020 size=2d538h (185656) map[0m
[0;32mI (151) esp_image: segment 1: paddr=0003d560 vaddr=3ff80000 size=00020h (    32) load[0m
[0;32mI (152) esp_image: segment 2: paddr=0003d588 vaddr=3ffbdb60 size=02a90h ( 10896) load[0m
[0;32mI (159) esp_image: segment 3: paddr=00040020 vaddr=400d0020 size=a6b7ch (682876) map[0m
[0;32mI (396) esp_image: segment 4: paddr=000e6ba4 vaddr=3ffc05f0 size=01f54h (  8020) load[0m
[0;32mI (399) esp_image: segment 5: paddr=000e8b00 vaddr=40080000 size=1bb3ch (113468) load[0m
[0;32mI (457) boot: Loaded app from partition at offset 0x10000[0m
[0;32mI (457) boot: Disabling RNG early entropy source...[0m
[0;32mI (468) cpu_start: Multicore app[0m
[0;32mI (476) cpu_start: Pro cpu start user code[0m
[0;32mI (476) cpu_start: cpu freq: 160000000 Hz[0m
[0;32mI (476) app_init: Application information:[0m
[0;32mI (479) app_init: Project name:     esp32[0m
[0;32mI (484) app_init: App version:      5b23221-dirty[0m
[0;32mI (489) app_init: Compile time:     Sep  3 2025 12:04:59[0m
[0;32mI (495) app_init: ELF file SHA256:  dbcf9b53f...[0m
[0;32mI (501) app_init: ESP-IDF:          v5.5[0m
[0;32mI (505) efuse_init: Min chip rev:     v0.0[0m
[0;32mI (510) efuse_init: Max chip rev:     v3.99 [0m
[0;32mI (515) efuse_init: Chip rev:         v3.1[0m
[0;32mI (520) heap_init: Initializing. RAM available for dynamic allocation:[0m
[0;32mI (527) heap_init: At 3FFAFF10 len 000000F0 (0 KiB): DRAM[0m
[0;32mI (533) heap_init: At 3FFB6388 len 00001C78 (7 KiB): DRAM[0m
[0;32mI (539) heap_init: At 3FFB9A20 len 00004108 (16 KiB): DRAM[0m
[0;32mI (545) heap_init: At 3FFCA638 len 000159C8 (86 KiB): DRAM[0m
[0;32mI (551) heap_init: At 3FFE0440 len 00003AE0 (14 KiB): D/IRAM[0m
[0;32mI (558) heap_init: At 3FFE4350 len 0001BCB0 (111 KiB): D/IRAM[0m
[0;32mI (564) heap_init: At 4009BB3C len 000044C4 (17 KiB): IRAM[0m
[0;32mI (572) spi_flash: detected chip: generic[0m
[0;32mI (575) spi_flash: flash io: dio[0m
[0;33mW (579) spi_flash: Detected size(16384k) larger than the size in the binary image header(2048k). Using the size in the binary image header.[0m
[0;32mI (595) coexist: coex firmware version: 831ec70[0m
[0;32mI (598) main_task: Started on CPU0[0m
[0;32mI (608) main_task: Calling app_main()[0m
[0;32mI (618) BTDM_INIT: BT controller compile version [b992c7d][0m
[0;32mI (618) BTDM_INIT: Bluetooth MAC: ec:e3:34:90:d8:ee[0m
[0;32mI (618) phy_init: phy_version 4860,6b7a6e5,Feb  6 2025,14:47:07[0m
[0;32mI (1288) BT_INIT: Bluetooth initialized successfully in dual mode.[0m

   /$$$$$$   /$$$$$$   /$$$$$$   /$$$$$$  /$$$$$$$  /$$$$$$        /$$$$$$   /$$$$$$ 
  /$$__  $$ /$$__  $$ /$$__  $$ /$$__  $$| $$__  $$|_  $$_/       /$$__  $$ /$$__  $$ 
 | $$  \__/| $$  \ $$| $$  \__/| $$  \ $$| $$  \ $$  | $$        | $$  \ $$| $$  \__/ 
 |  $$$$$$ | $$$$$$$$|  $$$$$$ | $$  | $$| $$$$$$$/  | $$        | $$  | $$|  $$$$$$  
  \____  $$| $$__  $$ \____  $$| $$  | $$| $$__  $$  | $$        | $$  | $$ \____  $$ 
  /$$  \ $$| $$  | $$ /$$  \ $$| $$  | $$| $$  \ $$  | $$        | $$  | $$ /$$  \ $$ 
 |  $$$$$$/| $$  | $$|  $$$$$$/|  $$$$$$/| $$  | $$ /$$$$$$      |  $$$$$$/|  $$$$$$/ 
  \______/ |__/  |__/ \______/  \______/ |__/  |__/|______/       \______/  \______/                                                                                    
[0;32mI (1448) initial_operation: Checking I2C bus status before initialization...[0m
[0;32mI (1448) initial_operation: Bus is clear. No recovery needed.[0m
[0;33mW (1458) i2c.master: Please check pull-up resistances whether be connected properly. Otherwise unexpected behavior would happen. For more detailed information, please read docs[0m
[0;31mE (1678) i2c.master: I2C transaction unexpected nack detected[0m
[0;31mE (1678) i2c.master: s_i2c_synchronous_transaction(945): I2C transaction failed[0m
[0;31mE (1688) i2c.master: i2c_master_multi_buffer_transmit(1214): I2C transaction failed[0m
[0;31mE (1808) i2c.master: I2C transaction unexpected nack detected[0m
[0;31mE (1808) i2c.master: s_i2c_synchronous_transaction(945): I2C transaction failed[0m
[0;31mE (1818) i2c.master: i2c_master_multi_buffer_transmit(1214): I2C transaction failed[0m
setting i2c finished
[0;32mI (1838) PS3_SPP: ESP_SPP_INIT_EVT[0m
[0;32mI (1868) PS3_L2CAP: [ps3_l2cap_init_service] Service PS3-HIDC Initialized[0m
[0;32mI (1868) PS3_L2CAP: [ps3_l2cap_init_service] Service PS3-HIDI Initialized[0m
[0;32mI (1868) BLE_HANDLER: create_service requested[0m
[0;31mE (1878) i2c.master: I2C software timeout[0m
[0;31mE (1888) i2c.master: s_i2c_synchronous_transaction(945): I2C transaction failed[0m
[0;32mI (1888) BLE_HANDLER: Service created, handle=40[0m
[0;31mE (1898) i2c.master: i2c_master_multi_buffer_transmit(1214): I2C transaction failed[0m
[0;32mI (1898) BLE_HANDLER: start_service ok[0m
[0;32mI (1908) BLE_HANDLER: add_char requested[0m
[0;32mI (1908) BLE_HANDLER: GATT service started[0m
25.2,7.2,16.0,-19.8
[0;32mI (1928) BLE_HANDLER: BLE advertising started[0m
i2c_nack_flag: 0
[0;32mI (1928) BLE_HANDLER: CHAR added: handle=42 (prop=0x0a)[0m
[0;32mI (1868) BleServer: BLE GATT server init done[0m
46.3,28.3,37.0,-19.8
i2c_nack_flag: 0
59.4,41.4,50.0,-19.8
i2c_nack_flag: 0
68.4,49.2,58.5,-20.8
i2c_nack_flag: 0
73.1,55.5,64.0,-19.8
i2c_nack_flag: 0
75.4,57.7,66.0,-19.8
i2c_nack_flag: 0
77.3,59.8,68.0,-19.8
i2c_nack_flag: 0
78.0,61.1,69.0,-17.7
i2c_nack_flag: 0
79.6,60.7,69.5,-20.8
i2c_nack_flag: 0
79.3,60.4,69.5,-20.8
i2c_nack_flag: 0
79.6,59.4,69.0,-21.8
i2c_nack_flag: 0
79.8,59.3,69.0,-21.8
i2c_nack_flag: 0
79.1,61.2,70.0,-19.8
i2c_nack_flag: 0
79.4,60.7,69.5,-20.8
i2c_nack_flag: 0
80.9,62.4,71.0,-19.8
i2c_nack_flag: 0
80.1,61.9,70.5,-20.8
i2c_nack_flag: 0
81.7,62.3,71.5,-20.8
i2c_nack_flag: 0
81.8,60.6,70.5,-22.8
i2c_nack_flag: 0
81.1,62.0,71.0,-21.8
i2c_nack_flag: 0
81.4,62.8,71.5,-20.8
i2c_nack_flag: 0
82.1,61.7,71.5,-22.8
i2c_nack_flag: 0
80.8,61.0,70.0,-21.8
i2c_nack_flag: 0
79.7,61.8,70.0,-19.8
i2c_nack_flag: 0
80.6,60.7,70.0,-21.8
i2c_nack_flag: 0
80.0,61.6,70.0,-19.8
i2c_nack_flag: 0
80.8,62.2,71.0,-19.8
i2c_nack_flag: 0
80.5,62.9,71.0,-19.8
i2c_nack_flag: 0
79.5,62.1,70.5,-18.8
i2c_nack_flag: 0
79.7,60.9,69.5,-20.8
i2c_nack_flag: 0
80.6,60.5,70.0,-21.8
i2c_nack_flag: 0
80.0,60.3,69.5,-20.8
i2c_nack_flag: 0
81.6,58.2,69.5,-24.7
i2c_nack_flag: 0
82.5,60.1,71.0,-23.7
i2c_nack_flag: 0
81.1,60.1,70.5,-22.8
i2c_nack_flag: 0
80.7,60.0,70.0,-21.8
i2c_nack_flag: 0
80.4,59.6,69.5,-22.8
i2c_nack_flag: 0
81.0,61.4,71.0,-21.8
i2c_nack_flag: 0
81.4,62.0,71.5,-20.8
i2c_nack_flag: 0
82.1,62.4,72.0,-21.8
i2c_nack_flag: 0
81.2,61.4,71.0,-21.8
i2c_nack_flag: 0
80.3,60.9,70.0,-21.8
i2c_nack_flag: 0
81.0,61.7,71.0,-21.8
i2c_nack_flag: 0
80.2,61.4,70.5,-20.8
i2c_nack_flag: 0
79.3,60.5,69.5,-20.8
i2c_nack_flag: 0
78.8,60.7,69.0,-19.8
i2c_nack_flag: 0
78.5,62.0,70.0,-17.7
i2c_nack_flag: 0
78.7,60.8,69.0,-19.8
i2c_nack_flag: 0
80.0,61.7,70.5,-20.8
i2c_nack_flag: 0
80.8,61.0,70.5,-20.8
i2c_nack_flag: 0
80.1,61.8,70.5,-20.8
i2c_nack_flag: 0
79.3,63.1,71.0,-17.7
i2c_nack_flag: 0
79.6,62.2,70.5,-18.8
i2c_nack_flag: 0
79.3,62.9,70.5,-18.8
i2c_nack_flag: 0
78.8,62.2,70.0,-17.7
i2c_nack_flag: 0
78.5,61.7,69.5,-18.8
i2c_nack_flag: 0
79.1,61.4,70.0,-19.8
i2c_nack_flag: 0
79.1,62.1,70.5,-18.8
i2c_nack_flag: 0
79.4,61.2,70.0,-19.8
i2c_nack_flag: 0
78.9,61.9,69.5,-18.8
i2c_nack_flag: 0
79.3,61.6,70.0,-19.8
i2c_nack_flag: 0
80.4,62.1,71.0,-19.8
i2c_nack_flag: 0
80.2,61.3,70.5,-20.8
i2c_nack_flag: 0
79.3,61.2,70.0,-19.8
i2c_nack_flag: 0
81.2,60.7,70.5,-22.8
i2c_nack_flag: 0
80.7,61.6,70.5,-20.8
i2c_nack_flag: 0
81.2,60.6,70.5,-22.8
i2c_nack_flag: 0
81.5,60.7,70.5,-22.8
i2c_nack_flag: 0
80.9,60.0,70.0,-21.8
i2c_nack_flag: 0
80.2,61.2,70.5,-20.8
i2c_nack_flag: 0
80.9,60.3,70.0,-21.8
i2c_nack_flag: 0
80.5,60.6,70.0,-21.8
i2c_nack_flag: 0
81.1,60.8,70.5,-22.8
i2c_nack_flag: 0
81.5,61.7,71.0,-21.8
i2c_nack_flag: 0
80.9,61.0,70.0,-21.8
i2c_nack_flag: 0
80.1,61.8,70.5,-20.8
i2c_nack_flag: 0
81.3,61.1,71.0,-21.8
i2c_nack_flag: 0
81.6,62.2,71.5,-20.8
i2c_nack_flag: 0
80.5,60.9,70.0,-21.8
i2c_nack_flag: 0
80.3,61.0,70.0,-21.8
i2c_nack_flag: 0
81.0,61.0,70.0,-21.8
i2c_nack_flag: 0
80.6,61.8,70.5,-20.8
i2c_nack_flag: 0
81.6,60.7,70.5,-22.8
i2c_nack_flag: 0
80.5,62.0,71.0,-19.8
i2c_nack_flag: 0
79.9,62.4,70.5,-18.8
i2c_nack_flag: 0
80.8,61.8,70.5,-20.8
i2c_nack_flag: 0
80.1,63.1,71.5,-18.8
i2c_nack_flag: 0
80.0,61.9,70.5,-20.8
i2c_nack_flag: 0
79.6,61.5,70.0,-19.8
i2c_nack_flag: 0
79.8,60.1,69.5,-20.8
i2c_nack_flag: 0
81.9,61.3,71.0,-21.8
i2c_nack_flag: 0
79.9,61.2,70.0,-19.8
i2c_nack_flag: 0
81.2,60.7,70.5,-22.8
i2c_nack_flag: 0
81.5,61.6,71.0,-21.8
i2c_nack_flag: 0
80.5,60.6,70.0,-21.8
i2c_nack_flag: 0
80.3,60.7,70.0,-21.8
i2c_nack_flag: 0
79.8,61.6,70.0,-19.8
i2c_nack_flag: 0
79.5,61.0,69.5,-20.8
i2c_nack_flag: 0
78.5,62.6,70.0,-17.7
i2c_nack_flag: 0
79.1,62.0,70.0,-19.8
i2c_nack_flag: 0
79.1,62.8,70.5,-18.8
i2c_nack_flag: 0
80.2,62.1,71.0,-19.8
i2c_nack_flag: 0
78.9,61.6,69.5,-18.8
i2c_nack_flag: 0
78.6,62.2,70.0,-17.7
i2c_nack_flag: 0
79.1,61.3,70.0,-19.8
i2c_nack_flag: 0
79.1,60.8,69.5,-20.8
i2c_nack_flag: 0
79.0,60.9,69.5,-20.8
i2c_nack_flag: 0
79.4,61.7,70.0,-19.8
i2c_nack_flag: 0
78.1,61.0,69.5,-18.8
i2c_nack_flag: 0
78.4,61.8,69.5,-18.8
i2c_nack_flag: 0
78.7,61.5,69.5,-18.8
i2c_nack_flag: 0
80.0,60.9,69.5,-20.8
i2c_nack_flag: 0
79.6,60.5,69.5,-20.8
i2c_nack_flag: 0
79.4,60.7,69.5,-20.8
i2c_nack_flag: 0
79.2,61.6,70.0,-19.8
i2c_nack_flag: 0
79.1,62.2,70.5,-18.8
i2c_nack_flag: 0
78.7,60.9,69.0,-19.8
i2c_nack_flag: 0
80.0,60.5,70.0,-21.8
i2c_nack_flag: 0
79.2,61.9,70.0,-19.8
i2c_nack_flag: 0
78.7,62.4,70.0,-17.7
i2c_nack_flag: 0
78.0,61.4,69.5,-18.8
i2c_nack_flag: 0
78.4,59.2,68.5,-20.8
i2c_nack_flag: 0
79.9,55.5,67.0,-25.6
i2c_nack_flag: 0
99.9,230.1,164.5,69.1
i2c_nack_flag: 0
153.9,256.9,204.5,64.1
i2c_nack_flag: 0
i2c_nack_flag: 1
[0;32mI (14848) initial_operation: Bus is clear. No recovery needed.[0m
[0;31mE (14848) i2c.common: I2C bus id(0) has already been acquired[0m
[0;31mE (14848) i2c.common: acquire bus failed[0m
[0;31mE (14858) i2c.master: i2c_new_master_bus(976): I2C bus acquire failed[0m
[0;31mE (14868) i2c.common: i2c_release_bus_handle(248): Bus not freed entirely[0m
ESP_ERROR_CHECK failed: esp_err_t 0x103 (ESP_ERR_INVALID_STATE) at 0x400db7e1
file: "./main/initial_operation.cpp" line 128
func: void i2c_master_stm_register()
expression: i2c_new_master_bus(&bus_config, _bus_handle)

abort() was called at PC 0x400925fb on core 0


Backtrace: 0x40081c51:0x3ffda410 0x40092605:0x3ffda430 0x40098dad:0x3ffda450 0x400925fb:0x3ffda4c0 0x400db7e1:0x3ffda4f0 0x40130997:0x3ffda550 0x401309df:0x3ffda570 0x400930bd:0x3ffda590




ELF file SHA256: dbcf9b53f

Rebooting...
ets Jul 29 2019 12:21:46

rst:0xc (SW_CPU_RESET),boot:0x33 (SPI_FAST_FLASH_BOOT)
configsip: 0, SPIWP:0xee
clk_drv:0x00,q_drv:0x00,d_drv:0x00,cs0_drv:0x00,hd_drv:0x00,wp_drv:0x00
mode:DIO, clock div:2
load:0x3fff0030,len:6380
ho 0 tail 12 room 4
load:0x40078000,len:15916
load:0x40080400,len:3860
entry 0x40080638
[0;32mI (29) boot: ESP-IDF v5.5 2nd stage bootloader[0m
[0;32mI (29) boot: compile time Aug 31 2025 22:07:17[0m
[0;32mI (29) boot: Multicore bootloader[0m
[0;32mI (30) boot: chip revision: v3.1[0m
[0;32mI (33) boot.esp32: SPI Speed      : 40MHz[0m
[0;32mI (37) boot.esp32: SPI Mode       : DIO[0m
[0;32mI (40) boot.esp32: SPI Flash Size : 2MB[0m
[0;32mI (44) boot: Enabling RNG early entropy source...[0m
[0;32mI (48) boot: Partition Table:[0m
[0;32mI (51) boot: ## Label            Usage          Type ST Offset   Length[0m
[0;32mI (57) boot:  0 nvs              WiFi data        01 02 00009000 00006000[0m
[0;32mI (64) boot:  1 phy_init         RF data          01 01 0000f000 00001000[0m
[0;32mI (70) boot:  2 factory          factory app      00 00 00010000 00100000[0m
[0;32mI (77) boot: End of partition table[0m
[0;32mI (80) esp_image: segment 0: paddr=00010020 vaddr=3f400020 size=2d538h (185656) map[0m
[0;32mI (151) esp_image: segment 1: paddr=0003d560 vaddr=3ff80000 size=00020h (    32) load[0m
[0;32mI (151) esp_image: segment 2: paddr=0003d588 vaddr=3ffbdb60 size=02a90h ( 10896) load[0m
[0;32mI (159) esp_image: segment 3: paddr=00040020 vaddr=400d0020 size=a6b7ch (682876) map[0m
[0;32mI (396) esp_image: segment 4: paddr=000e6ba4 vaddr=3ffc05f0 size=01f54h (  8020) load[0m
[0;32mI (399) esp_image: segment 5: paddr=000e8b00 vaddr=40080000 size=1bb3ch (113468) load[0m
[0;32mI (457) boot: Loaded app from partition at offset 0x10000[0m
[0;32mI (457) boot: Disabling RNG early entropy source...[0m
[0;32mI (468) cpu_start: Multicore app[0m
[0;32mI (476) cpu_start: Pro cpu start user code[0m
[0;32mI (476) cpu_start: cpu freq: 160000000 Hz[0m
[0;32mI (476) app_init: Application information:[0m
[0;32mI (479) app_init: Project name:     esp32[0m
[0;32mI (484) app_init: App version:      5b23221-dirty[0m
[0;32mI (489) app_init: Compile time:     Sep  3 2025 12:04:59[0m
[0;32mI (495) app_init: ELF file SHA256:  dbcf9b53f...[0m
[0;32mI (501) app_init: ESP-IDF:          v5.5[0m
[0;32mI (505) efuse_init: Min chip rev:     v0.0[0m
[0;32mI (510) efuse_init: Max chip rev:     v3.99 [0m
[0;32mI (515) efuse_init: Chip rev:         v3.1[0m
[0;32mI (520) heap_init: Initializing. RAM available for dynamic allocation:[0m
[0;32mI (527) heap_init: At 3FFAFF10 len 000000F0 (0 KiB): DRAM[0m
[0;32mI (533) heap_init: At 3FFB6388 len 00001C78 (7 KiB): DRAM[0m
[0;32mI (539) heap_init: At 3FFB9A20 len 00004108 (16 KiB): DRAM[0m
[0;32mI (545) heap_init: At 3FFCA638 len 000159C8 (86 KiB): DRAM[0m
[0;32mI (551) heap_init: At 3FFE0440 len 00003AE0 (14 KiB): D/IRAM[0m
[0;32mI (558) heap_init: At 3FFE4350 len 0001BCB0 (111 KiB): D/IRAM[0m
[0;32mI (564) heap_init: At 4009BB3C len 000044C4 (17 KiB): IRAM[0m
[0;32mI (572) spi_flash: detected chip: generic[0m
[0;32mI (575) spi_flash: flash io: dio[0m
[0;33mW (579) spi_flash: Detected size(16384k) larger than the size in the binary image header(2048k). Using the size in the binary image header.[0m
[0;32mI (595) coexist: coex firmware version: 831ec70[0m
[0;32mI (598) main_task: Started on CPU0[0m
[0;32mI (608) main_task: Calling app_main()[0m
[0;32mI (618) BTDM_INIT: BT controller compile version [b992c7d][0m
[0;32mI (618) BTDM_INIT: Bluetooth MAC: ec:e3:34:90:d8:ee[0m
[0;32mI (618) phy_init: phy_version 4860,6b7a6e5,Feb  6 2025,14:47:07[0m
[0;32mI (1288) BT_INIT: Bluetooth initialized successfully in dual mode.[0m

   /$$$$$$   /$$$$$$   /$$$$$$   /$$$$$$  /$$$$$$$  /$$$$$$        /$$$$$$   /$$$$$$ 
  /$$__  $$ /$$__  $$ /$$__  $$ /$$__  $$| $$__  $$|_  $$_/       /$$__  $$ /$$__  $$ 
 | $$  \__/| $$  \ $$| $$  \__/| $$  \ $$| $$  \ $$  | $$        | $$  \ $$| $$  \__/ 
 |  $$$$$$ | $$$$$$$$|  $$$$$$ | $$  | $$| $$$$$$$/  | $$        | $$  | $$|  $$$$$$  
  \____  $$| $$__  $$ \____  $$| $$  | $$| $$__  $$  | $$        | $$  | $$ \____  $$ 
  /$$  \ $$| $$  | $$ /$$  \ $$| $$  | $$| $$  \ $$  | $$        | $$  | $$ /$$  \ $$ 
 |  $$$$$$/| $$  | $$|  $$$$$$/|  $$$$$$/| $$  | $$ /$$$$$$      |  $$$$$$/|  $$$$$$/ 
  \______/ |__/  |__/ \______/  \______/ |__/  |__/|______/       \______/  \______/                                                                                    
[0;32mI (1448) initial_operation: Checking I2C bus status before initialization...[0m
[0;32mI (1448) initial_operation: Bus is clear. No recovery needed.[0m
[0;33mW (1458) i2c.master: Please check pull-up resistances whether be connected properly. Otherwise unexpected behavior would happen. For more detailed information, please read docs[0m
[0;31mE (1678) i2c.master: I2C hardware NACK detected[0m
[0;31mE (1678) i2c.master: I2C transaction unexpected nack detected[0m
[0;31mE (1678) i2c.master: s_i2c_synchronous_transaction(945): I2C transaction failed[0m
[0;31mE (1688) i2c.master: i2c_master_multi_buffer_transmit(1214): I2C transaction failed[0m
Failed to detect and initialize sensor0!
[0;32mI (1698) PS3_SPP: ESP_SPP_INIT_EVT[0m
[0;32mI (1718) PS3_L2CAP: [ps3_l2cap_init_service] Service PS3-HIDC Initialized[0m
[0;32mI (1728) PS3_L2CAP: [ps3_l2cap_init_service] Service PS3-HIDI Initialized[0m
[0;32mI (1738) BLE_HANDLER: create_service requested[0m
[0;32mI (1738) BLE_HANDLER: Service created, handle=40[0m
[0;32mI (1738) BLE_HANDLER: start_service ok[0m
[0;32mI (1738) BLE_HANDLER: add_char requested[0m
[0;32mI (1758) BLE_HANDLER: GATT service started[0m
[0;32mI (1758) BLE_HANDLER: BLE advertising started[0m
[0;32mI (1758) BLE_HANDLER: CHAR added: handle=42 (prop=0x0a)[0m
[0;32mI (1738) BleServer: BLE GATT server init done[0m
