ets Jul 29 2019 12:21:46

rst:0x1 (POWERON_RESET),boot:0x33 (SPI_FAST_FLASH_BOOT)
configsip: 0, SPIWP:0xee
clk_drv:0x00,q_drv:0x00,d_drv:0x00,cs0_drv:0x00,hd_drv:0x00,wp_drv:0x00
mode:DIO, clock div:2
load:0x3fff0030,len:7176
load:0x40078000,len:15564
ho 0 tail 12 room 4
load:0x40080400,len:4
load:0x40080404,len:3904
entry 0x40080640
[0;32mI (31) boot: ESP-IDF v5.3.1-dirty 2nd stage bootloader[0m
[0;32mI (31) boot: compile time Aug 16 2025 15:58:15[0m
[0;32mI (31) boot: Multicore bootloader[0m
[0;32mI (36) boot: chip revision: v3.1[0m
[0;32mI (40) boot.esp32: SPI Speed      : 40MHz[0m
[0;32mI (44) boot.esp32: SPI Mode       : DIO[0m
[0;32mI (49) boot.esp32: SPI Flash Size : 2MB[0m
[0;32mI (53) boot: Enabling RNG early entropy source...[0m
[0;32mI (59) boot: Partition Table:[0m
[0;32mI (62) boot: ## Label            Usage          Type ST Offset   Length[0m
[0;32mI (70) boot:  0 nvs              WiFi data        01 02 00009000 00006000[0m
[0;32mI (77) boot:  1 phy_init         RF data          01 01 0000f000 00001000[0m
[0;32mI (85) boot:  2 factory          factory app      00 00 00010000 00100000[0m
[0;32mI (92) boot: End of partition table[0m
[0;32mI (96) esp_image: segment 0: paddr=00010020 vaddr=3f400020 size=0aca4h ( 44196) map[0m
[0;32mI (120) esp_image: segment 1: paddr=0001accc vaddr=3ffb0000 size=02394h (  9108) load[0m
[0;32mI (124) esp_image: segment 2: paddr=0001d068 vaddr=40080000 size=02fb0h ( 12208) load[0m
[0;32mI (131) esp_image: segment 3: paddr=00020020 vaddr=400d0020 size=15fc4h ( 90052) map[0m
[0;32mI (165) esp_image: segment 4: paddr=00035fec vaddr=40082fb0 size=0b044h ( 45124) load[0m
[0;32mI (190) boot: Loaded app from partition at offset 0x10000[0m
[0;32mI (190) boot: Disabling RNG early entropy source...[0m
[0;32mI (202) cpu_start: Multicore app[0m
[0;32mI (210) cpu_start: Pro cpu start user code[0m
[0;32mI (210) cpu_start: cpu freq: 160000000 Hz[0m
[0;32mI (211) app_init: Application information:[0m
[0;32mI (213) app_init: Project name:     esp32[0m
[0;32mI (218) app_init: App version:      4e07b01-dirty[0m
[0;32mI (223) app_init: Compile time:     Aug 16 2025 15:56:18[0m
[0;32mI (229) app_init: ELF file SHA256:  1f0edfa62...[0m
[0;32mI (235) app_init: ESP-IDF:          v5.3.1-dirty[0m
[0;32mI (240) efuse_init: Min chip rev:     v0.0[0m
[0;32mI (245) efuse_init: Max chip rev:     v3.99 [0m
[0;32mI (250) efuse_init: Chip rev:         v3.1[0m
[0;32mI (255) heap_init: Initializing. RAM available for dynamic allocation:[0m
[0;32mI (262) heap_init: At 3FFAE6E0 len 00001920 (6 KiB): DRAM[0m
[0;32mI (268) heap_init: At 3FFB2C78 len 0002D388 (180 KiB): DRAM[0m
[0;32mI (274) heap_init: At 3FFE0440 len 00003AE0 (14 KiB): D/IRAM[0m
[0;32mI (280) heap_init: At 3FFE4350 len 0001BCB0 (111 KiB): D/IRAM[0m
[0;32mI (287) heap_init: At 4008E000 len 00012000 (72 KiB): IRAM[0m
[0;32mI (295) spi_flash: detected chip: generic[0m
[0;32mI (298) spi_flash: flash io: dio[0m
[0;33mW (302) spi_flash: Detected size(16384k) larger than the size in the binary image header(2048k). Using the size in the binary image header.[0m
[0;33mW (315) i2c: This driver is an old driver, please migrate your application code to adapt `driver/i2c_master.h`[0m
[0;32mI (326) main_task: Started on CPU0[0m
[0;32mI (336) main_task: Calling app_main()[0m
begin result: 0x0
[0;33m
>> I2C scanning ...[0m
[0;31m- No I2C devices found![0m

writeBytes result: 0x107
readBytes result: 0x107
trï¿½p?ï¿½?
[0;33m
>> I2C scanning ...[0m
[0;31m- No I2C devices found![0m

writeBytes result: 0x107
readBytes result: 0x107
ï¿½ï¿½ï¿½ï¿½ï¿½ï¿½ï¿½ï¿½ï¿½ï¿½ï¿½ï¿½ï¿½ï¿½ï¿½ï¿½ï¿½Check_STM
[0;33m
>> I2C scanning ...[0m
[0;31m- No I2C devices found![0m

writeBytes result: 0xffffffff
readBytes result: 0x107
ï¿½ï¿½ï¿½ï¿½ï¿½ï¿½ï¿½ï¿½ï¿½ï¿½ï¿½ï¿½ï¿½ï¿½ï¿½ï¿½ï¿½Check_STM
[0;33m
>> I2C scanning ...[0m
[0;33m- Device found at address 0x32[0m

writeBytes result: 0xffffffff
readBytes result: 0x107
ï¿½ï¿½ï¿½ï¿½ï¿½ï¿½ï¿½ï¿½ï¿½ï¿½ï¿½ï¿½ï¿½ï¿½ï¿½ï¿½ï¿½Check_STM
[0;33m
>> I2C scanning ...[0m
[0;31m- No I2C devices found![0m

writeBytes result: 0x107
readBytes result: 0x107
ï¿½ï¿½ï¿½ï¿½ï¿½ï¿½ï¿½ï¿½ï¿½ï¿½ï¿½ï¿½ï¿½ï¿½ï¿½ï¿½ï¿½Check_STM
[0;33m
>> I2C scanning ...[0m
[0;31m- No I2C devices found![0m

writeBytes result: 0x107
readBytes result: 0x107
ï¿½ï¿½ï¿½ï¿½ï¿½ï¿½ï¿½ï¿½ï¿½ï¿½ï¿½ï¿½ï¿½ï¿½ï¿½ï¿½ï¿½Check_STM
[0;33m
>> I2C scanning ...[0m
[0;31m- No I2C devices found![0m

writeBytes result: 0x107
readBytes result: 0x107
ï¿½ï¿½ï¿½ï¿½ï¿½ï¿½ï¿½ï¿½ï¿½ï¿½ï¿½ï¿½ï¿½ï¿½ï¿½ï¿½ï¿½Check_STM
[0;33m
>> I2C scanning ...[0m
[0;31m- No I2C devices found![0m

writeBytes result: 0x107
readBytes result: 0x107
ï¿½ï¿½ï¿½ï¿½ï¿½ï¿½ï¿½ï¿½ï¿½ï¿½ï¿½ï¿½ï¿½ï¿½ï¿½ï¿½ï¿½Check_STM
[0;33m
>> I2C scanning ...[0m
[0;31m- No I2C devices found![0m

writeBytes result: 0x107
readBytes result: 0x107
ï¿½ï¿½ï¿½ï¿½ï¿½ï¿½ï¿½ï¿½ï¿½ï¿½ï¿½ï¿½ï¿½ï¿½ï¿½ï¿½ï¿½Check_STM
[0;33m
>> I2C scanning ...[0m
[0;31m- No I2C devices found![0m

writeBytes result: 0x107
readBytes result: 0x107
ï¿½ï¿½ï¿½ï¿½ï¿½ï¿½ï¿½ï¿½ï¿½ï¿½ï¿½ï¿½ï¿½ï¿½ï¿½ï¿½ï¿½Check_STM
[0;33m
>> I2C scanning ...[0m
[0;31m- No I2C devices found![0m

writeBytes result: 0x107
readBytes result: 0x107
ï¿½ï¿½ï¿½ï¿½ï¿½ï¿½ï¿½ï¿½ï¿½ï¿½ï¿½ï¿½ï¿½ï¿½ï¿½ï¿½ï¿½Check_STM
[0;33m
>> I2C scanning ...[0m
[0;31m- No I2C devices found![0m

writeBytes result: 0x107
readBytes result: 0x107
ï¿½ï¿½ï¿½ï¿½ï¿½ï¿½ï¿½ï¿½ï¿½ï¿½ï¿½ï¿½ï¿½ï¿½ï¿½ï¿½ï¿½Check_STM
[0;33m
>> I2C scanning ...[0m
[0;31m- No I2C devices found![0m

writeBytes result: 0x107
readBytes result: 0x107
ï¿½ï¿½ï¿½ï¿½ï¿½ï¿½ï¿½ï¿½ï¿½ï¿½ï¿½ï¿½ï¿½ï¿½ï¿½ï¿½ï¿½Check_STM
[0;33m
>> I2C scanning ...[0m
[0;31m- No I2C devices found![0m

writeBytes result: 0xffffffff
readBytes result: 0x107
ï¿½ï¿½ï¿½ï¿½ï¿½ï¿½ï¿½ï¿½ï¿½ï¿½ï¿½ï¿½ï¿½ï¿½ï¿½ï¿½ï¿½Check_STM
[0;33m
>> I2C scanning ...[0m
[0;31m- No I2C devices found![0m

writeBytes result: 0xffffffff
readBytes result: 0x107
ï¿½ï¿½ï¿½ï¿½ï¿½ï¿½ï¿½ï¿½ï¿½ï¿½ï¿½ï¿½ï¿½ï¿½ï¿½ï¿½ï¿½Check_STM
[0;33m
>> I2C scanning ...[0m
[0;31m- No I2C devices found![0m

writeBytes result: 0xffffffff
readBytes result: 0x107
ï¿½ï¿½ï¿½ï¿½ï¿½ï¿½ï¿½ï¿½ï¿½ï¿½ï¿½ï¿½ï¿½ï¿½ï¿½ï¿½ï¿½Check_STM
[0;33m
>> I2C scanning ...[0m
[0;31m- No I2C devices found![0m

writeBytes result: 0xffffffff
readBytes result: 0x107
ï¿½ï¿½ï¿½ï¿½ï¿½ï¿½ï¿½ï¿½ï¿½ï¿½ï¿½ï¿½ï¿½ï¿½ï¿½ï¿½ï¿½Check_STM
[0;33m
>> I2C scanning ...[0m
[0;31m- No I2C devices found![0m

writeBytes result: 0xffffffff
readBytes result: 0x107
ï¿½ï¿½ï¿½ï¿½ï¿½ï¿½ï¿½ï¿½ï¿½ï¿½ï¿½ï¿½ï¿½ï¿½ï¿½ï¿½ï¿½Check_STM
[0;33m
>> I2C scanning ...[0m
[0;31m- No I2C devices found![0m

writeBytes result: 0xffffffff
readBytes result: 0x107
ï¿½ï¿½ï¿½ï¿½ï¿½ï¿½ï¿½ï¿½ï¿½ï¿½ï¿½ï¿½ï¿½ï¿½ï¿½ï¿½ï¿½Check_STM
[0;33m
>> I2C scanning ...[0m
[0;33m- Device found at address 0x32[0m

writeBytes result: 0xffffffff
readBytes result: 0x107
ï¿½ï¿½ï¿½ï¿½ï¿½ï¿½ï¿½ï¿½ï¿½ï¿½ï¿½ï¿½ï¿½ï¿½ï¿½ï¿½ï¿½Check_STM
[0;33m
>> I2C scanning ...[0m
[0;31m- No I2C devices found![0m

writeBytes result: 0x107
readBytes result: 0x107
ï¿½ï¿½ï¿½ï¿½ï¿½ï¿½ï¿½ï¿½ï¿½ï¿½ï¿½ï¿½ï¿½ï¿½ï¿½ï¿½ï¿½Check_STM
[0;33m
>> I2C scanning ...[0m
[0;31m- No I2C devices found![0m

writeBytes result: 0x107
readBytes result: 0x107
ï¿½ï¿½ï¿½ï¿½ï¿½ï¿½ï¿½ï¿½ï¿½ï¿½ï¿½ï¿½ï¿½ï¿½ï¿½ï¿½ï¿½Check_STM
[0;33m
>> I2C scanning ...[0m
[0;31m- No I2C devices found![0m

writeBytes result: 0x107
readBytes result: 0x107
ï¿½ï¿½ï¿½ï¿½ï¿½ï¿½ï¿½ï¿½ï¿½ï¿½ï¿½ï¿½ï¿½ï¿½ï¿½ï¿½ï¿½Check_STM
[0;33m
>> I2C scanning ...[0m
[0;31m- No I2C devices found![0m

writeBytes result: 0x107
readBytes result: 0x107
ï¿½ï¿½ï¿½ï¿½ï¿½ï¿½ï¿½ï¿½ï¿½ï¿½ï¿½ï¿½ï¿½ï¿½ï¿½ï¿½ï¿½Check_STM
[0;33m
>> I2C scanning ...[0m
[0;31m- No I2C devices found![0m

writeBytes result: 0x107
readBytes result: 0x107
ï¿½ï¿½ï¿½ï¿½ï¿½ï¿½ï¿½ï¿½ï¿½ï¿½ï¿½ï¿½ï¿½ï¿½ï¿½ï¿½ï¿½Check_STM
[0;33m
>> I2C scanning ...[0m
