Command: C:\Users\takeu\.espressif\python_env\idf5.5_py3.11_env\Scripts\python.exe C:\Users\takeu\esp\v5.5\esp-idf\tools/idf_monitor.py -p COM5 -b 115200 --toolchain-prefix xtensa-esp32-elf- --target esp32 --revision 0 C:\GitHub\Firmware\src\ESP32\build\esp32.elf C:\GitHub\Firmware\src\ESP32\build\bootloader\bootloader.elf --force-color -m 'C:\Users\takeu\.espressif\python_env\idf5.5_py3.11_env\Scripts\python.exe' 'C:\Users\takeu\esp\v5.5\esp-idf\tools\idf.py'
ets Jul 29 2019 12:21:46

rst:0x1 (POWERON_RESET),boot:0x33 (SPI_FAST_FLASH_BOOT)
ï¿½ets Jul 29 2019 12:21:46

rst:0x1 (POWERON_RESET),boot:0x33 (SPI_FAST_FLASH_BOOT)
configsip: 0, SPIWP:0xee
clk_drv:0x00,q_drv:0x00,d_drv:0x00,cs0_drv:0x00,hd_drv:0x00,wp_drv:0x00
mode:DIO, clock div:2
load:0x3fff0030,len:6380
ho 0 tail 12 room 4
load:0x40078000,len:15916
load:0x40080400,len:3860
entry 0x40080638
[0;32mI (29) boot: ESP-IDF v5.5 2nd stage bootloader[0m
[0;32mI (29) boot: compile time Aug 31 2025 22:07:17[0m
[0;32mI (29) boot: Multicore bootloader[0m
[0;32mI (30) boot: chip revision: v3.1[0m
[0;32mI (33) boot.esp32: SPI Speed      : 40MHz[0m
[0;32mI (37) boot.esp32: SPI Mode       : DIO[0m
[0;32mI (40) boot.esp32: SPI Flash Size : 2MB[0m
[0;32mI (44) boot: Enabling RNG early entropy source...[0m
[0;32mI (49) boot: Partition Table:[0m
[0;32mI (51) boot: ## Label            Usage          Type ST Offset   Length[0m
[0;32mI (57) boot:  0 nvs              WiFi data        01 02 00009000 00006000[0m
[0;32mI (64) boot:  1 phy_init         RF data          01 01 0000f000 00001000[0m
[0;32mI (71) boot:  2 factory          factory app      00 00 00010000 00100000[0m
[0;32mI (77) boot: End of partition table[0m
[0;32mI (80) esp_image: segment 0: paddr=00010020 vaddr=3f400020 size=2d4c8h (185544) map[0m
[0;32mI (151) esp_image: segment 1: paddr=0003d4f0 vaddr=3ff80000 size=00020h (    32) load[0m
[0;32mI (152) esp_image: segment 2: paddr=0003d518 vaddr=3ffbdb60 size=02b00h ( 11008) load[0m
[0;32mI (159) esp_image: segment 3: paddr=00040020 vaddr=400d0020 size=a6774h (681844) map[0m
[0;32mI (396) esp_image: segment 4: paddr=000e679c vaddr=3ffc0660 size=01ee4h (  7908) load[0m
[0;32mI (399) esp_image: segment 5: paddr=000e8688 vaddr=40080000 size=1bb3ch (113468) load[0m
[0;32mI (457) boot: Loaded app from partition at offset 0x10000[0m
[0;32mI (457) boot: Disabling RNG early entropy source...[0m
[0;32mI (468) cpu_start: Multicore app[0m
[0;32mI (476) cpu_start: Pro cpu start user code[0m
[0;32mI (476) cpu_start: cpu freq: 160000000 Hz[0m
[0;32mI (476) app_init: Application information:[0m
[0;32mI (479) app_init: Project name:     esp32[0m
[0;32mI (484) app_init: App version:      5b23221-dirty[0m
[0;32mI (489) app_init: Compile time:     Sep  3 2025 12:04:59[0m
[0;32mI (495) app_init: ELF file SHA256:  88d60d769...[0m
[0;32mI (500) app_init: ESP-IDF:          v5.5[0m
[0;32mI (505) efuse_init: Min chip rev:     v0.0[0m
[0;32mI (510) efuse_init: Max chip rev:     v3.99 [0m
[0;32mI (515) efuse_init: Chip rev:         v3.1[0m
[0;32mI (520) heap_init: Initializing. RAM available for dynamic allocation:[0m
[0;32mI (527) heap_init: At 3FFAFF10 len 000000F0 (0 KiB): DRAM[0m
[0;32mI (533) heap_init: At 3FFB6388 len 00001C78 (7 KiB): DRAM[0m
[0;32mI (539) heap_init: At 3FFB9A20 len 00004108 (16 KiB): DRAM[0m
[0;32mI (545) heap_init: At 3FFCA638 len 000159C8 (86 KiB): DRAM[0m
[0;32mI (551) heap_init: At 3FFE0440 len 00003AE0 (14 KiB): D/IRAM[0m
[0;32mI (558) heap_init: At 3FFE4350 len 0001BCB0 (111 KiB): D/IRAM[0m
[0;32mI (564) heap_init: At 4009BB3C len 000044C4 (17 KiB): IRAM[0m
[0;32mI (572) spi_flash: detected chip: generic[0m
[0;32mI (575) spi_flash: flash io: dio[0m
[0;33mW (579) spi_flash: Detected size(16384k) larger than the size in the binary image header(2048k). Using the size in the binary image header.[0m
[0;32mI (595) coexist: coex firmware version: 831ec70[0m
[0;32mI (598) main_task: Started on CPU0[0m
[0;32mI (608) main_task: Calling app_main()[0m
[0;32mI (618) BTDM_INIT: BT controller compile version [b992c7d][0m
[0;32mI (618) BTDM_INIT: Bluetooth MAC: ec:e3:34:90:d8:ee[0m
[0;32mI (618) phy_init: phy_version 4860,6b7a6e5,Feb  6 2025,14:47:07[0m
[0;32mI (1288) BT_INIT: Bluetooth initialized successfully in dual mode.[0m

   /$$$$$$   /$$$$$$   /$$$$$$   /$$$$$$  /$$$$$$$  /$$$$$$        /$$$$$$   /$$$$$$ 
  /$$__  $$ /$$__  $$ /$$__  $$ /$$__  $$| $$__  $$|_  $$_/       /$$__  $$ /$$__  $$ 
 | $$  \__/| $$  \ $$| $$  \__/| $$  \ $$| $$  \ $$  | $$        | $$  \ $$| $$  \__/ 
 |  $$$$$$ | $$$$$$$$|  $$$$$$ | $$  | $$| $$$$$$$/  | $$        | $$  | $$|  $$$$$$  
  \____  $$| $$__  $$ \____  $$| $$  | $$| $$__  $$  | $$        | $$  | $$ \____  $$ 
  /$$  \ $$| $$  | $$ /$$  \ $$| $$  | $$| $$  \ $$  | $$        | $$  | $$ /$$  \ $$ 
 |  $$$$$$/| $$  | $$|  $$$$$$/|  $$$$$$/| $$  | $$ /$$$$$$      |  $$$$$$/|  $$$$$$/ 
  \______/ |__/  |__/ \______/  \______/ |__/  |__/|______/       \______/  \______/                                                                                    
[0;32mI (1448) initial_operation: Checking I2C bus status before initialization...[0m
[0;32mI (1448) initial_operation: Bus is clear. No recovery needed.[0m
[0;33mW (1458) i2c.master: Please check pull-up resistances whether be connected properly. Otherwise unexpected behavior would happen. For more detailed information, please read docs[0m
[0;31mE (1678) i2c.master: I2C transaction unexpected nack detected[0m
[0;31mE (1678) i2c.master: s_i2c_synchronous_transaction(945): I2C transaction failed[0m
[0;31mE (1688) i2c.master: i2c_master_multi_buffer_transmit(1214): I2C transaction failed[0m
[0;31mE (1808) i2c.master: I2C hardware timeout detected[0m
[0;31mE (1808) i2c.master: s_i2c_synchronous_transaction(945): I2C transaction failed[0m
[0;31mE (1808) i2c.master: i2c_master_multi_buffer_transmit(1214): I2C transaction failed[0m
Guru Meditation Error: Core  0 panic'ed (StoreProhibited). Exception was unhandled.

Core  0 register dump:
PC      : 0x4008508c  PS      : 0x00060033  A0      : 0x8008fef8  A1      : 0x3ffbed20  
A2      : 0x3ffd540c  A3      : 0x3ff53000  A4      : 0x00000000  A5      : 0x00000000  
A6      : 0x00000001  A7      : 0x00000000  A8      : 0x00000000  A9      : 0x3ffbed00  
A10     : 0x000000cc  A11     : 0xffffffff  A12     : 0xffff0000  A13     : 0x00060023  
A14     : 0x00000000  A15     : 0x0000cdcd  SAR     : 0x00000020  EXCCAUSE: 0x0000001d  
EXCVADDR: 0x00000000  LBEG    : 0x4000c46c  LEND    : 0x4000c477  LCOUNT  : 0xffffffff  


Backtrace: 0x40085089:0x3ffbed20 0x4008fef5:0x3ffbed50 0x400826f5:0x3ffbed90 0x400839b9:0x3ffbedb0 0x4000bfed:0x3ffbb8c0 0x4009341a:0x3ffbb8d0 0x40171be9:0x3ffbb8f0 0x4017258a:0x3ffbb960 0x40172780:0x3ffbb990 0x4017286e:0x3ffbb9c0 0x401735be:0x3ffbb9f0 0x4013078a:0x3ffbba60 0x40130d82:0x3ffbba90 0x40130335:0x3ffbbab0 0x400db332:0x3ffbbad0 0x40174794:0x3ffbbc50 0x400930bd:0x3ffbbc80




ELF file SHA256: 88d60d769

Rebooting...
ets Jul 29 2019 12:21:46

rst:0xc (SW_CPU_RESET),boot:0x33 (SPI_FAST_FLASH_BOOT)
configsip: 0, SPIWP:0xee
clk_drv:0x00,q_drv:0x00,d_drv:0x00,cs0_drv:0x00,hd_drv:0x00,wp_drv:0x00
mode:DIO, clock div:2
load:0x3fff0030,len:6380
ho 0 tail 12 room 4
load:0x40078000,len:15916
load:0x40080400,len:3860
entry 0x40080638
[0;32mI (29) boot: ESP-IDF v5.5 2nd stage bootloader[0m
[0;32mI (29) boot: compile time Aug 31 2025 22:07:17[0m
[0;32mI (29) boot: Multicore bootloader[0m
[0;32mI (30) boot: chip revision: v3.1[0m
[0;32mI (33) boot.esp32: SPI Speed      : 40MHz[0m
[0;32mI (37) boot.esp32: SPI Mode       : DIO[0m
[0;32mI (40) boot.esp32: SPI Flash Size : 2MB[0m
[0;32mI (44) boot: Enabling RNG early entropy source...[0m
[0;32mI (48) boot: Partition Table:[0m
[0;32mI (51) boot: ## Label            Usage          Type ST Offset   Length[0m
[0;32mI (57) boot:  0 nvs              WiFi data        01 02 00009000 00006000[0m
[0;32mI (64) boot:  1 phy_init         RF data          01 01 0000f000 00001000[0m
[0;32mI (70) boot:  2 factory          factory app      00 00 00010000 00100000[0m
[0;32mI (77) boot: End of partition table[0m
[0;32mI (80) esp_image: segment 0: paddr=00010020 vaddr=3f400020 size=2d4c8h (185544) map[0m
[0;32mI (151) esp_image: segment 1: paddr=0003d4f0 vaddr=3ff80000 size=00020h (    32) load[0m
[0;32mI (151) esp_image: segment 2: paddr=0003d518 vaddr=3ffbdb60 size=02b00h ( 11008) load[0m
[0;32mI (159) esp_image: segment 3: paddr=00040020 vaddr=400d0020 size=a6774h (681844) map[0m
[0;32mI (395) esp_image: segment 4: paddr=000e679c vaddr=3ffc0660 size=01ee4h (  7908) load[0m
[0;32mI (399) esp_image: segment 5: paddr=000e8688 vaddr=40080000 size=1bb3ch (113468) load[0m
[0;32mI (457) boot: Loaded app from partition at offset 0x10000[0m
[0;32mI (457) boot: Disabling RNG early entropy source...[0m
[0;32mI (468) cpu_start: Multicore app[0m
[0;32mI (476) cpu_start: Pro cpu start user code[0m
[0;32mI (476) cpu_start: cpu freq: 160000000 Hz[0m
[0;32mI (476) app_init: Application information:[0m
[0;32mI (479) app_init: Project name:     esp32[0m
[0;32mI (484) app_init: App version:      5b23221-dirty[0m
[0;32mI (489) app_init: Compile time:     Sep  3 2025 12:04:59[0m
[0;32mI (495) app_init: ELF file SHA256:  88d60d769...[0m
[0;32mI (500) app_init: ESP-IDF:          v5.5[0m
[0;32mI (505) efuse_init: Min chip rev:     v0.0[0m
[0;32mI (510) efuse_init: Max chip rev:     v3.99 [0m
[0;32mI (515) efuse_init: Chip rev:         v3.1[0m
[0;32mI (520) heap_init: Initializing. RAM available for dynamic allocation:[0m
[0;32mI (527) heap_init: At 3FFAFF10 len 000000F0 (0 KiB): DRAM[0m
[0;32mI (533) heap_init: At 3FFB6388 len 00001C78 (7 KiB): DRAM[0m
[0;32mI (539) heap_init: At 3FFB9A20 len 00004108 (16 KiB): DRAM[0m
[0;32mI (545) heap_init: At 3FFCA638 len 000159C8 (86 KiB): DRAM[0m
[0;32mI (551) heap_init: At 3FFE0440 len 00003AE0 (14 KiB): D/IRAM[0m
[0;32mI (557) heap_init: At 3FFE4350 len 0001BCB0 (111 KiB): D/IRAM[0m
[0;32mI (564) heap_init: At 4009BB3C len 000044C4 (17 KiB): IRAM[0m
[0;32mI (572) spi_flash: detected chip: generic[0m
[0;32mI (575) spi_flash: flash io: dio[0m
[0;33mW (579) spi_flash: Detected size(16384k) larger than the size in the binary image header(2048k). Using the size in the binary image header.[0m
[0;32mI (595) coexist: coex firmware version: 831ec70[0m
[0;32mI (598) main_task: Started on CPU0[0m
[0;32mI (608) main_task: Calling app_main()[0m
[0;32mI (618) BTDM_INIT: BT controller compile version [b992c7d][0m
[0;32mI (618) BTDM_INIT: Bluetooth MAC: ec:e3:34:90:d8:ee[0m
[0;32mI (618) phy_init: phy_version 4860,6b7a6e5,Feb  6 2025,14:47:07[0m
[0;32mI (1298) BT_INIT: Bluetooth initialized successfully in dual mode.[0m

   /$$$$$$   /$$$$$$   /$$$$$$   /$$$$$$  /$$$$$$$  /$$$$$$        /$$$$$$   /$$$$$$ 
  /$$__  $$ /$$__  $$ /$$__  $$ /$$__  $$| $$__  $$|_  $$_/       /$$__  $$ /$$__  $$ 
 | $$  \__/| $$  \ $$| $$  \__/| $$  \ $$| $$  \ $$  | $$        | $$  \ $$| $$  \__/ 
 |  $$$$$$ | $$$$$$$$|  $$$$$$ | $$  | $$| $$$$$$$/  | $$        | $$  | $$|  $$$$$$  
  \____  $$| $$__  $$ \____  $$| $$  | $$| $$__  $$  | $$        | $$  | $$ \____  $$ 
  /$$  \ $$| $$  | $$ /$$  \ $$| $$  | $$| $$  \ $$  | $$        | $$  | $$ /$$  \ $$ 
 |  $$$$$$/| $$  | $$|  $$$$$$/|  $$$$$$/| $$  | $$ /$$$$$$      |  $$$$$$/|  $$$$$$/ 
  \______/ |__/  |__/ \______/  \______/ |__/  |__/|______/       \______/  \______/                                                                                    
[0;32mI (1468) initial_operation: Checking I2C bus status before initialization...[0m
[0;32mI (1468) initial_operation: Bus is clear. No recovery needed.[0m
[0;33mW (1478) i2c.master: Please check pull-up resistances whether be connected properly. Otherwise unexpected behavior would happen. For more detailed information, please read docs[0m
[0;31mE (1698) i2c.master: I2C hardware NACK detected[0m
[0;31mE (1698) i2c.master: I2C transaction unexpected nack detected[0m
[0;31mE (1698) i2c.master: s_i2c_synchronous_transaction(945): I2C transaction failed[0m
[0;31mE (1708) i2c.master: i2c_master_multi_buffer_transmit(1214): I2C transaction failed[0m
Failed to detect and initialize sensor0!
[0;32mI (1718) PS3_SPP: ESP_SPP_INIT_EVT[0m
[0;32mI (1738) PS3_L2CAP: [ps3_l2cap_init_service] Service PS3-HIDC Initialized[0m
[0;32mI (1748) PS3_L2CAP: [ps3_l2cap_init_service] Service PS3-HIDI Initialized[0m
[0;32mI (1758) BLE_HANDLER: create_service requested[0m
[0;32mI (1758) BLE_HANDLER: Service created, handle=40[0m
[0;32mI (1758) BLE_HANDLER: start_service ok[0m
[0;32mI (1758) BLE_HANDLER: add_char requested[0m
[0;32mI (1778) BLE_HANDLER: GATT service started[0m
[0;32mI (1778) BLE_HANDLER: BLE advertising started[0m
[0;32mI (1778) BLE_HANDLER: CHAR added: handle=42 (prop=0x0a)[0m
[0;32mI (1758) BleServer: BLE GATT server init done[0m
