Command: C:\Users\takeu\.espressif\python_env\idf5.5_py3.11_env\Scripts\python.exe C:\Users\takeu\esp\v5.5\esp-idf\tools/idf_monitor.py -p COM5 -b 115200 --toolchain-prefix xtensa-esp32-elf- --target esp32 --revision 0 C:\GitHub\Firmware\src\ESP32\build\esp32.elf C:\GitHub\Firmware\src\ESP32\build\bootloader\bootloader.elf --force-color -m 'C:\Users\takeu\.espressif\python_env\idf5.5_py3.11_env\Scripts\python.exe' 'C:\Users\takeu\esp\v5.5\esp-idf\tools\idf.py'
ets Jul 29 2019 12:21:46

rst:0x1 (POWERON_RESET),boot:0x33 (SPI_FAST_FLASH_BOOT)
ï¿½ets Jul 29 2019 12:21:46

rst:0x1 (POWERON_RESET),boot:0x33 (SPI_FAST_FLASH_BOOT)
configsip: 0, SPIWP:0xee
clk_drv:0x00,q_drv:0x00,d_drv:0x00,cs0_drv:0x00,hd_drv:0x00,wp_drv:0x00
mode:DIO, clock div:2
load:0x3fff0030,len:6380
ho 0 tail 12 room 4
load:0x40078000,len:15916
load:0x40080400,len:3860
entry 0x40080638
[0;32mI (29) boot: ESP-IDF v5.5 2nd stage bootloader[0m
[0;32mI (29) boot: compile time Aug 31 2025 22:07:17[0m
[0;32mI (29) boot: Multicore bootloader[0m
[0;32mI (30) boot: chip revision: v3.1[0m
[0;32mI (33) boot.esp32: SPI Speed      : 40MHz[0m
[0;32mI (37) boot.esp32: SPI Mode       : DIO[0m
[0;32mI (40) boot.esp32: SPI Flash Size : 2MB[0m
[0;32mI (44) boot: Enabling RNG early entropy source...[0m
[0;32mI (49) boot: Partition Table:[0m
[0;32mI (51) boot: ## Label            Usage          Type ST Offset   Length[0m
[0;32mI (57) boot:  0 nvs              WiFi data        01 02 00009000 00006000[0m
[0;32mI (64) boot:  1 phy_init         RF data          01 01 0000f000 00001000[0m
[0;32mI (71) boot:  2 factory          factory app      00 00 00010000 00100000[0m
[0;32mI (77) boot: End of partition table[0m
[0;32mI (80) esp_image: segment 0: paddr=00010020 vaddr=3f400020 size=2d6b0h (186032) map[0m
[0;32mI (151) esp_image: segment 1: paddr=0003d6d8 vaddr=3ff80000 size=00020h (    32) load[0m
[0;32mI (152) esp_image: segment 2: paddr=0003d700 vaddr=3ffbdb60 size=02918h ( 10520) load[0m
[0;32mI (159) esp_image: segment 3: paddr=00040020 vaddr=400d0020 size=a6cc0h (683200) map[0m
[0;32mI (396) esp_image: segment 4: paddr=000e6ce8 vaddr=3ffc0478 size=020cch (  8396) load[0m
[0;32mI (400) esp_image: segment 5: paddr=000e8dbc vaddr=40080000 size=1bb3ch (113468) load[0m
[0;32mI (458) boot: Loaded app from partition at offset 0x10000[0m
[0;32mI (458) boot: Disabling RNG early entropy source...[0m
[0;32mI (468) cpu_start: Multicore app[0m
[0;32mI (477) cpu_start: Pro cpu start user code[0m
[0;32mI (477) cpu_start: cpu freq: 160000000 Hz[0m
[0;32mI (477) app_init: Application information:[0m
[0;32mI (480) app_init: Project name:     esp32[0m
[0;32mI (484) app_init: App version:      5b23221-dirty[0m
[0;32mI (490) app_init: Compile time:     Sep  3 2025 12:04:59[0m
[0;32mI (496) app_init: ELF file SHA256:  afb58158f...[0m
[0;32mI (501) app_init: ESP-IDF:          v5.5[0m
[0;32mI (506) efuse_init: Min chip rev:     v0.0[0m
[0;32mI (510) efuse_init: Max chip rev:     v3.99 [0m
[0;32mI (515) efuse_init: Chip rev:         v3.1[0m
[0;32mI (520) heap_init: Initializing. RAM available for dynamic allocation:[0m
[0;32mI (528) heap_init: At 3FFAFF10 len 000000F0 (0 KiB): DRAM[0m
[0;32mI (533) heap_init: At 3FFB6388 len 00001C78 (7 KiB): DRAM[0m
[0;32mI (539) heap_init: At 3FFB9A20 len 00004108 (16 KiB): DRAM[0m
[0;32mI (546) heap_init: At 3FFCA638 len 000159C8 (86 KiB): DRAM[0m
[0;32mI (552) heap_init: At 3FFE0440 len 00003AE0 (14 KiB): D/IRAM[0m
[0;32mI (558) heap_init: At 3FFE4350 len 0001BCB0 (111 KiB): D/IRAM[0m
[0;32mI (565) heap_init: At 4009BB3C len 000044C4 (17 KiB): IRAM[0m
[0;32mI (572) spi_flash: detected chip: generic[0m
[0;32mI (575) spi_flash: flash io: dio[0m
[0;33mW (579) spi_flash: Detected size(16384k) larger than the size in the binary image header(2048k). Using the size in the binary image header.[0m
[0;32mI (595) coexist: coex firmware version: 831ec70[0m
[0;32mI (599) main_task: Started on CPU0[0m
[0;32mI (609) main_task: Calling app_main()[0m
[0;32mI (619) BTDM_INIT: BT controller compile version [b992c7d][0m
[0;32mI (619) BTDM_INIT: Bluetooth MAC: ec:e3:34:90:d8:ee[0m
[0;32mI (619) phy_init: phy_version 4860,6b7a6e5,Feb  6 2025,14:47:07[0m
[0;32mI (1279) BT_INIT: Bluetooth initialized successfully in dual mode.[0m

   /$$$$$$   /$$$$$$   /$$$$$$   /$$$$$$  /$$$$$$$  /$$$$$$        /$$$$$$   /$$$$$$ 
  /$$__  $$ /$$__  $$ /$$__  $$ /$$__  $$| $$__  $$|_  $$_/       /$$__  $$ /$$__  $$ 
 | $$  \__/| $$  \ $$| $$  \__/| $$  \ $$| $$  \ $$  | $$        | $$  \ $$| $$  \__/ 
 |  $$$$$$ | $$$$$$$$|  $$$$$$ | $$  | $$| $$$$$$$/  | $$        | $$  | $$|  $$$$$$  
  \____  $$| $$__  $$ \____  $$| $$  | $$| $$__  $$  | $$        | $$  | $$ \____  $$ 
  /$$  \ $$| $$  | $$ /$$  \ $$| $$  | $$| $$  \ $$  | $$        | $$  | $$ /$$  \ $$ 
 |  $$$$$$/| $$  | $$|  $$$$$$/|  $$$$$$/| $$  | $$ /$$$$$$      |  $$$$$$/|  $$$$$$/ 
  \______/ |__/  |__/ \______/  \______/ |__/  |__/|______/       \______/  \______/                                                                                    
[0;32mI (1449) initial_operation: Checking I2C bus status before initialization...[0m
[0;32mI (1449) initial_operation: Bus is clear. No recovery needed.[0m
[0;33mW (1459) i2c.master: Please check pull-up resistances whether be connected properly. Otherwise unexpected behavior would happen. For more detailed information, please read docs[0m
[0;31mE (1679) i2c.master: I2C transaction unexpected nack detected[0m
[0;31mE (1679) i2c.master: s_i2c_synchronous_transaction(945): I2C transaction failed[0m
[0;31mE (1689) i2c.master: i2c_master_multi_buffer_transmit(1214): I2C transaction failed[0m
[0;31mE (1809) i2c.master: I2C transaction unexpected nack detected[0m
[0;31mE (1809) i2c.master: s_i2c_synchronous_transaction(945): I2C transaction failed[0m
[0;31mE (1819) i2c.master: i2c_master_multi_buffer_transmit(1214): I2C transaction failed[0m
setting i2c finished
[0;32mI (1839) PS3_SPP: ESP_SPP_INIT_EVT[0m
[0;32mI (1859) PS3_L2CAP: [ps3_l2cap_init_service] Service PS3-HIDC Initialized[0m
[0;32mI (1869) PS3_L2CAP: [ps3_l2cap_init_service] Service PS3-HIDI Initialized[0m
[0;32mI (1869) BLE_HANDLER: create_service requested[0m
[0;31mE (1889) i2c.master: I2C software timeout[0m
[0;32mI (1889) BLE_HANDLER: Service created, handle=40[0m
[0;31mE (1889) i2c.master: s_i2c_synchronous_transaction(945): I2C transaction failed[0m
[0;32mI (1889) BLE_HANDLER: start_service ok[0m
[0;31mE (1899) i2c.master: i2c_master_receive(1268): I2C transaction failed[0m
[0;32mI (1899) BLE_HANDLER: add_char requested[0m
[0;32mI (1909) BLE_HANDLER: GATT service started[0m
[0;32mI (1919) BLE_HANDLER: BLE advertising started[0m
684.8,461.2,572.5,-77.4
[0;32mI (1929) BLE_HANDLER: CHAR added: handle=42 (prop=0x0a)[0m
i2c_nack_flag: 0
[0;32mI (1869) BleServer: BLE GATT server init done[0m
1086.1,741.5,913.5,-81.8
i2c_nack_flag: 0
1320.0,911.3,1115.5,-83.0
i2c_nack_flag: 0
1449.2,1008.8,1228.5,-83.5
i2c_nack_flag: 0
1520.3,1064.9,1292.0,-83.7
i2c_nack_flag: 0
1562.2,1098.1,1330.0,-83.8
i2c_nack_flag: 0
1584.9,1116.5,1350.0,-83.9
i2c_nack_flag: 0
1596.2,1125.9,1360.5,-83.9
i2c_nack_flag: 0
1599.3,1131.1,1365.0,-83.9
i2c_nack_flag: 0
1600.0,1134.3,1366.5,-83.9
i2c_nack_flag: 0
1600.0,1136.2,1367.5,-83.8
i2c_nack_flag: 0
1596.8,1135.3,1365.5,-83.8
i2c_nack_flag: 0
1595.3,1135.2,1365.0,-83.8
i2c_nack_flag: 0
1595.6,1135.5,1365.0,-83.8
i2c_nack_flag: 0
1594.5,1135.7,1364.5,-83.8
i2c_nack_flag: 0
1590.7,1134.6,1362.0,-83.7
i2c_nack_flag: 0
1588.0,1133.6,1360.5,-83.7
i2c_nack_flag: 0
1575.2,1131.3,1353.0,-83.6
i2c_nack_flag: 0
1564.7,1129.6,1346.5,-83.4
i2c_nack_flag: 0
1005.2,1125.8,1065.0,67.4
i2c_nack_flag: 0
663.9,910.3,786.5,78.6
i2c_nack_flag: 0
446.4,564.2,505.0,67.0
i2c_nack_flag: 0
299.4,350.9,324.5,45.6
i2c_nack_flag: 0
199.3,214.5,206.5,16.7
i2c_nack_flag: 0
136.4,134.7,135.0,-2.3
i2c_nack_flag: 0
116.6,119.6,117.5,3.4
i2c_nack_flag: 0
128.8,124.6,126.0,-4.6
i2c_nack_flag: 0
134.5,122.7,128.0,-13.5
i2c_nack_flag: 0
113.5,83.6,98.0,-31.0
i2c_nack_flag: 0
82.5,58.6,70.0,-25.6
i2c_nack_flag: 0
88.7,84.0,85.5,-5.7
i2c_nack_flag: 0
116.4,127.2,121.5,12.4
i2c_nack_flag: 0
87.0,102.7,94.5,16.7
i2c_nack_flag: 0
87.4,69.2,78.0,-19.8
i2c_nack_flag: 0
104.1,75.1,89.5,-30.1
i2c_nack_flag: 0
96.8,109.9,102.5,14.6
i2c_nack_flag: 0
79.3,75.9,77.0,-4.6
i2c_nack_flag: 0
85.2,86.4,85.5,1.1
i2c_nack_flag: 0
94.3,82.2,88.0,-13.5
i2c_nack_flag: 0
78.2,88.5,83.0,11.3
i2c_nack_flag: 0
1216.9,535.9,875.5,-85.8
i2c_nack_flag: 0
1415.3,795.2,1105.0,-85.4
i2c_nack_flag: 0
1529.6,948.3,1238.5,-85.1
i2c_nack_flag: 0
1610.6,1044.2,1327.0,-85.0
i2c_nack_flag: 0
1369.9,1098.5,1233.5,-79.5
i2c_nack_flag: 0
1500.8,1131.1,1315.5,-82.3
i2c_nack_flag: 0
1588.9,1153.5,1370.5,-83.4
i2c_nack_flag: 0
1128.1,1158.1,1143.0,31.0
i2c_nack_flag: 0
806.5,1169.2,987.5,82.2
i2c_nack_flag: 0
1182.3,1175.5,1178.5,-8.0
i2c_nack_flag: 0
963.4,1169.7,1066.0,76.4
i2c_nack_flag: 0
956.8,1170.6,1063.0,76.8
i2c_nack_flag: 0
1269.3,1143.2,1206.0,-68.4
i2c_nack_flag: 0
803.6,1152.3,977.5,81.8
i2c_nack_flag: 0
865.7,999.4,932.0,69.5
i2c_nack_flag: 0
550.6,1051.2,800.5,84.3
i2c_nack_flag: 0
356.4,752.3,554.0,82.8
i2c_nack_flag: 0
283.0,537.8,410.0,78.9
i2c_nack_flag: 0
216.6,369.1,292.5,71.9
i2c_nack_flag: 0
296.4,476.2,386.0,74.5
i2c_nack_flag: 0
442.2,462.5,452.0,21.8
i2c_nack_flag: 0
516.9,502.7,509.0,-15.6
i2c_nack_flag: 0
370.6,563.6,466.5,75.5
i2c_nack_flag: 0
241.5,387.0,313.5,71.0
i2c_nack_flag: 0
196.1,303.8,249.5,65.0
i2c_nack_flag: 0
164.9,282.7,223.0,67.0
i2c_nack_flag: 0
168.1,267.2,217.5,63.2
i2c_nack_flag: 0
150.1,225.1,187.5,56.3
i2c_nack_flag: 0
132.8,241.5,186.5,65.4
i2c_nack_flag: 0
154.9,205.3,179.5,45.6
i2c_nack_flag: 0
138.5,185.6,161.5,43.2
i2c_nack_flag: 0
123.5,147.7,135.0,25.6
i2c_nack_flag: 0
126.1,127.4,126.5,1.1
i2c_nack_flag: 0
108.9,100.5,104.0,-9.1
i2c_nack_flag: 0
87.3,71.9,79.0,-17.7
i2c_nack_flag: 0
i2c_nack_flag: 1
[0;32mI (9649) initial_operation: Bus is clear. No recovery needed.[0m
I2C bus recovery succeeded.
[0;33mW (9649) i2c.master: Please check pull-up resistances whether be connected properly. Otherwise unexpected behavior would happen. For more detailed information, please read docs[0m
[0;31mE (9759) i2c.master: I2C hardware NACK detected[0m
[0;31mE (9759) i2c.master: I2C transaction unexpected nack detected[0m
[0;31mE (9759) i2c.master: s_i2c_synchronous_transaction(945): I2C transaction failed[0m
[0;31mE (9769) i2c.master: i2c_master_multi_buffer_transmit(1214): I2C transaction failed[0m
Failed to detect and initialize sensor0!
[0;31mE (10449) i2c.master: I2C hardware NACK detected[0m
[0;31mE (10449) i2c.master: I2C transaction unexpected nack detected[0m
[0;31mE (10449) i2c.master: s_i2c_synchronous_transaction(945): I2C transaction failed[0m
[0;31mE (10459) i2c.master: i2c_master_multi_buffer_transmit(1214): I2C transaction failed[0m
[0;31mE (10469) i2c.master: I2C hardware NACK detected[0m
[0;31mE (10469) i2c.master: I2C transaction unexpected nack detected[0m
[0;31mE (10479) i2c.master: s_i2c_synchronous_transaction(945): I2C transaction failed[0m
[0;31mE (10489) i2c.master: i2c_master_multi_buffer_transmit(1214): I2C transaction failed[0m
[0;31mE (10499) VL53L1X: Failed to write reg addr: ESP_ERR_INVALID_STATE[0m
[0;31mE (10499) i2c.master: I2C hardware NACK detected[0m
[0;31mE (10509) i2c.master: I2C transaction unexpected nack detected[0m
[0;31mE (10509) i2c.master: s_i2c_synchronous_transaction(945): I2C transaction failed[0m
[0;31mE (10529) i2c.master: i2c_master_multi_buffer_transmit(1214): I2C transaction failed[0m
[0;31mE (10529) i2c.master: I2C hardware NACK detected[0m
[0;31mE (10539) i2c.master: I2C transaction unexpected nack detected[0m
[0;31mE (10539) i2c.master: s_i2c_synchronous_transaction(945): I2C transaction failed[0m
[0;31mE (10549) i2c.master: i2c_master_multi_buffer_transmit(1214): I2C transaction failed[0m
[0;31mE (10559) VL53L1X: Failed to write reg addr: ESP_ERR_INVALID_STATE[0m
i2c_nack_flag: 1
[0;31mE (10769) i2c.master: Cannot delete I2C bus(0): devices are still attached, please remove all devices and then delete bus[0m
[0;32mI (10769) initial_operation: Bus is clear. No recovery needed.[0m
I2C bus recovery succeeded.
[0;31mE (10779) i2c.common: I2C bus id(0) has already been acquired[0m
[0;31mE (10779) i2c.common: acquire bus failed[0m
[0;31mE (10789) i2c.master: i2c_new_master_bus(976): I2C bus acquire failed[0m
[0;31mE (10799) i2c.common: i2c_release_bus_handle(248): Bus not freed entirely[0m
ESP_ERROR_CHECK failed: esp_err_t 0x103 (ESP_ERR_INVALID_STATE) at 0x400db7f5
file: "./main/initial_operation.cpp" line 128
func: void i2c_master_stm_register()
expression: i2c_new_master_bus(&bus_config, _bus_handle)

abort() was called at PC 0x400925fb on core 0


Backtrace: 0x40081c51:0x3ffd75c0 0x40092605:0x3ffd75e0 0x40098dad:0x3ffd7600 0x400925fb:0x3ffd7670 0x400db7f5:0x3ffd76a0 0x40130a42:0x3ffd7700 0x40130a8f:0x3ffd7720 0x400930bd:0x3ffd7740




ELF file SHA256: afb58158f

Rebooting...
ets Jul 29 2019 12:21:46

rst:0xc (SW_CPU_RESET),boot:0x33 (SPI_FAST_FLASH_BOOT)
configsip: 0, SPIWP:0xee
clk_drv:0x00,q_drv:0x00,d_drv:0x00,cs0_drv:0x00,hd_drv:0x00,wp_drv:0x00
mode:DIO, clock div:2
load:0x3fff0030,len:6380
ho 0 tail 12 room 4
load:0x40078000,len:15916
load:0x40080400,len:3860
entry 0x40080638
[0;32mI (29) boot: ESP-IDF v5.5 2nd stage bootloader[0m
[0;32mI (29) boot: compile time Aug 31 2025 22:07:17[0m
[0;32mI (29) boot: Multicore bootloader[0m
[0;32mI (30) boot: chip revision: v3.1[0m
[0;32mI (33) boot.esp32: SPI Speed      : 40MHz[0m
[0;32mI (37) boot.esp32: SPI Mode       : DIO[0m
[0;32mI (40) boot.esp32: SPI Flash Size : 2MB[0m
[0;32mI (44) boot: Enabling RNG early entropy source...[0m
[0;32mI (48) boot: Partition Table:[0m
[0;32mI (51) boot: ## Label            Usage          Type ST Offset   Length[0m
[0;32mI (57) boot:  0 nvs              WiFi data        01 02 00009000 00006000[0m
[0;32mI (64) boot:  1 phy_init         RF data          01 01 0000f000 00001000[0m
[0;32mI (70) boot:  2 factory          factory app      00 00 00010000 00100000[0m
[0;32mI (77) boot: End of partition table[0m
[0;32mI (80) esp_image: segment 0: paddr=00010020 vaddr=3f400020 size=2d6b0h (186032) map[0m
[0;32mI (151) esp_image: segment 1: paddr=0003d6d8 vaddr=3ff80000 size=00020h (    32) load[0m
[0;32mI (152) esp_image: segment 2: paddr=0003d700 vaddr=3ffbdb60 size=02918h ( 10520) load[0m
[0;32mI (159) esp_image: segment 3: paddr=00040020 vaddr=400d0020 size=a6cc0h (683200) map[0m
[0;32mI (396) esp_image: segment 4: paddr=000e6ce8 vaddr=3ffc0478 size=020cch (  8396) load[0m
[0;32mI (399) esp_image: segment 5: paddr=000e8dbc vaddr=40080000 size=1bb3ch (113468) load[0m
[0;32mI (458) boot: Loaded app from partition at offset 0x10000[0m
[0;32mI (458) boot: Disabling RNG early entropy source...[0m
[0;32mI (468) cpu_start: Multicore app[0m
[0;32mI (477) cpu_start: Pro cpu start user code[0m
[0;32mI (477) cpu_start: cpu freq: 160000000 Hz[0m
[0;32mI (477) app_init: Application information:[0m
[0;32mI (480) app_init: Project name:     esp32[0m
[0;32mI (484) app_init: App version:      5b23221-dirty[0m
[0;32mI (490) app_init: Compile time:     Sep  3 2025 12:04:59[0m
[0;32mI (496) app_init: ELF file SHA256:  afb58158f...[0m
[0;32mI (501) app_init: ESP-IDF:          v5.5[0m
[0;32mI (506) efuse_init: Min chip rev:     v0.0[0m
[0;32mI (510) efuse_init: Max chip rev:     v3.99 [0m
[0;32mI (515) efuse_init: Chip rev:         v3.1[0m
[0;32mI (520) heap_init: Initializing. RAM available for dynamic allocation:[0m
[0;32mI (527) heap_init: At 3FFAFF10 len 000000F0 (0 KiB): DRAM[0m
[0;32mI (533) heap_init: At 3FFB6388 len 00001C78 (7 KiB): DRAM[0m
[0;32mI (539) heap_init: At 3FFB9A20 len 00004108 (16 KiB): DRAM[0m
[0;32mI (546) heap_init: At 3FFCA638 len 000159C8 (86 KiB): DRAM[0m
[0;32mI (552) heap_init: At 3FFE0440 len 00003AE0 (14 KiB): D/IRAM[0m
[0;32mI (558) heap_init: At 3FFE4350 len 0001BCB0 (111 KiB): D/IRAM[0m
[0;32mI (565) heap_init: At 4009BB3C len 000044C4 (17 KiB): IRAM[0m
[0;32mI (572) spi_flash: detected chip: generic[0m
[0;32mI (575) spi_flash: flash io: dio[0m
[0;33mW (579) spi_flash: Detected size(16384k) larger than the size in the binary image header(2048k). Using the size in the binary image header.[0m
[0;32mI (595) coexist: coex firmware version: 831ec70[0m
[0;32mI (598) main_task: Started on CPU0[0m
[0;32mI (608) main_task: Calling app_main()[0m
[0;32mI (618) BTDM_INIT: BT controller compile version [b992c7d][0m
[0;32mI (618) BTDM_INIT: Bluetooth MAC: ec:e3:34:90:d8:ee[0m
[0;32mI (618) phy_init: phy_version 4860,6b7a6e5,Feb  6 2025,14:47:07[0m
[0;32mI (1288) BT_INIT: Bluetooth initialized successfully in dual mode.[0m

   /$$$$$$   /$$$$$$   /$$$$$$   /$$$$$$  /$$$$$$$  /$$$$$$        /$$$$$$   /$$$$$$ 
  /$$__  $$ /$$__  $$ /$$__  $$ /$$__  $$| $$__  $$|_  $$_/       /$$__  $$ /$$__  $$ 
 | $$  \__/| $$  \ $$| $$  \__/| $$  \ $$| $$  \ $$  | $$        | $$  \ $$| $$  \__/ 
 |  $$$$$$ | $$$$$$$$|  $$$$$$ | $$  | $$| $$$$$$$/  | $$        | $$  | $$|  $$$$$$  
  \____  $$| $$__  $$ \____  $$| $$  | $$| $$__  $$  | $$        | $$  | $$ \____  $$ 
  /$$  \ $$| $$  | $$ /$$  \ $$| $$  | $$| $$  \ $$  | $$        | $$  | $$ /$$  \ $$ 
 |  $$$$$$/| $$  | $$|  $$$$$$/|  $$$$$$/| $$  | $$ /$$$$$$      |  $$$$$$/|  $$$$$$/ 
  \______/ |__/  |__/ \______/  \______/ |__/  |__/|______/       \______/  \______/                                                                                    
[0;32mI (1458) initial_operation: Checking I2C bus status before initialization...[0m
[0;32mI (1458) initial_operation: Bus is clear. No recovery needed.[0m
[0;33mW (1468) i2c.master: Please check pull-up resistances whether be connected properly. Otherwise unexpected behavior would happen. For more detailed information, please read docs[0m
[0;31mE (1688) i2c.master: I2C transaction unexpected nack detected[0m
[0;31mE (1688) i2c.master: s_i2c_synchronous_transaction(945): I2C transaction failed[0m
[0;31mE (1698) i2c.master: i2c_master_multi_buffer_transmit(1214): I2C transaction failed[0m
[0;31mE (1818) i2c.master: I2C transaction unexpected nack detected[0m
[0;31mE (1818) i2c.master: s_i2c_synchronous_transaction(945): I2C transaction failed[0m
[0;31mE (1828) i2c.master: i2c_master_multi_buffer_transmit(1214): I2C transaction failed[0m
setting i2c finished
[0;32mI (1848) PS3_SPP: ESP_SPP_INIT_EVT[0m
[0;32mI (1868) PS3_L2CAP: [ps3_l2cap_init_service] Service PS3-HIDC Initialized[0m
[0;32mI (1878) PS3_L2CAP: [ps3_l2cap_init_service] Service PS3-HIDI Initialized[0m
[0;32mI (1878) BLE_HANDLER: create_service requested[0m
[0;32mI (1898) BLE_HANDLER: Service created, handle=40[0m
[0;32mI (1898) BLE_HANDLER: start_service ok[0m
[0;32mI (1898) BLE_HANDLER: add_char requested[0m
[0;31mE (1908) i2c.master: I2C software timeout[0m
[0;32mI (1908) BLE_HANDLER: GATT service started[0m
[0;31mE (1908) i2c.master: s_i2c_synchronous_transaction(945): I2C transaction failed[0m
[0;32mI (1908) BLE_HANDLER: BLE advertising started[0m
[0;31mE (1928) i2c.master: i2c_master_multi_buffer_transmit(1214): I2C transaction failed[0m
[0;32mI (1928) BLE_HANDLER: CHAR added: handle=42 (prop=0x0a)[0m
[0;32mI (1878) BleServer: BLE GATT server init done[0m
36.4,3.6,19.5,-33.4
i2c_nack_flag: 0
61.4,16.6,38.5,-42.0
i2c_nack_flag: 0
76.1,23.9,49.5,-46.7
i2c_nack_flag: 0
85.6,27.6,56.0,-49.2
i2c_nack_flag: 0
90.6,30.1,60.0,-50.2
i2c_nack_flag: 0
94.3,31.7,62.5,-51.6
i2c_nack_flag: 0
96.2,34.6,65.0,-51.1
i2c_nack_flag: 0
97.7,36.0,66.0,-51.1
i2c_nack_flag: 0
