Command: C:\Users\takeu\.espressif\python_env\idf5.5_py3.11_env\Scripts\python.exe C:\Users\takeu\esp\v5.5\esp-idf\tools/idf_monitor.py -p COM5 -b 115200 --toolchain-prefix xtensa-esp32-elf- --target esp32 --revision 0 C:\GitHub\Firmware\src\ESP32\build\esp32.elf C:\GitHub\Firmware\src\ESP32\build\bootloader\bootloader.elf --force-color -m 'C:\Users\takeu\.espressif\python_env\idf5.5_py3.11_env\Scripts\python.exe' 'C:\Users\takeu\esp\v5.5\esp-idf\tools\idf.py'
ets Jul 29 2019 12:21:46

rst:0x1 (POWERON_RESET),boot:0x33 (SPI_FAST_FLASH_BOOT)
ï¿½ets Jul 29 2019 12:21:46

rst:0x1 (POWERON_RESET),boot:0x33 (SPI_FAST_FLASH_BOOT)
configsip: 0, SPIWP:0xee
clk_drv:0x00,q_drv:0x00,d_drv:0x00,cs0_drv:0x00,hd_drv:0x00,wp_drv:0x00
mode:DIO, clock div:2
load:0x3fff0030,len:6380
ho 0 tail 12 room 4
load:0x40078000,len:15916
load:0x40080400,len:3860
entry 0x40080638
[0;32mI (29) boot: ESP-IDF v5.5 2nd stage bootloader[0m
[0;32mI (29) boot: compile time Aug 31 2025 22:07:17[0m
[0;32mI (29) boot: Multicore bootloader[0m
[0;32mI (30) boot: chip revision: v3.1[0m
[0;32mI (33) boot.esp32: SPI Speed      : 40MHz[0m
[0;32mI (37) boot.esp32: SPI Mode       : DIO[0m
[0;32mI (40) boot.esp32: SPI Flash Size : 2MB[0m
[0;32mI (44) boot: Enabling RNG early entropy source...[0m
[0;32mI (49) boot: Partition Table:[0m
[0;32mI (51) boot: ## Label            Usage          Type ST Offset   Length[0m
[0;32mI (57) boot:  0 nvs              WiFi data        01 02 00009000 00006000[0m
[0;32mI (64) boot:  1 phy_init         RF data          01 01 0000f000 00001000[0m
[0;32mI (71) boot:  2 factory          factory app      00 00 00010000 00100000[0m
[0;32mI (77) boot: End of partition table[0m
[0;32mI (80) esp_image: segment 0: paddr=00010020 vaddr=3f400020 size=2d498h (185496) map[0m
[0;32mI (151) esp_image: segment 1: paddr=0003d4c0 vaddr=3ff80000 size=00020h (    32) load[0m
[0;32mI (151) esp_image: segment 2: paddr=0003d4e8 vaddr=3ffbdb60 size=02b30h ( 11056) load[0m
[0;32mI (159) esp_image: segment 3: paddr=00040020 vaddr=400d0020 size=a5e60h (679520) map[0m
[0;32mI (395) esp_image: segment 4: paddr=000e5e88 vaddr=3ffc0690 size=01eb4h (  7860) load[0m
[0;32mI (398) esp_image: segment 5: paddr=000e7d44 vaddr=40080000 size=1bb3ch (113468) load[0m
[0;32mI (456) boot: Loaded app from partition at offset 0x10000[0m
[0;32mI (456) boot: Disabling RNG early entropy source...[0m
[0;32mI (467) cpu_start: Multicore app[0m
[0;32mI (475) cpu_start: Pro cpu start user code[0m
[0;32mI (475) cpu_start: cpu freq: 160000000 Hz[0m
[0;32mI (475) app_init: Application information:[0m
[0;32mI (478) app_init: Project name:     esp32[0m
[0;32mI (483) app_init: App version:      5b23221-dirty[0m
[0;32mI (488) app_init: Compile time:     Sep  3 2025 12:04:59[0m
[0;32mI (494) app_init: ELF file SHA256:  9666dd13d...[0m
[0;32mI (500) app_init: ESP-IDF:          v5.5[0m
[0;32mI (504) efuse_init: Min chip rev:     v0.0[0m
[0;32mI (509) efuse_init: Max chip rev:     v3.99 [0m
[0;32mI (514) efuse_init: Chip rev:         v3.1[0m
[0;32mI (519) heap_init: Initializing. RAM available for dynamic allocation:[0m
[0;32mI (526) heap_init: At 3FFAFF10 len 000000F0 (0 KiB): DRAM[0m
[0;32mI (532) heap_init: At 3FFB6388 len 00001C78 (7 KiB): DRAM[0m
[0;32mI (538) heap_init: At 3FFB9A20 len 00004108 (16 KiB): DRAM[0m
[0;32mI (544) heap_init: At 3FFCA5F0 len 00015A10 (86 KiB): DRAM[0m
[0;32mI (550) heap_init: At 3FFE0440 len 00003AE0 (14 KiB): D/IRAM[0m
[0;32mI (557) heap_init: At 3FFE4350 len 0001BCB0 (111 KiB): D/IRAM[0m
[0;32mI (563) heap_init: At 4009BB3C len 000044C4 (17 KiB): IRAM[0m
[0;32mI (571) spi_flash: detected chip: generic[0m
[0;32mI (574) spi_flash: flash io: dio[0m
[0;33mW (578) spi_flash: Detected size(16384k) larger than the size in the binary image header(2048k). Using the size in the binary image header.[0m
[0;32mI (594) coexist: coex firmware version: 831ec70[0m
[0;32mI (597) main_task: Started on CPU0[0m
[0;32mI (607) main_task: Calling app_main()[0m
[0;32mI (617) BTDM_INIT: BT controller compile version [b992c7d][0m
[0;32mI (617) BTDM_INIT: Bluetooth MAC: ec:e3:34:90:d8:ee[0m
[0;32mI (617) phy_init: phy_version 4860,6b7a6e5,Feb  6 2025,14:47:07[0m
[0;32mI (1297) BT_INIT: Bluetooth initialized successfully in dual mode.[0m

   /$$$$$$   /$$$$$$   /$$$$$$   /$$$$$$  /$$$$$$$  /$$$$$$        /$$$$$$   /$$$$$$ 
  /$$__  $$ /$$__  $$ /$$__  $$ /$$__  $$| $$__  $$|_  $$_/       /$$__  $$ /$$__  $$ 
 | $$  \__/| $$  \ $$| $$  \__/| $$  \ $$| $$  \ $$  | $$        | $$  \ $$| $$  \__/ 
 |  $$$$$$ | $$$$$$$$|  $$$$$$ | $$  | $$| $$$$$$$/  | $$        | $$  | $$|  $$$$$$  
  \____  $$| $$__  $$ \____  $$| $$  | $$| $$__  $$  | $$        | $$  | $$ \____  $$ 
  /$$  \ $$| $$  | $$ /$$  \ $$| $$  | $$| $$  \ $$  | $$        | $$  | $$ /$$  \ $$ 
 |  $$$$$$/| $$  | $$|  $$$$$$/|  $$$$$$/| $$  | $$ /$$$$$$      |  $$$$$$/|  $$$$$$/ 
  \______/ |__/  |__/ \______/  \______/ |__/  |__/|______/       \______/  \______/                                                                                    
[0;32mI (1467) initial_operation: Checking I2C bus status before initialization...[0m
[0;32mI (1467) initial_operation: Bus is clear. No recovery needed.[0m
[0;33mW (1477) i2c.master: Please check pull-up resistances whether be connected properly. Otherwise unexpected behavior would happen. For more detailed information, please read docs[0m
[0;31mE (1697) i2c.master: I2C transaction unexpected nack detected[0m
[0;31mE (1697) i2c.master: s_i2c_synchronous_transaction(945): I2C transaction failed[0m
[0;31mE (1707) i2c.master: i2c_master_multi_buffer_transmit(1214): I2C transaction failed[0m
[0;31mE (1827) i2c.master: I2C transaction unexpected nack detected[0m
[0;31mE (1827) i2c.master: s_i2c_synchronous_transaction(945): I2C transaction failed[0m
[0;31mE (1837) i2c.master: i2c_master_multi_buffer_transmit(1214): I2C transaction failed[0m
setting i2c finished
[0;32mI (1857) PS3_SPP: ESP_SPP_INIT_EVT[0m
[0;32mI (1877) PS3_L2CAP: [ps3_l2cap_init_service] Service PS3-HIDC Initialized[0m
[0;32mI (1877) PS3_L2CAP: [ps3_l2cap_init_service] Service PS3-HIDI Initialized[0m
[0;32mI (1887) BLE_HANDLER: create_service requested[0m
[0;32mI (1897) BLE_HANDLER: Service created, handle=40[0m
[0;32mI (1897) BLE_HANDLER: start_service ok[0m
[0;32mI (1897) BLE_HANDLER: add_char requested[0m
[0;32mI (1907) BLE_HANDLER: GATT service started[0m
[0;32mI (1907) BLE_HANDLER: BLE advertising started[0m
[0;32mI (1907) BLE_HANDLER: CHAR added: handle=42 (prop=0x0a)[0m
[0;32mI (1897) BleServer: BLE GATT server init done[0m
[0;31mE (2717) i2c.master: I2C software timeout[0m
[0;31mE (2717) i2c.master: s_i2c_synchronous_transaction(945): I2C transaction failed[0m
[0;31mE (2717) i2
***ERROR*** A stack overflow in task Lidar Task has been detected.


Backtrace: 0x40081c51:0x3ffd53e0 0x40092605:0x3ffd5400 0x40093466:0x3ffd5420 0x400947ab:0x3ffd54a0 0x40093570:0x3ffd54c0 0x40093522:0x3ffd57e0 0x40163a09:0x3ffd5900 0x4015bdc9:0x3ffd5c20 0x40098bfb:0x3ffd5c50 0x40172b21:0x3ffd5cb0 0x40172bd6:0x3ffd5de0 0x40130452:0x3ffd5e20 0x4013078a:0x3ffd5e50 0x4013015e:0x3ffd5e70 0x401302f9:0x3ffd5ee0 0x400930bd:0x3ffd5f00




ELF file SHA256: 9666dd13d

Rebooting...
ets Jul 29 2019 12:21:46

rst:0xc (SW_CPU_RESET),boot:0x33 (SPI_FAST_FLASH_BOOT)
configsip: 0, SPIWP:0xee
clk_drv:0x00,q_drv:0x00,d_drv:0x00,cs0_drv:0x00,hd_drv:0x00,wp_drv:0x00
mode:DIO, clock div:2
load:0x3fff0030,len:6380
ho 0 tail 12 room 4
load:0x40078000,len:15916
load:0x40080400,len:3860
entry 0x40080638
[0;32mI (29) boot: ESP-IDF v5.5 2nd stage bootloader[0m
[0;32mI (29) boot: compile time Aug 31 2025 22:07:17[0m
[0;32mI (29) boot: Multicore bootloader[0m
[0;32mI (30) boot: chip revision: v3.1[0m
[0;32mI (33) boot.esp32: SPI Speed      : 40MHz[0m
[0;32mI (37) boot.esp32: SPI Mode       : DIO[0m
[0;32mI (40) boot.esp32: SPI Flash Size : 2MB[0m
[0;32mI (44) boot: Enabling RNG early entropy source...[0m
[0;32mI (48) boot: Partition Table:[0m
[0;32mI (51) boot: ## Label            Usage          Type ST Offset   Length[0m
[0;32mI (57) boot:  0 nvs              WiFi data        01 02 00009000 00006000[0m
[0;32mI (64) boot:  1 phy_init         RF data          01 01 0000f000 00001000[0m
[0;32mI (70) boot:  2 factory          factory app      00 00 00010000 00100000[0m
[0;32mI (77) boot: End of partition table[0m
[0;32mI (80) esp_image: segment 0: paddr=00010020 vaddr=3f400020 size=2d498h (185496) map[0m
[0;32mI (151) esp_image: segment 1: paddr=0003d4c0 vaddr=3ff80000 size=00020h (    32) load[0m
[0;32mI (151) esp_image: segment 2: paddr=0003d4e8 vaddr=3ffbdb60 size=02b30h ( 11056) load[0m
[0;32mI (159) esp_image: segment 3: paddr=00040020 vaddr=400d0020 size=a5e60h (679520) map[0m
[0;32mI (395) esp_image: segment 4: paddr=000e5e88 vaddr=3ffc0690 size=01eb4h (  7860) load[0m
[0;32mI (398) esp_image: segment 5: paddr=000e7d44 vaddr=40080000 size=1bb3ch (113468) load[0m
[0;32mI (456) boot: Loaded app from partition at offset 0x10000[0m
[0;32mI (456) boot: Disabling RNG early entropy source...[0m
[0;32mI (467) cpu_start: Multicore app[0m
[0;32mI (475) cpu_start: Pro cpu start user code[0m
[0;32mI (475) cpu_start: cpu freq: 160000000 Hz[0m
[0;32mI (475) app_init: Application information:[0m
[0;32mI (478) app_init: Project name:     esp32[0m
[0;32mI (483) app_init: App version:      5b23221-dirty[0m
[0;32mI (488) app_init: Compile time:     Sep  3 2025 12:04:59[0m
[0;32mI (494) app_init: ELF file SHA256:  9666dd13d...[0m
[0;32mI (500) app_init: ESP-IDF:          v5.5[0m
[0;32mI (504) efuse_init: Min chip rev:     v0.0[0m
[0;32mI (509) efuse_init: Max chip rev:     v3.99 [0m
[0;32mI (514) efuse_init: Chip rev:         v3.1[0m
[0;32mI (519) heap_init: Initializing. RAM available for dynamic allocation:[0m
[0;32mI (526) heap_init: At 3FFAFF10 len 000000F0 (0 KiB): DRAM[0m
[0;32mI (532) heap_init: At 3FFB6388 len 00001C78 (7 KiB): DRAM[0m
[0;32mI (538) heap_init: At 3FFB9A20 len 00004108 (16 KiB): DRAM[0m
[0;32mI (544) heap_init: At 3FFCA5F0 len 00015A10 (86 KiB): DRAM[0m
[0;32mI (550) heap_init: At 3FFE0440 len 00003AE0 (14 KiB): D/IRAM[0m
[0;32mI (557) heap_init: At 3FFE4350 len 0001BCB0 (111 KiB): D/IRAM[0m
[0;32mI (563) heap_init: At 4009BB3C len 000044C4 (17 KiB): IRAM[0m
[0;32mI (571) spi_flash: detected chip: generic[0m
[0;32mI (574) spi_flash: flash io: dio[0m
[0;33mW (578) spi_flash: Detected size(16384k) larger than the size in the binary image header(2048k). Using the size in the binary image header.[0m
[0;32mI (594) coexist: coex firmware version: 831ec70[0m
[0;32mI (597) main_task: Started on CPU0[0m
[0;32mI (607) main_task: Calling app_main()[0m
[0;32mI (617) BTDM_INIT: BT controller compile version [b992c7d][0m
[0;32mI (617) BTDM_INIT: Bluetooth MAC: ec:e3:34:90:d8:ee[0m
[0;32mI (617) phy_init: phy_version 4860,6b7a6e5,Feb  6 2025,14:47:07[0m
[0;32mI (1277) BT_INIT: Bluetooth initialized successfully in dual mode.[0m

   /$$$$$$   /$$$$$$   /$$$$$$   /$$$$$$  /$$$$$$$  /$$$$$$        /$$$$$$   /$$$$$$ 
  /$$__  $$ /$$__  $$ /$$__  $$ /$$__  $$| $$__  $$|_  $$_/       /$$__  $$ /$$__  $$ 
 | $$  \__/| $$  \ $$| $$  \__/| $$  \ $$| $$  \ $$  | $$        | $$  \ $$| $$  \__/ 
 |  $$$$$$ | $$$$$$$$|  $$$$$$ | $$  | $$| $$$$$$$/  | $$        | $$  | $$|  $$$$$$  
  \____  $$| $$__  $$ \____  $$| $$  | $$| $$__  $$  | $$        | $$  | $$ \____  $$ 
  /$$  \ $$| $$  | $$ /$$  \ $$| $$  | $$| $$  \ $$  | $$        | $$  | $$ /$$  \ $$ 
 |  $$$$$$/| $$  | $$|  $$$$$$/|  $$$$$$/| $$  | $$ /$$$$$$      |  $$$$$$/|  $$$$$$/ 
  \______/ |__/  |__/ \______/  \______/ |__/  |__/|______/       \______/  \______/                                                                                    
[0;32mI (1447) initial_operation: Checking I2C bus status before initialization...[0m
[0;33mW (1447) initial_operation: SDA line is stuck low. Starting recovery sequence...[0m
[0;32mI (1457) initial_operation: Slave released SDA line after 1 clock pulses.[0m
[0;32mI (1467) initial_operation: STOP condition sent. Bus should be reset.[0m
[0;33mW (1477) i2c.master: Please check pull-up resistances whether be connected properly. Otherwise unexpected behavior would happen. For more detailed information, please read docs[0m
[0;31mE (1687) i2c.master: I2C hardware NACK detected[0m
[0;31mE (1687) i2c.master: I2C transaction unexpected nack detected[0m
[0;31mE (1687) i2c.master: s_i2c_synchronous_transaction(945): I2C transaction failed[0m
[0;31mE (1697) i2c.master: i2c_master_multi_buffer_transmit(1214): I2C transaction failed[0m
Failed to detect and initialize sensor0!
[0;32mI (1707) PS3_SPP: ESP_SPP_INIT_EVT[0m
[0;32mI (1727) PS3_L2CAP: [ps3_l2cap_init_service] Service PS3-HIDC Initialized[0m
[0;32mI (1727) PS3_L2CAP: [ps3_l2cap_init_service] Service PS3-HIDI Initialized[0m
[0;32mI (1747) BLE_HANDLER: create_service requested[0m
[0;32mI (1747) BLE_HANDLER: Service created, handle=40[0m
[0;32mI (1747) BLE_HANDLER: start_service ok[0m
[0;32mI (1747) BLE_HANDLER: add_char requested[0m
[0;32mI (1757) BLE_HANDLER: GATT service started[0m
[0;32mI (1757) BLE_HANDLER: BLE advertising started[0m
[0;32mI (1767) BLE_HANDLER: CHAR added: handle=42 (prop=0x0a)[0m
[0;32mI (1747) BleServer: BLE GATT server init done[0m
