Command: C:\Users\takeu\.espressif\python_env\idf5.5_py3.11_env\Scripts\python.exe C:\Users\takeu\esp\v5.5\esp-idf\tools/idf_monitor.py -p COM5 -b 115200 --toolchain-prefix xtensa-esp32-elf- --target esp32 --revision 0 C:\GitHub\Firmware\src\ESP32\build\esp32.elf C:\GitHub\Firmware\src\ESP32\build\bootloader\bootloader.elf --force-color -m 'C:\Users\takeu\.espressif\python_env\idf5.5_py3.11_env\Scripts\python.exe' 'C:\Users\takeu\esp\v5.5\esp-idf\tools\idf.py'
ets Jul 29 2019 12:21:46

rst:0x1 (POWERON_RESET),boot:0x33 (SPI_FAST_FLASH_BOOT)
ï¿½ets Jul 29 2019 12:21:46

rst:0x1 (POWERON_RESET),boot:0x33 (SPI_FAST_FLASH_BOOT)
configsip: 0, SPIWP:0xee
clk_drv:0x00,q_drv:0x00,d_drv:0x00,cs0_drv:0x00,hd_drv:0x00,wp_drv:0x00
mode:DIO, clock div:2
load:0x3fff0030,len:6380
ho 0 tail 12 room 4
load:0x40078000,len:15916
load:0x40080400,len:3860
entry 0x40080638
[0;32mI (29) boot: ESP-IDF v5.5 2nd stage bootloader[0m
[0;32mI (29) boot: compile time Aug 31 2025 22:07:17[0m
[0;32mI (29) boot: Multicore bootloader[0m
[0;32mI (30) boot: chip revision: v3.1[0m
[0;32mI (33) boot.esp32: SPI Speed      : 40MHz[0m
[0;32mI (37) boot.esp32: SPI Mode       : DIO[0m
[0;32mI (40) boot.esp32: SPI Flash Size : 2MB[0m
[0;32mI (44) boot: Enabling RNG early entropy source...[0m
[0;32mI (49) boot: Partition Table:[0m
[0;32mI (51) boot: ## Label            Usage          Type ST Offset   Length[0m
[0;32mI (57) boot:  0 nvs              WiFi data        01 02 00009000 00006000[0m
[0;32mI (64) boot:  1 phy_init         RF data          01 01 0000f000 00001000[0m
[0;32mI (71) boot:  2 factory          factory app      00 00 00010000 00100000[0m
[0;32mI (77) boot: End of partition table[0m
[0;32mI (80) esp_image: segment 0: paddr=00010020 vaddr=3f400020 size=2d4c8h (185544) map[0m
[0;32mI (151) esp_image: segment 1: paddr=0003d4f0 vaddr=3ff80000 size=00020h (    32) load[0m
[0;32mI (152) esp_image: segment 2: paddr=0003d518 vaddr=3ffbdb60 size=02b00h ( 11008) load[0m
[0;32mI (159) esp_image: segment 3: paddr=00040020 vaddr=400d0020 size=a6d44h (683332) map[0m
[0;32mI (396) esp_image: segment 4: paddr=000e6d6c vaddr=3ffc0660 size=01ee4h (  7908) load[0m
[0;32mI (399) esp_image: segment 5: paddr=000e8c58 vaddr=40080000 size=1bb3ch (113468) load[0m
[0;32mI (458) boot: Loaded app from partition at offset 0x10000[0m
[0;32mI (458) boot: Disabling RNG early entropy source...[0m
[0;32mI (468) cpu_start: Multicore app[0m
[0;32mI (477) cpu_start: Pro cpu start user code[0m
[0;32mI (477) cpu_start: cpu freq: 160000000 Hz[0m
[0;32mI (477) app_init: Application information:[0m
[0;32mI (480) app_init: Project name:     esp32[0m
[0;32mI (484) app_init: App version:      5b23221-dirty[0m
[0;32mI (490) app_init: Compile time:     Sep  3 2025 12:04:59[0m
[0;32mI (496) app_init: ELF file SHA256:  a2a2490f5...[0m
[0;32mI (501) app_init: ESP-IDF:          v5.5[0m
[0;32mI (506) efuse_init: Min chip rev:     v0.0[0m
[0;32mI (510) efuse_init: Max chip rev:     v3.99 [0m
[0;32mI (515) efuse_init: Chip rev:         v3.1[0m
[0;32mI (520) heap_init: Initializing. RAM available for dynamic allocation:[0m
[0;32mI (527) heap_init: At 3FFAFF10 len 000000F0 (0 KiB): DRAM[0m
[0;32mI (533) heap_init: At 3FFB6388 len 00001C78 (7 KiB): DRAM[0m
[0;32mI (539) heap_init: At 3FFB9A20 len 00004108 (16 KiB): DRAM[0m
[0;32mI (546) heap_init: At 3FFCA638 len 000159C8 (86 KiB): DRAM[0m
[0;32mI (552) heap_init: At 3FFE0440 len 00003AE0 (14 KiB): D/IRAM[0m
[0;32mI (558) heap_init: At 3FFE4350 len 0001BCB0 (111 KiB): D/IRAM[0m
[0;32mI (564) heap_init: At 4009BB3C len 000044C4 (17 KiB): IRAM[0m
[0;32mI (572) spi_flash: detected chip: generic[0m
[0;32mI (575) spi_flash: flash io: dio[0m
[0;33mW (579) spi_flash: Detected size(16384k) larger than the size in the binary image header(2048k). Using the size in the binary image header.[0m
[0;32mI (595) coexist: coex firmware version: 831ec70[0m
[0;32mI (598) main_task: Started on CPU0[0m
[0;32mI (608) main_task: Calling app_main()[0m
[0;32mI (618) BTDM_INIT: BT controller compile version [b992c7d][0m
[0;32mI (618) BTDM_INIT: Bluetooth MAC: ec:e3:34:90:d8:ee[0m
[0;32mI (618) phy_init: phy_version 4860,6b7a6e5,Feb  6 2025,14:47:07[0m
[0;32mI (1288) BT_INIT: Bluetooth initialized successfully in dual mode.[0m

   /$$$$$$   /$$$$$$   /$$$$$$   /$$$$$$  /$$$$$$$  /$$$$$$        /$$$$$$   /$$$$$$ 
  /$$__  $$ /$$__  $$ /$$__  $$ /$$__  $$| $$__  $$|_  $$_/       /$$__  $$ /$$__  $$ 
 | $$  \__/| $$  \ $$| $$  \__/| $$  \ $$| $$  \ $$  | $$        | $$  \ $$| $$  \__/ 
 |  $$$$$$ | $$$$$$$$|  $$$$$$ | $$  | $$| $$$$$$$/  | $$        | $$  | $$|  $$$$$$  
  \____  $$| $$__  $$ \____  $$| $$  | $$| $$__  $$  | $$        | $$  | $$ \____  $$ 
  /$$  \ $$| $$  | $$ /$$  \ $$| $$  | $$| $$  \ $$  | $$        | $$  | $$ /$$  \ $$ 
 |  $$$$$$/| $$  | $$|  $$$$$$/|  $$$$$$/| $$  | $$ /$$$$$$      |  $$$$$$/|  $$$$$$/ 
  \______/ |__/  |__/ \______/  \______/ |__/  |__/|______/       \______/  \______/                                                                                    
[0;32mI (1458) initial_operation: Checking I2C bus status before initialization...[0m
[0;33mW (1458) initial_operation: SDA line is stuck low. Starting recovery sequence...[0m
[0;32mI (1468) initial_operation: Slave released SDA line after 6 clock pulses.[0m
[0;32mI (1478) initial_operation: STOP condition sent. Bus should be reset.[0m
[0;33mW (1488) i2c.master: Please check pull-up resistances whether be connected properly. Otherwise unexpected behavior would happen. For more detailed information, please read docs[0m
[0;31mE (1698) i2c.master: I2C transaction unexpected nack detected[0m
[0;31mE (1698) i2c.master: s_i2c_synchronous_transaction(945): I2C transaction failed[0m
[0;31mE (1708) i2c.master: i2c_master_multi_buffer_transmit(1214): I2C transaction failed[0m
[0;31mE (1828) i2c.master: I2C transaction unexpected nack detected[0m
[0;31mE (1828) i2c.master: s_i2c_synchronous_transaction(945): I2C transaction failed[0m
[0;31mE (1838) i2c.master: i2c_master_multi_buffer_transmit(1214): I2C transaction failed[0m
setting i2c finished
[0;32mI (1858) PS3_SPP: ESP_SPP_INIT_EVT[0m
[0;31mE (1888) i2c.master: I2C software timeout[0m
[0;32mI (1888) PS3_L2CAP: [ps3_l2cap_init_service] Service PS3-HIDC Initialized[0m
[0;31mE (1888) i2c.master: s_i2c_synchronous_transaction(945): I2C transaction failed[0m
[0;32mI (1888) PS3_L2CAP: [ps3_l2cap_init_service] Service PS3-HIDI Initialized[0m
[0;31mE (1898) i2c.master: i2c_master_multi_buffer_transmit(1214): I2C transaction failed[0m
[0;32mI (1908) BLE_HANDLER: create_service requested[0m
[0;31mE (1918) i2c.master: I2C software timeout[0m
[0;31mE (1928) i2c.master: s_i2c_synchronous_transaction(945): I2C transaction failed[0m
[0;32mI (1928) BLE_HANDLER: Service created, handle=40[0m
[0;31mE (1938) i2c.master: i2c_master_receive(1268): I2C transaction failed[0m
[0;32mI (1938) BLE_HANDLER: start_service ok[0m
[0;32mI (1948) BLE_HANDLER: add_char requested[0m
76.4,-1.6,37.5,-57.0
[0;32mI (1948) BLE_HANDLER: GATT service started[0m
[0;32mI (1968) BLE_HANDLER: BLE advertising started[0m
[0;32mI (1968) BLE_HANDLER: CHAR added: handle=42 (prop=0x0a)[0m
[0;32mI (1908) BleServer: BLE GATT server init done[0m
[0;31mE (1998) i2c.master: I2C software timeout[0m
[0;31mE (1998) i2c.master: s_i2c_synchronous_transaction(945): I2C transaction failed[0m
[0;31mE (1998) i2c.master: i2c_master_multi_buffer_transmit(1214): I2C transaction failed[0m
121.0,49.4,85.0,-55.2
