Command: C:\Users\takeu\.espressif\python_env\idf5.5_py3.11_env\Scripts\python.exe C:\Users\takeu\esp\v5.5\esp-idf\tools/idf_monitor.py -p COM5 -b 115200 --toolchain-prefix xtensa-esp32-elf- --target esp32 --revision 0 C:\GitHub\Firmware\src\ESP32\build\esp32.elf C:\GitHub\Firmware\src\ESP32\build\bootloader\bootloader.elf --force-color -m 'C:\Users\takeu\.espressif\python_env\idf5.5_py3.11_env\Scripts\python.exe' 'C:\Users\takeu\esp\v5.5\esp-idf\tools\idf.py'
ets Jul 29 2019 12:21:46

rst:0x1 (POWERON_RESET),boot:0x33 (SPI_FAST_FLASH_BOOT)
ï¿½ets Jul 29 2019 12:21:46

rst:0x1 (POWERON_RESET),boot:0x33 (SPI_FAST_FLASH_BOOT)
configsip: 0, SPIWP:0xee
clk_drv:0x00,q_drv:0x00,d_drv:0x00,cs0_drv:0x00,hd_drv:0x00,wp_drv:0x00
mode:DIO, clock div:2
load:0x3fff0030,len:6380
ho 0 tail 12 room 4
load:0x40078000,len:15916
load:0x40080400,len:3860
entry 0x40080638
[0;32mI (29) boot: ESP-IDF v5.5 2nd stage bootloader[0m
[0;32mI (29) boot: compile time Aug 31 2025 22:07:17[0m
[0;32mI (29) boot: Multicore bootloader[0m
[0;32mI (30) boot: chip revision: v3.1[0m
[0;32mI (33) boot.esp32: SPI Speed      : 40MHz[0m
[0;32mI (37) boot.esp32: SPI Mode       : DIO[0m
[0;32mI (40) boot.esp32: SPI Flash Size : 2MB[0m
[0;32mI (44) boot: Enabling RNG early entropy source...[0m
[0;32mI (49) boot: Partition Table:[0m
[0;32mI (51) boot: ## Label            Usage          Type ST Offset   Length[0m
[0;32mI (57) boot:  0 nvs              WiFi data        01 02 00009000 00006000[0m
[0;32mI (64) boot:  1 phy_init         RF data          01 01 0000f000 00001000[0m
[0;32mI (71) boot:  2 factory          factory app      00 00 00010000 00100000[0m
[0;32mI (77) boot: End of partition table[0m
[0;32mI (80) esp_image: segment 0: paddr=00010020 vaddr=3f400020 size=2d4c8h (185544) map[0m
[0;32mI (151) esp_image: segment 1: paddr=0003d4f0 vaddr=3ff80000 size=00020h (    32) load[0m
[0;32mI (152) esp_image: segment 2: paddr=0003d518 vaddr=3ffbdb60 size=02b00h ( 11008) load[0m
[0;32mI (159) esp_image: segment 3: paddr=00040020 vaddr=400d0020 size=a6d54h (683348) map[0m
[0;32mI (396) esp_image: segment 4: paddr=000e6d7c vaddr=3ffc0660 size=01ee4h (  7908) load[0m
[0;32mI (399) esp_image: segment 5: paddr=000e8c68 vaddr=40080000 size=1bb3ch (113468) load[0m
[0;32mI (458) boot: Loaded app from partition at offset 0x10000[0m
[0;32mI (458) boot: Disabling RNG early entropy source...[0m
[0;32mI (468) cpu_start: Multicore app[0m
[0;32mI (477) cpu_start: Pro cpu start user code[0m
[0;32mI (477) cpu_start: cpu freq: 160000000 Hz[0m
[0;32mI (477) app_init: Application information:[0m
[0;32mI (480) app_init: Project name:     esp32[0m
[0;32mI (484) app_init: App version:      5b23221-dirty[0m
[0;32mI (490) app_init: Compile time:     Sep  3 2025 12:04:59[0m
[0;32mI (496) app_init: ELF file SHA256:  3a970d37d...[0m
[0;32mI (501) app_init: ESP-IDF:          v5.5[0m
[0;32mI (506) efuse_init: Min chip rev:     v0.0[0m
[0;32mI (510) efuse_init: Max chip rev:     v3.99 [0m
[0;32mI (515) efuse_init: Chip rev:         v3.1[0m
[0;32mI (520) heap_init: Initializing. RAM available for dynamic allocation:[0m
[0;32mI (527) heap_init: At 3FFAFF10 len 000000F0 (0 KiB): DRAM[0m
[0;32mI (533) heap_init: At 3FFB6388 len 00001C78 (7 KiB): DRAM[0m
[0;32mI (539) heap_init: At 3FFB9A20 len 00004108 (16 KiB): DRAM[0m
[0;32mI (546) heap_init: At 3FFCA638 len 000159C8 (86 KiB): DRAM[0m
[0;32mI (552) heap_init: At 3FFE0440 len 00003AE0 (14 KiB): D/IRAM[0m
[0;32mI (558) heap_init: At 3FFE4350 len 0001BCB0 (111 KiB): D/IRAM[0m
[0;32mI (565) heap_init: At 4009BB3C len 000044C4 (17 KiB): IRAM[0m
[0;32mI (572) spi_flash: detected chip: generic[0m
[0;32mI (575) spi_flash: flash io: dio[0m
[0;33mW (579) spi_flash: Detected size(16384k) larger than the size in the binary image header(2048k). Using the size in the binary image header.[0m
[0;32mI (595) coexist: coex firmware version: 831ec70[0m
[0;32mI (599) main_task: Started on CPU0[0m
[0;32mI (609) main_task: Calling app_main()[0m
[0;32mI (619) BTDM_INIT: BT controller compile version [b992c7d][0m
[0;32mI (619) BTDM_INIT: Bluetooth MAC: ec:e3:34:90:d8:ee[0m
[0;32mI (619) phy_init: phy_version 4860,6b7a6e5,Feb  6 2025,14:47:07[0m
[0;32mI (1289) BT_INIT: Bluetooth initialized successfully in dual mode.[0m

   /$$$$$$   /$$$$$$   /$$$$$$   /$$$$$$  /$$$$$$$  /$$$$$$        /$$$$$$   /$$$$$$ 
  /$$__  $$ /$$__  $$ /$$__  $$ /$$__  $$| $$__  $$|_  $$_/       /$$__  $$ /$$__  $$ 
 | $$  \__/| $$  \ $$| $$  \__/| $$  \ $$| $$  \ $$  | $$        | $$  \ $$| $$  \__/ 
 |  $$$$$$ | $$$$$$$$|  $$$$$$ | $$  | $$| $$$$$$$/  | $$        | $$  | $$|  $$$$$$  
  \____  $$| $$__  $$ \____  $$| $$  | $$| $$__  $$  | $$        | $$  | $$ \____  $$ 
  /$$  \ $$| $$  | $$ /$$  \ $$| $$  | $$| $$  \ $$  | $$        | $$  | $$ /$$  \ $$ 
 |  $$$$$$/| $$  | $$|  $$$$$$/|  $$$$$$/| $$  | $$ /$$$$$$      |  $$$$$$/|  $$$$$$/ 
  \______/ |__/  |__/ \______/  \______/ |__/  |__/|______/       \______/  \______/                                                                                    
[0;32mI (1449) initial_operation: Checking I2C bus status before initialization...[0m
[0;33mW (1449) initial_operation: SDA line is stuck low. Starting recovery sequence...[0m
[0;32mI (1459) initial_operation: Slave released SDA line after 6 clock pulses.[0m
[0;32mI (1469) initial_operation: STOP condition sent. Bus should be reset.[0m
[0;33mW (1479) i2c.master: Please check pull-up resistances whether be connected properly. Otherwise unexpected behavior would happen. For more detailed information, please read docs[0m
[0;31mE (1689) i2c.master: I2C transaction unexpected nack detected[0m
[0;31mE (1689) i2c.master: s_i2c_synchronous_transaction(945): I2C transaction failed[0m
[0;31mE (1699) i2c.master: i2c_master_multi_buffer_transmit(1214): I2C transaction failed[0m
[0;31mE (1819) i2c.master: I2C transaction unexpected nack detected[0m
[0;31mE (1819) i2c.master: s_i2c_synchronous_transaction(945): I2C transaction failed[0m
[0;31mE (1829) i2c.master: i2c_master_multi_buffer_transmit(1214): I2C transaction failed[0m
setting i2c finished
[0;32mI (1849) PS3_SPP: ESP_SPP_INIT_EVT[0m
[0;32mI (1869) PS3_L2CAP: [ps3_l2cap_init_service] Service PS3-HIDC Initialized[0m
[0;32mI (1879) PS3_L2CAP: [ps3_l2cap_init_service] Service PS3-HIDI Initialized[0m
[0;32mI (1879) BLE_HANDLER: create_service requested[0m
[0;32mI (1899) BLE_HANDLER: Service created, handle=40[0m
[0;32mI (1899) BLE_HANDLER: start_service ok[0m
[0;32mI (1899) BLE_HANDLER: add_char requested[0m
[0;32mI (1899) BLE_HANDLER: GATT service started[0m
[0;32mI (1909) BLE_HANDLER: BLE advertising started[0m
34.0,14.4,24.0,-21.8
[0;32mI (1919) BLE_HANDLER: CHAR added: handle=42 (prop=0x0a)[0m
[0;32mI (1879) BleServer: BLE GATT server init done[0m
51.2,25.8,38.0,-27.5
47.1,33.9,40.0,-15.6
49.9,43.5,46.0,-6.8
49.9,47.3,48.0,-2.3
54.4,50.0,51.5,-5.7
54.6,52.0,52.5,-3.4
55.6,53.2,54.0,-2.3
56.5,51.9,53.5,-5.7
56.7,52.8,54.0,-4.6
56.0,53.3,54.5,-3.4
55.6,52.0,53.0,-4.6
55.4,52.8,53.5,-3.4
53.6,53.3,53.0,-0.0
55.0,53.2,53.5,-1.1
55.0,53.1,53.5,-1.1
55.0,55.1,54.5,1.1
55.8,53.4,54.0,-2.3
54.7,54.1,54.0,-0.0
53.6,55.6,54.0,2.3
55.4,55.4,55.0,-0.0
55.2,52.8,53.5,-3.4
54.3,54.9,54.0,-0.0
55.8,54.1,54.5,-1.1
56.7,52.1,54.0,-4.6
56.8,52.8,54.0,-4.6
56.1,52.1,54.0,-4.6
58.1,52.9,55.0,-6.8
58.4,54.1,56.0,-4.6
57.1,54.1,55.5,-3.4
55.8,54.0,54.5,-1.1
56.3,54.0,55.0,-2.3
56.6,54.4,55.0,-2.3
56.7,52.2,54.0,-4.6
55.6,52.9,53.5,-3.4
56.2,53.0,54.0,-4.6
55.7,53.0,53.5,-3.4
56.6,53.4,54.5,-3.4
55.6,53.6,54.0,-2.3
55.3,54.2,54.5,-1.1
55.2,54.5,54.5,-1.1
55.9,53.9,54.0,-2.3
56.4,53.5,54.5,-3.4
57.0,53.7,55.0,-4.6
56.2,53.8,54.5,-3.4
55.3,54.3,54.5,-1.1
56.0,53.8,54.0,-2.3
54.8,53.5,53.5,-1.1
54.9,54.5,54.0,-0.0
56.1,54.7,55.0,-2.3
55.3,54.0,54.5,-1.1
56.0,54.0,54.5,-1.1
56.4,54.0,55.0,-2.3
58.2,54.0,56.0,-4.6
56.5,52.0,54.0,-4.6
55.5,51.6,53.0,-4.6
54.9,53.0,53.0,-2.3
54.5,52.2,53.0,-2.3
54.7,53.7,53.5,-1.1
54.8,53.8,53.5,-1.1
54.5,54.3,54.0,-0.0
54.3,52.6,53.0,-2.3
54.6,52.7,53.0,-2.3
55.9,52.8,53.5,-3.4
55.2,52.9,53.5,-3.4
55.9,52.9,53.5,-3.4
56.3,53.4,54.5,-3.4
55.8,54.0,54.5,-1.1
55.1,53.6,54.0,-2.3
56.2,52.6,54.0,-4.6
54.9,53.1,53.5,-1.1
54.6,53.9,53.5,-1.1
53.9,53.5,53.0,-0.0
56.4,52.1,54.0,-4.6
55.0,50.9,52.5,-5.7
55.8,52.5,53.5,-3.4
54.7,52.7,53.0,-2.3
54.8,53.2,53.5,-1.1
54.9,52.3,53.0,-2.3
55.7,51.8,53.0,-4.6
55.0,52.7,53.5,-3.4
55.0,50.8,52.5,-5.7
55.8,50.9,52.5,-5.7
54.7,50.9,52.0,-4.6
54.4,53.0,53.0,-2.3
54.2,53.0,53.0,-2.3
54.1,51.4,52.5,-3.4
54.5,52.4,53.0,-2.3
54.3,51.9,52.5,-3.4
54.6,52.3,53.0,-2.3
54.7,51.8,52.5,-3.4
54.4,52.3,53.0,-2.3
53.9,53.4,53.0,-0.0
54.3,52.4,53.0,-2.3
54.6,53.1,53.5,-1.1
53.2,51.8,52.0,-2.3
54.7,52.3,53.0,-2.3
55.6,51.8,53.0,-4.6
55.0,52.7,53.0,-2.3
55.0,52.0,53.0,-2.3
54.6,51.6,52.5,-3.4
53.6,51.4,52.0,-2.3
54.1,51.2,52.5,-3.4
55.3,53.1,54.0,-2.3
56.0,53.1,54.0,-2.3
55.2,53.0,54.0,-2.3
54.7,53.8,53.5,-1.1
54.4,51.9,52.5,-3.4
55.5,52.3,53.5,-3.4
55.3,52.6,53.5,-3.4
56.4,51.6,53.5,-5.7
55.4,50.5,52.5,-5.7
54.9,51.9,52.5,-3.4
55.7,52.8,53.5,-3.4
55.0,53.3,54.0,-2.3
53.8,53.2,53.0,-0.0
53.9,51.5,52.0,-2.3
53.9,50.9,51.5,-3.4
54.4,50.9,52.0,-4.6
54.6,51.0,52.0,-4.6
54.4,51.0,52.0,-4.6
53.8,50.6,51.5,-3.4
53.9,52.4,52.5,-1.1
53.5,52.6,52.5,-1.1
53.7,52.0,52.0,-2.3
54.2,52.4,53.0,-2.3
54.5,53.0,53.5,-1.1
53.9,51.8,52.0,-2.3
53.6,52.7,52.5,-1.1
53.3,51.6,52.0,-2.3
53.6,51.0,51.5,-3.4
54.2,51.0,52.0,-4.6
54.5,51.0,52.0,-4.6
54.3,50.2,52.0,-4.6
53.8,50.1,51.5,-3.4
54.3,50.5,52.0,-4.6
53.4,51.9,52.0,-2.3
54.8,52.7,53.0,-2.3
54.5,51.6,52.5,-3.4
53.5,51.0,51.5,-3.4
53.3,52.6,52.5,-1.1
53.2,52.0,52.0,-2.3
54.7,51.2,52.5,-3.4
54.8,49.9,51.5,-5.7
54.1,51.1,52.5,-3.4
53.3,51.9,52.0,-2.3
53.2,52.7,52.5,-1.1
53.9,53.2,53.0,-0.0
54.3,53.1,53.5,-1.1
54.6,52.3,53.0,-2.3
54.8,50.6,52.0,-4.6
55.7,52.7,53.5,-3.4
55.0,52.8,53.0,-2.3
55.0,53.3,53.5,-1.1
55.0,53.2,53.5,-1.1
55.0,53.1,53.5,-1.1
55.0,51.9,52.5,-3.4
54.6,51.1,52.5,-3.4
54.4,51.1,52.5,-3.4
55.4,49.8,52.0,-6.8
54.4,51.1,52.5,-3.4
54.3,52.3,53.0,-2.3
53.8,51.0,51.5,-3.4
54.3,51.8,52.5,-3.4
55.8,51.5,53.0,-4.6
55.1,50.9,52.5,-5.7
54.6,50.5,52.0,-4.6
54.0,51.5,52.0,-2.3
53.6,52.1,52.5,-1.1
53.0,52.5,52.0,-0.0
53.0,52.7,52.0,-0.0
53.4,53.2,53.0,-0.0
54.8,51.5,52.5,-3.4
53.7,52.5,52.5,-1.1
53.0,53.5,53.0,-0.0
53.4,53.7,53.0,-0.0
52.8,53.4,52.5,1.1
52.5,53.3,52.5,1.1
53.1,54.0,53.0,-0.0
53.9,54.8,53.5,1.1
53.5,52.5,52.5,-1.1
53.7,52.7,52.5,-1.1
54.2,51.2,52.5,-3.4
54.1,52.3,53.0,-2.3
54.5,51.8,52.5,-3.4
55.5,51.5,53.0,-4.6
