Command: C:\Users\takeu\.espressif\python_env\idf5.5_py3.11_env\Scripts\python.exe C:\Users\takeu\esp\v5.5\esp-idf\tools/idf_monitor.py -p COM5 -b 115200 --toolchain-prefix xtensa-esp32-elf- --target esp32 --revision 0 C:\GitHub\Firmware\src\ESP32\build\esp32.elf C:\GitHub\Firmware\src\ESP32\build\bootloader\bootloader.elf --force-color -m 'C:\Users\takeu\.espressif\python_env\idf5.5_py3.11_env\Scripts\python.exe' 'C:\Users\takeu\esp\v5.5\esp-idf\tools\idf.py'
0x1 (POWERON_RESET),boot:0x33 (SPI_FAST_FLASH_BOOT)
configsip: 0ï¿½ets Jul 29 2019 12:21:46

rst:0x1 (POWERON_RESET),boot:0x33 (SPI_FAST_FLASH_BOOT)
configsip: 0, SPIWP:0xee
clk_drv:0x00,q_drv:0x00,d_drv:0x00,cs0_drv:0x00,hd_drv:0x00,wp_drv:0x00
mode:DIO, clock div:2
load:0x3fff0030,len:6380
ho 0 tail 12 room 4
load:0x40078000,len:15916
load:0x40080400,len:3860
entry 0x40080638
[0;32mI (29) boot: ESP-IDF v5.5 2nd stage bootloader[0m
[0;32mI (29) boot: compile time Aug 31 2025 22:07:17[0m
[0;32mI (29) boot: Multicore bootloader[0m
[0;32mI (30) boot: chip revision: v3.1[0m
[0;32mI (33) boot.esp32: SPI Speed      : 40MHz[0m
[0;32mI (37) boot.esp32: SPI Mode       : DIO[0m
[0;32mI (40) boot.esp32: SPI Flash Size : 2MB[0m
[0;32mI (44) boot: Enabling RNG early entropy source...[0m
[0;32mI (49) boot: Partition Table:[0m
[0;32mI (51) boot: ## Label            Usage          Type ST Offset   Length[0m
[0;32mI (57) boot:  0 nvs              WiFi data        01 02 00009000 00006000[0m
[0;32mI (64) boot:  1 phy_init         RF data          01 01 0000f000 00001000[0m
[0;32mI (71) boot:  2 factory          factory app      00 00 00010000 00100000[0m
[0;32mI (77) boot: End of partition table[0m
[0;32mI (80) esp_image: segment 0: paddr=00010020 vaddr=3f400020 size=2d6d0h (186064) map[0m
[0;32mI (151) esp_image: segment 1: paddr=0003d6f8 vaddr=3ff80000 size=00020h (    32) load[0m
[0;32mI (152) esp_image: segment 2: paddr=0003d720 vaddr=3ffbdb60 size=028f8h ( 10488) load[0m
[0;32mI (159) esp_image: segment 3: paddr=00040020 vaddr=400d0020 size=a6ce4h (683236) map[0m
[0;32mI (396) esp_image: segment 4: paddr=000e6d0c vaddr=3ffc0458 size=020ech (  8428) load[0m
[0;32mI (400) esp_image: segment 5: paddr=000e8e00 vaddr=40080000 size=1bb3ch (113468) load[0m
[0;32mI (457) boot: Loaded app from partition at offset 0x10000[0m
[0;32mI (458) boot: Disabling RNG early entropy source...[0m
[0;32mI (468) cpu_start: Multicore app[0m
[0;32mI (477) cpu_start: Pro cpu start user code[0m
[0;32mI (477) cpu_start: cpu freq: 160000000 Hz[0m
[0;32mI (477) app_init: Application information:[0m
[0;32mI (480) app_init: Project name:     esp32[0m
[0;32mI (484) app_init: App version:      5b23221-dirty[0m
[0;32mI (490) app_init: Compile time:     Sep  3 2025 12:04:59[0m
[0;32mI (496) app_init: ELF file SHA256:  caad3e37b...[0m
[0;32mI (501) app_init: ESP-IDF:          v5.5[0m
[0;32mI (505) efuse_init: Min chip rev:     v0.0[0m
[0;32mI (510) efuse_init: Max chip rev:     v3.99 [0m
[0;32mI (515) efuse_init: Chip rev:         v3.1[0m
[0;32mI (520) heap_init: Initializing. RAM available for dynamic allocation:[0m
[0;32mI (527) heap_init: At 3FFAFF10 len 000000F0 (0 KiB): DRAM[0m
[0;32mI (533) heap_init: At 3FFB6388 len 00001C78 (7 KiB): DRAM[0m
[0;32mI (539) heap_init: At 3FFB9A20 len 00004108 (16 KiB): DRAM[0m
[0;32mI (546) heap_init: At 3FFCA638 len 000159C8 (86 KiB): DRAM[0m
[0;32mI (552) heap_init: At 3FFE0440 len 00003AE0 (14 KiB): D/IRAM[0m
[0;32mI (558) heap_init: At 3FFE4350 len 0001BCB0 (111 KiB): D/IRAM[0m
[0;32mI (564) heap_init: At 4009BB3C len 000044C4 (17 KiB): IRAM[0m
[0;32mI (572) spi_flash: detected chip: generic[0m
[0;32mI (575) spi_flash: flash io: dio[0m
[0;33mW (579) spi_flash: Detected size(16384k) larger than the size in the binary image header(2048k). Using the size in the binary image header.[0m
[0;32mI (595) coexist: coex firmware version: 831ec70[0m
[0;32mI (598) main_task: Started on CPU0[0m
[0;32mI (608) main_task: Calling app_main()[0m
[0;32mI (618) BTDM_INIT: BT controller compile version [b992c7d][0m
[0;32mI (618) BTDM_INIT: Bluetooth MAC: ec:e3:34:90:d8:ee[0m
[0;32mI (618) phy_init: phy_version 4860,6b7a6e5,Feb  6 2025,14:47:07[0m
[0;32mI (1288) BT_INIT: Bluetooth initialized successfully in dual mode.[0m

   /$$$$$$   /$$$$$$   /$$$$$$   /$$$$$$  /$$$$$$$  /$$$$$$        /$$$$$$   /$$$$$$ 
  /$$__  $$ /$$__  $$ /$$__  $$ /$$__  $$| $$__  $$|_  $$_/       /$$__  $$ /$$__  $$ 
 | $$  \__/| $$  \ $$| $$  \__/| $$  \ $$| $$  \ $$  | $$        | $$  \ $$| $$  \__/ 
 |  $$$$$$ | $$$$$$$$|  $$$$$$ | $$  | $$| $$$$$$$/  | $$        | $$  | $$|  $$$$$$  
  \____  $$| $$__  $$ \____  $$| $$  | $$| $$__  $$  | $$        | $$  | $$ \____  $$ 
  /$$  \ $$| $$  | $$ /$$  \ $$| $$  | $$| $$  \ $$  | $$        | $$  | $$ /$$  \ $$ 
 |  $$$$$$/| $$  | $$|  $$$$$$/|  $$$$$$/| $$  | $$ /$$$$$$      |  $$$$$$/|  $$$$$$/ 
  \______/ |__/  |__/ \______/  \______/ |__/  |__/|______/       \______/  \______/                                                                                    
[0;32mI (1448) initial_operation: Checking I2C bus status before initialization...[0m
[0;32mI (1448) initial_operation: Bus is clear. No recovery needed.[0m
[0;33mW (1458) i2c.master: Please check pull-up resistances whether be connected properly. Otherwise unexpected behavior would happen. For more detailed information, please read docs[0m
[0;31mE (1678) i2c.master: I2C transaction unexpected nack detected[0m
[0;31mE (1678) i2c.master: s_i2c_synchronous_transaction(945): I2C transaction failed[0m
[0;31mE (1688) i2c.master: i2c_master_multi_buffer_transmit(1214): I2C transaction failed[0m
[0;31mE (1808) i2c.master: I2C transaction unexpected nack detected[0m
[0;31mE (1808) i2c.master: s_i2c_synchronous_transaction(945): I2C transaction failed[0m
[0;31mE (1818) i2c.master: i2c_master_multi_buffer_transmit(1214): I2C transaction failed[0m
setting i2c finished
[0;32mI (1838) PS3_SPP: ESP_SPP_INIT_EVT[0m
[0;32mI (1868) PS3_L2CAP: [ps3_l2cap_init_service] Service PS3-HIDC Initialized[0m
[0;32mI (1868) PS3_L2CAP: [ps3_l2cap_init_service] Service PS3-HIDI Initialized[0m
[0;32mI (1868) BLE_HANDLER: create_service requested[0m
[0;32mI (1888) BLE_HANDLER: Service created, handle=40[0m
[0;32mI (1888) BLE_HANDLER: start_service ok[0m
[0;32mI (1888) BLE_HANDLER: add_char requested[0m
[0;32mI (1898) BLE_HANDLER: GATT service started[0m
34.0,3.6,18.5,-31.8
[0;32mI (1908) BLE_HANDLER: BLE advertising started[0m
i2c_nack_flag: 0
[0;32mI (1918) BLE_HANDLER: CHAR added: handle=42 (prop=0x0a)[0m
[0;32mI (1878) BleServer: BLE GATT server init done[0m
60.0,17.8,38.5,-40.7
i2c_nack_flag: 0
75.6,24.7,49.5,-45.6
i2c_nack_flag: 0
84.6,28.4,56.0,-48.2
i2c_nack_flag: 0
89.5,30.6,59.5,-49.7
i2c_nack_flag: 0
93.3,32.4,62.5,-50.7
i2c_nack_flag: 0
95.2,32.6,63.5,-51.6
i2c_nack_flag: 0
96.7,33.2,64.5,-51.6
i2c_nack_flag: 0
96.4,33.9,64.5,-51.6
i2c_nack_flag: 0
97.1,33.9,65.0,-52.0
i2c_nack_flag: 0
97.4,34.0,65.0,-52.0
i2c_nack_flag: 0
97.3,34.4,65.5,-51.6
i2c_nack_flag: 0
97.6,33.8,65.0,-52.0
i2c_nack_flag: 0
96.5,34.3,65.0,-51.1
i2c_nack_flag: 0
96.7,33.8,64.5,-51.6
i2c_nack_flag: 0
98.4,33.9,65.5,-52.4
i2c_nack_flag: 0
98.3,34.3,66.0,-52.0
i2c_nack_flag: 0
98.2,35.0,66.0,-52.0
i2c_nack_flag: 0
98.1,33.4,65.5,-52.4
i2c_nack_flag: 0
98.1,31.6,64.5,-53.3
i2c_nack_flag: 0
97.6,30.6,63.5,-53.3
i2c_nack_flag: 0
95.8,30.7,62.5,-52.4
i2c_nack_flag: 0
98.7,31.6,64.5,-53.3
i2c_nack_flag: 0
113.2,38.2,75.5,-56.3
i2c_nack_flag: 0
162.3,63.3,112.5,-63.2
i2c_nack_flag: 0
219.0,150.8,184.0,-53.7
i2c_nack_flag: 0
186.6,170.9,178.0,-17.7
i2c_nack_flag: 0
i2c_nack_flag: 1
[0;32mI (4828) initial_operation: Bus is clear. No recovery needed.[0m
I2C bus recovery succeeded.
[0;33mW (4828) i2c.master: Please check pull-up resistances whether be connected properly. Otherwise unexpected behavior would happen. For more detailed information, please read docs[0m
[0;31mE (4938) i2c.master: I2C hardware NACK detected[0m
[0;31mE (4938) i2c.master: I2C transaction unexpected nack detected[0m
[0;31mE (4938) i2c.master: s_i2c_synchronous_transaction(945): I2C transaction failed[0m
[0;31mE (4948) i2c.master: i2c_master_multi_buffer_transmit(1214): I2C transaction failed[0m
Failed to detect and initialize sensor0!
[0;31mE (5628) i2c.master: I2C hardware NACK detected[0m
[0;31mE (5628) i2c.master: I2C transaction unexpected nack detected[0m
[0;31mE (5628) i2c.master: s_i2c_synchronous_transaction(945): I2C transaction failed[0m
[0;31mE (5638) i2c.master: i2c_master_multi_buffer_transmit(1214): I2C transaction failed[0m
[0;31mE (5648) i2c.master: I2C hardware NACK detected[0m
[0;31mE (5648) i2c.master: I2C transaction unexpected nack detected[0m
[0;31mE (5658) i2c.master: s_i2c_synchronous_transaction(945): I2C transaction failed[0m
[0;31mE (5668) i2c.master: i2c_master_multi_buffer_transmit(1214): I2C transaction failed[0m
[0;31mE (5678) VL53L1X: Failed to write reg addr: ESP_ERR_INVALID_STATE[0m
[0;31mE (5678) i2c.master: I2C hardware NACK detected[0m
[0;31mE (5688) i2c.master: I2C transaction unexpected nack detected[0m
[0;31mE (5688) i2c.master: s_i2c_synchronous_transaction(945): I2C transaction failed[0m
[0;31mE (5708) i2c.master: i2c_master_multi_buffer_transmit(1214): I2C transaction failed[0m
[0;31mE (5708) i2c.master: I2C hardware NACK detected[0m
[0;31mE (5718) i2c.master: I2C transaction unexpected nack detected[0m
[0;31mE (5718) i2c.master: s_i2c_synchronous_transaction(945): I2C transaction failed[0m
[0;31mE (5728) i2c.master: i2c_master_multi_buffer_transmit(1214): I2C transaction failed[0m
[0;31mE (5728) VL53L1X: Failed to write reg addr: ESP_ERR_INVALID_STATE[0m
i2c_nack_flag: 1
[0;31mE (5948) i2c.master: Cannot delete I2C bus(0): devices are still attached, please remove all devices and then delete bus[0m
[0;32mI (5948) initial_operation: Bus is clear. No recovery needed.[0m
I2C bus recovery succeeded.
[0;31mE (5958) i2c.common: I2C bus id(0) has already been acquired[0m
[0;31mE (5958) i2c.common: acquire bus failed[0m
[0;31mE (5968) i2c.master: i2c_new_master_bus(976): I2C bus acquire failed[0m
[0;31mE (5978) i2c.common: i2c_release_bus_handle(248): Bus not freed entirely[0m
ESP_ERROR_CHECK failed: esp_err_t 0x103 (ESP_ERR_INVALID_STATE) at 0x400db7f9
file: "./main/initial_operation.cpp" line 128
func: void i2c_master_stm_register()
expression: i2c_new_master_bus(&bus_config, _bus_handle)

abort() was called at PC 0x400925fb on core 0


Backtrace: 0x40081c51:0x3ffd75c0 0x40092605:0x3ffd75e0 0x40098dad:0x3ffd7600 0x400925fb:0x3ffd7670 0x400db7f9:0x3ffd76a0 0x40130a5e:0x3ffd7700 0x40130aab:0x3ffd7720 0x400930bd:0x3ffd7740




ELF file SHA256: caad3e37b

Rebooting...
ets Jul 29 2019 12:21:46

rst:0xc (SW_CPU_RESET),boot:0x33 (SPI_FAST_FLASH_BOOT)
configsip: 0, SPIWP:0xee
clk_drv:0x00,q_drv:0x00,d_drv:0x00,cs0_drv:0x00,hd_drv:0x00,wp_drv:0x00
mode:DIO, clock div:2
load:0x3fff0030,len:6380
ho 0 tail 12 room 4
load:0x40078000,len:15916
load:0x40080400,len:3860
entry 0x40080638
[0;32mI (29) boot: ESP-IDF v5.5 2nd stage bootloader[0m
[0;32mI (29) boot: compile time Aug 31 2025 22:07:17[0m
[0;32mI (29) boot: Multicore bootloader[0m
[0;32mI (30) boot: chip revision: v3.1[0m
[0;32mI (33) boot.esp32: SPI Speed      : 40MHz[0m
[0;32mI (37) boot.esp32: SPI Mode       : DIO[0m
[0;32mI (40) boot.esp32: SPI Flash Size : 2MB[0m
[0;32mI (44) boot: Enabling RNG early entropy source...[0m
[0;32mI (48) boot: Partition Table:[0m
[0;32mI (51) boot: ## Label            Usage          Type ST Offset   Length[0m
[0;32mI (57) boot:  0 nvs              WiFi data        01 02 00009000 00006000[0m
[0;32mI (64) boot:  1 phy_init         RF data          01 01 0000f000 00001000[0m
[0;32mI (70) boot:  2 factory          factory app      00 00 00010000 00100000[0m
[0;32mI (77) boot: End of partition table[0m
[0;32mI (80) esp_image: segment 0: paddr=00010020 vaddr=3f400020 size=2d6d0h (186064) map[0m
[0;32mI (151) esp_image: segment 1: paddr=0003d6f8 vaddr=3ff80000 size=00020h (    32) load[0m
[0;32mI (152) esp_image: segment 2: paddr=0003d720 vaddr=3ffbdb60 size=028f8h ( 10488) load[0m
[0;32mI (159) esp_image: segment 3: paddr=00040020 vaddr=400d0020 size=a6ce4h (683236) map[0m
[0;32mI (396) esp_image: segment 4: paddr=000e6d0c vaddr=3ffc0458 size=020ech (  8428) load[0m
[0;32mI (399) esp_image: segment 5: paddr=000e8e00 vaddr=40080000 size=1bb3ch (113468) load[0m
[0;32mI (457) boot: Loaded app from partition at offset 0x10000[0m
[0;32mI (458) boot: Disabling RNG early entropy source...[0m
[0;32mI (468) cpu_start: Multicore app[0m
[0;32mI (476) cpu_start: Pro cpu start user code[0m
[0;32mI (476) cpu_start: cpu freq: 160000000 Hz[0m
[0;32mI (477) app_init: Application information:[0m
[0;32mI (479) app_init: Project name:     esp32[0m
[0;32mI (484) app_init: App version:      5b23221-dirty[0m
[0;32mI (490) app_init: Compile time:     Sep  3 2025 12:04:59[0m
[0;32mI (496) app_init: ELF file SHA256:  caad3e37b...[0m
[0;32mI (501) app_init: ESP-IDF:          v5.5[0m
[0;32mI (505) efuse_init: Min chip rev:     v0.0[0m
[0;32mI (510) efuse_init: Max chip rev:     v3.99 [0m
[0;32mI (515) efuse_init: Chip rev:         v3.1[0m
[0;32mI (520) heap_init: Initializing. RAM available for dynamic allocation:[0m
[0;32mI (527) heap_init: At 3FFAFF10 len 000000F0 (0 KiB): DRAM[0m
[0;32mI (533) heap_init: At 3FFB6388 len 00001C78 (7 KiB): DRAM[0m
[0;32mI (539) heap_init: At 3FFB9A20 len 00004108 (16 KiB): DRAM[0m
[0;32mI (545) heap_init: At 3FFCA638 len 000159C8 (86 KiB): DRAM[0m
[0;32mI (552) heap_init: At 3FFE0440 len 00003AE0 (14 KiB): D/IRAM[0m
[0;32mI (558) heap_init: At 3FFE4350 len 0001BCB0 (111 KiB): D/IRAM[0m
[0;32mI (564) heap_init: At 4009BB3C len 000044C4 (17 KiB): IRAM[0m
[0;32mI (572) spi_flash: detected chip: generic[0m
[0;32mI (575) spi_flash: flash io: dio[0m
[0;33mW (579) spi_flash: Detected size(16384k) larger than the size in the binary image header(2048k). Using the size in the binary image header.[0m
[0;32mI (595) coexist: coex firmware version: 831ec70[0m
[0;32mI (598) main_task: Started on CPU0[0m
[0;32mI (608) main_task: Calling app_main()[0m
[0;32mI (618) BTDM_INIT: BT controller compile version [b992c7d][0m
[0;32mI (618) BTDM_INIT: Bluetooth MAC: ec:e3:34:90:d8:ee[0m
[0;32mI (618) phy_init: phy_version 4860,6b7a6e5,Feb  6 2025,14:47:07[0m
[0;32mI (1298) BT_INIT: Bluetooth initialized successfully in dual mode.[0m

   /$$$$$$   /$$$$$$   /$$$$$$   /$$$$$$  /$$$$$$$  /$$$$$$        /$$$$$$   /$$$$$$ 
  /$$__  $$ /$$__  $$ /$$__  $$ /$$__  $$| $$__  $$|_  $$_/       /$$__  $$ /$$__  $$ 
 | $$  \__/| $$  \ $$| $$  \__/| $$  \ $$| $$  \ $$  | $$        | $$  \ $$| $$  \__/ 
 |  $$$$$$ | $$$$$$$$|  $$$$$$ | $$  | $$| $$$$$$$/  | $$        | $$  | $$|  $$$$$$  
  \____  $$| $$__  $$ \____  $$| $$  | $$| $$__  $$  | $$        | $$  | $$ \____  $$ 
  /$$  \ $$| $$  | $$ /$$  \ $$| $$  | $$| $$  \ $$  | $$        | $$  | $$ /$$  \ $$ 
 |  $$$$$$/| $$  | $$|  $$$$$$/|  $$$$$$/| $$  | $$ /$$$$$$      |  $$$$$$/|  $$$$$$/ 
  \______/ |__/  |__/ \______/  \______/ |__/  |__/|______/       \______/  \______/                                                                                    
[0;32mI (1468) initial_operation: Checking I2C bus status before initialization...[0m
[0;32mI (1468) initial_operation: Bus is clear. No recovery needed.[0m
[0;33mW (1478) i2c.master: Please check pull-up resistances whether be connected properly. Otherwise unexpected behavior would happen. For more detailed information, please read docs[0m
[0;31mE (1698) i2c.master: I2C transaction unexpected nack detected[0m
[0;31mE (1698) i2c.master: s_i2c_synchronous_transaction(945): I2C transaction failed[0m
[0;31mE (1708) i2c.master: i2c_master_multi_buffer_transmit(1214): I2C transaction failed[0m
[0;31mE (1828) i2c.master: I2C transaction unexpected nack detected[0m
[0;31mE (1828) i2c.master: s_i2c_synchronous_transaction(945): I2C transaction failed[0m
[0;31mE (1838) i2c.master: i2c_master_multi_buffer_transmit(1214): I2C transaction failed[0m
setting i2c finished
[0;32mI (1858) PS3_SPP: ESP_SPP_INIT_EVT[0m
[0;32mI (1888) PS3_L2CAP: [ps3_l2cap_init_service] Service PS3-HIDC Initialized[0m
[0;32mI (1888) PS3_L2CAP: [ps3_l2cap_init_service] Service PS3-HIDI Initialized[0m
[0;32mI (1888) BLE_HANDLER: create_service requested[0m
[0;32mI (1908) BLE_HANDLER: Service created, handle=40[0m
[0;32mI (1908) BLE_HANDLER: start_service ok[0m
[0;32mI (1908) BLE_HANDLER: add_char requested[0m
[0;32mI (1918) BLE_HANDLER: GATT service started[0m
i2c_nack_flag: 1
[0;32mI (1928) BLE_HANDLER: BLE advertising started[0m
[0;32mI (1928) BLE_HANDLER: CHAR added: handle=42 (prop=0x0a)[0m
[0;32mI (1898) BleServer: BLE GATT server init done[0m
