Command: C:\Users\takeu\.espressif\python_env\idf5.5_py3.11_env\Scripts\python.exe C:\Users\takeu\esp\v5.5\esp-idf\tools/idf_monitor.py -p COM5 -b 115200 --toolchain-prefix xtensa-esp32-elf- --target esp32 --revision 0 C:\GitHub\Firmware\src\ESP32\build\esp32.elf C:\GitHub\Firmware\src\ESP32\build\bootloader\bootloader.elf --force-color -m 'C:\Users\takeu\.espressif\python_env\idf5.5_py3.11_env\Scripts\python.exe' 'C:\Users\takeu\esp\v5.5\esp-idf\tools\idf.py'
ets Jul 29 2019 12:21:46

rst:0x1 (POWERON_RESET),boot:0x33 (SPI_FAST_FLASH_BOOT)
ï¿½ets Jul 29 2019 12:21:46

rst:0x1 (POWERON_RESET),boot:0x33 (SPI_FAST_FLASH_BOOT)
configsip: 0, SPIWP:0xee
clk_drv:0x00,q_drv:0x00,d_drv:0x00,cs0_drv:0x00,hd_drv:0x00,wp_drv:0x00
mode:DIO, clock div:2
load:0x3fff0030,len:6380
ho 0 tail 12 room 4
load:0x40078000,len:15916
load:0x40080400,len:3860
entry 0x40080638
[0;32mI (29) boot: ESP-IDF v5.5 2nd stage bootloader[0m
[0;32mI (29) boot: compile time Aug 31 2025 22:07:17[0m
[0;32mI (29) boot: Multicore bootloader[0m
[0;32mI (30) boot: chip revision: v3.1[0m
[0;32mI (33) boot.esp32: SPI Speed      : 40MHz[0m
[0;32mI (37) boot.esp32: SPI Mode       : DIO[0m
[0;32mI (40) boot.esp32: SPI Flash Size : 2MB[0m
[0;32mI (44) boot: Enabling RNG early entropy source...[0m
[0;32mI (49) boot: Partition Table:[0m
[0;32mI (51) boot: ## Label            Usage          Type ST Offset   Length[0m
[0;32mI (57) boot:  0 nvs              WiFi data        01 02 00009000 00006000[0m
[0;32mI (64) boot:  1 phy_init         RF data          01 01 0000f000 00001000[0m
[0;32mI (71) boot:  2 factory          factory app      00 00 00010000 00100000[0m
[0;32mI (77) boot: End of partition table[0m
[0;32mI (80) esp_image: segment 0: paddr=00010020 vaddr=3f400020 size=2d610h (185872) map[0m
[0;32mI (151) esp_image: segment 1: paddr=0003d638 vaddr=3ff80000 size=00020h (    32) load[0m
[0;32mI (152) esp_image: segment 2: paddr=0003d660 vaddr=3ffbdb60 size=029b8h ( 10680) load[0m
[0;32mI (159) esp_image: segment 3: paddr=00040020 vaddr=400d0020 size=a6c10h (683024) map[0m
[0;32mI (396) esp_image: segment 4: paddr=000e6c38 vaddr=3ffc0518 size=0202ch (  8236) load[0m
[0;32mI (399) esp_image: segment 5: paddr=000e8c6c vaddr=40080000 size=1bb3ch (113468) load[0m
[0;32mI (457) boot: Loaded app from partition at offset 0x10000[0m
[0;32mI (458) boot: Disabling RNG early entropy source...[0m
[0;32mI (468) cpu_start: Multicore app[0m
[0;32mI (477) cpu_start: Pro cpu start user code[0m
[0;32mI (477) cpu_start: cpu freq: 160000000 Hz[0m
[0;32mI (477) app_init: Application information:[0m
[0;32mI (480) app_init: Project name:     esp32[0m
[0;32mI (484) app_init: App version:      5b23221-dirty[0m
[0;32mI (490) app_init: Compile time:     Sep  3 2025 12:04:59[0m
[0;32mI (496) app_init: ELF file SHA256:  b762c2be9...[0m
[0;32mI (501) app_init: ESP-IDF:          v5.5[0m
[0;32mI (505) efuse_init: Min chip rev:     v0.0[0m
[0;32mI (510) efuse_init: Max chip rev:     v3.99 [0m
[0;32mI (515) efuse_init: Chip rev:         v3.1[0m
[0;32mI (520) heap_init: Initializing. RAM available for dynamic allocation:[0m
[0;32mI (527) heap_init: At 3FFAFF10 len 000000F0 (0 KiB): DRAM[0m
[0;32mI (533) heap_init: At 3FFB6388 len 00001C78 (7 KiB): DRAM[0m
[0;32mI (539) heap_init: At 3FFB9A20 len 00004108 (16 KiB): DRAM[0m
[0;32mI (546) heap_init: At 3FFCA638 len 000159C8 (86 KiB): DRAM[0m
[0;32mI (552) heap_init: At 3FFE0440 len 00003AE0 (14 KiB): D/IRAM[0m
[0;32mI (558) heap_init: At 3FFE4350 len 0001BCB0 (111 KiB): D/IRAM[0m
[0;32mI (564) heap_init: At 4009BB3C len 000044C4 (17 KiB): IRAM[0m
[0;32mI (572) spi_flash: detected chip: generic[0m
[0;32mI (575) spi_flash: flash io: dio[0m
[0;33mW (579) spi_flash: Detected size(16384k) larger than the size in the binary image header(2048k). Using the size in the binary image header.[0m
[0;32mI (595) coexist: coex firmware version: 831ec70[0m
[0;32mI (598) main_task: Started on CPU0[0m
[0;32mI (608) main_task: Calling app_main()[0m
[0;32mI (618) BTDM_INIT: BT controller compile version [b992c7d][0m
[0;32mI (618) BTDM_INIT: Bluetooth MAC: ec:e3:34:90:d8:ee[0m
[0;32mI (618) phy_init: phy_version 4860,6b7a6e5,Feb  6 2025,14:47:07[0m
[0;32mI (1288) BT_INIT: Bluetooth initialized successfully in dual mode.[0m

   /$$$$$$   /$$$$$$   /$$$$$$   /$$$$$$  /$$$$$$$  /$$$$$$        /$$$$$$   /$$$$$$ 
  /$$__  $$ /$$__  $$ /$$__  $$ /$$__  $$| $$__  $$|_  $$_/       /$$__  $$ /$$__  $$ 
 | $$  \__/| $$  \ $$| $$  \__/| $$  \ $$| $$  \ $$  | $$        | $$  \ $$| $$  \__/ 
 |  $$$$$$ | $$$$$$$$|  $$$$$$ | $$  | $$| $$$$$$$/  | $$        | $$  | $$|  $$$$$$  
  \____  $$| $$__  $$ \____  $$| $$  | $$| $$__  $$  | $$        | $$  | $$ \____  $$ 
  /$$  \ $$| $$  | $$ /$$  \ $$| $$  | $$| $$  \ $$  | $$        | $$  | $$ /$$  \ $$ 
 |  $$$$$$/| $$  | $$|  $$$$$$/|  $$$$$$/| $$  | $$ /$$$$$$      |  $$$$$$/|  $$$$$$/ 
  \______/ |__/  |__/ \______/  \______/ |__/  |__/|______/       \______/  \______/                                                                                    
[0;32mI (1458) initial_operation: Checking I2C bus status before initialization...[0m
[0;32mI (1458) initial_operation: Bus is clear. No recovery needed.[0m
[0;33mW (1468) i2c.master: Please check pull-up resistances whether be connected properly. Otherwise unexpected behavior would happen. For more detailed information, please read docs[0m
[0;31mE (1688) i2c.master: I2C transaction unexpected nack detected[0m
[0;31mE (1688) i2c.master: s_i2c_synchronous_transaction(945): I2C transaction failed[0m
[0;31mE (1698) i2c.master: i2c_master_multi_buffer_transmit(1214): I2C transaction failed[0m
[0;31mE (1818) i2c.master: I2C transaction unexpected nack detected[0m
[0;31mE (1818) i2c.master: s_i2c_synchronous_transaction(945): I2C transaction failed[0m
[0;31mE (1828) i2c.master: i2c_master_multi_buffer_transmit(1214): I2C transaction failed[0m
setting i2c finished
[0;32mI (1848) PS3_SPP: ESP_SPP_INIT_EVT[0m
[0;32mI (1878) PS3_L2CAP: [ps3_l2cap_init_service] Service PS3-HIDC Initialized[0m
[0;32mI (1878) PS3_L2CAP: [ps3_l2cap_init_service] Service PS3-HIDI Initialized[0m
[0;32mI (1878) BLE_HANDLER: create_service requested[0m
[0;32mI (1898) BLE_HANDLER: Service created, handle=40[0m
[0;32mI (1898) BLE_HANDLER: start_service ok[0m
[0;32mI (1898) BLE_HANDLER: add_char requested[0m
[0;32mI (1908) BLE_HANDLER: GATT service started[0m
14.0,6.0,10.0,-9.1
[0;32mI (1918) BLE_HANDLER: BLE advertising started[0m
i2c_nack_flag: 0
[0;32mI (1918) BLE_HANDLER: CHAR added: handle=42 (prop=0x0a)[0m
[0;32mI (1878) BleServer: BLE GATT server init done[0m
39.6,21.2,30.0,-19.8
i2c_nack_flag: 0
56.6,30.3,43.0,-27.5
i2c_nack_flag: 0
71.9,35.8,53.0,-35.8
i2c_nack_flag: 0
81.2,39.5,60.0,-40.0
i2c_nack_flag: 0
86.7,40.9,63.0,-42.6
i2c_nack_flag: 0
90.4,42.5,66.0,-43.8
i2c_nack_flag: 0
92.7,43.1,67.5,-44.4
i2c_nack_flag: 0
93.2,43.9,68.0,-45.0
i2c_nack_flag: 0
93.5,44.3,68.5,-44.4
i2c_nack_flag: 0
94.1,43.8,68.5,-45.6
i2c_nack_flag: 0
95.7,43.9,69.0,-46.1
i2c_nack_flag: 0
95.4,44.3,69.5,-45.6
i2c_nack_flag: 0
95.6,44.2,69.5,-45.6
i2c_nack_flag: 0
95.4,44.1,69.5,-45.6
i2c_nack_flag: 0
95.6,44.1,69.5,-45.6
i2c_nack_flag: 0
96.2,44.0,70.0,-46.1
i2c_nack_flag: 0
94.9,44.4,69.0,-45.0
i2c_nack_flag: 0
95.3,43.9,69.0,-46.1
i2c_nack_flag: 0
94.8,42.7,68.0,-46.1
i2c_nack_flag: 0
94.9,43.6,68.5,-45.6
i2c_nack_flag: 0
92.9,43.8,67.5,-44.4
i2c_nack_flag: 0
94.2,42.7,68.0,-46.1
i2c_nack_flag: 0
94.5,43.2,68.5,-45.6
i2c_nack_flag: 0
94.7,43.9,68.5,-45.6
i2c_nack_flag: 0
95.6,44.0,69.0,-46.1
i2c_nack_flag: 0
96.2,42.8,69.0,-47.2
i2c_nack_flag: 0
96.9,41.7,68.5,-47.7
i2c_nack_flag: 0
95.3,41.4,68.0,-47.2
i2c_nack_flag: 0
95.2,42.4,68.5,-46.7
i2c_nack_flag: 0
95.9,41.5,68.0,-47.2
i2c_nack_flag: 0
96.0,40.5,67.5,-47.7
i2c_nack_flag: 0
96.4,42.3,69.0,-47.2
i2c_nack_flag: 0
96.2,40.6,68.0,-48.2
i2c_nack_flag: 0
97.3,44.7,70.5,-46.7
i2c_nack_flag: 0
102.4,43.2,72.5,-49.7
i2c_nack_flag: 0
297.4,25.1,161.0,-79.6
i2c_nack_flag: 0
472.9,543.9,507.5,54.8
i2c_nack_flag: 0
656.1,555.5,605.5,-63.7
i2c_nack_flag: 0
489.3,472.5,480.5,-18.8
i2c_nack_flag: 0
346.0,304.7,324.5,-39.4
i2c_nack_flag: 0
243.6,209.2,226.0,-34.2
i2c_nack_flag: 0
172.5,145.5,158.5,-28.4
i2c_nack_flag: 0
122.7,125.7,123.5,3.4
i2c_nack_flag: 0
90.4,93.4,91.5,3.4
i2c_nack_flag: 0
70.3,63.7,66.5,-8.0
i2c_nack_flag: 0
56.2,42.2,49.0,-15.6
i2c_nack_flag: 0
44.1,31.7,37.5,-14.6
i2c_nack_flag: 0
35.7,24.2,29.5,-12.4
i2c_nack_flag: 0
29.8,16.5,22.5,-14.6
i2c_nack_flag: 0
27.9,21.1,24.0,-6.8
i2c_nack_flag: 0
25.5,17.9,21.0,-9.1
i2c_nack_flag: 0
24.5,10.7,17.0,-15.6
i2c_nack_flag: 0
23.5,12.8,17.5,-12.4
i2c_nack_flag: 0
26.1,26.1,26.0,-0.0
i2c_nack_flag: 0
28.9,56.9,42.0,29.2
i2c_nack_flag: 0
28.1,76.9,52.0,43.8
i2c_nack_flag: 0
30.5,477.7,253.5,83.6
i2c_nack_flag: 0
31.1,304.2,167.5,79.6
i2c_nack_flag: 0
29.4,196.9,112.5,73.3
i2c_nack_flag: 0
28.5,128.2,78.0,63.4
i2c_nack_flag: 0
30.7,82.5,56.0,46.1
i2c_nack_flag: 0
43.6,79.5,61.0,35.8
i2c_nack_flag: 0
69.0,106.5,87.0,37.2
i2c_nack_flag: 0
93.4,111.9,102.0,19.8
i2c_nack_flag: 0
96.8,126.7,111.0,31.0
i2c_nack_flag: 0
78.9,119.2,98.5,39.4
i2c_nack_flag: 0
i2c_nack_flag: 1
[0;32mI (8738) initial_operation: Bus is clear. No recovery needed.[0m
[0;33mW (8738) i2c.master: Please check pull-up resistances whether be connected properly. Otherwise unexpected behavior would happen. For more detailed information, please read docs[0m
[0;31mE (8858) i2c.master: I2C hardware NACK detected[0m
[0;31mE (8858) i2c.master: I2C transaction unexpected nack detected[0m
[0;31mE (8858) i2c.master: s_i2c_synchronous_transaction(945): I2C transaction failed[0m
[0;31mE (8868) i2c.master: i2c_master_multi_buffer_transmit(1214): I2C transaction failed[0m
[0;31mE (8878) i2c.master: I2C hardware NACK detected[0m
[0;31mE (8888) i2c.master: I2C transaction unexpected nack detected[0m
[0;31mE (8888) i2c.master: s_i2c_synchronous_transaction(945): I2C transaction failed[0m
[0;31mE (8898) i2c.master: i2c_master_multi_buffer_transmit(1214): I2C transaction failed[0m
[0;31mE (8908) i2c.master: I2C hardware NACK detected[0m
[0;31mE (8908) i2c.master: I2C transaction unexpected nack detected[0m
[0;31mE (8918) i2c.master: s_i2c_synchronous_transaction(945): I2C transaction failed[0m
[0;31mE (8928) i2c.master: i2c_master_multi_buffer_transmit(1214): I2C transaction failed[0m
[0;31mE (8938) i2c.master: I2C hardware NACK detected[0m
[0;31mE (8938) i2c.master: I2C transaction unexpected nack detected[0m
[0;31mE (8948) i2c.master: s_i2c_synchronous_transaction(945): I2C transaction failed[0m
[0;31mE (8948) i2c.master: i2c_master_multi_buffer_transmit(1214): I2C transaction failed[0m
[0;31mE (8968) i2c.master: I2C hardware NACK detected[0m
[0;31mE (8968) i2c.master: I2C transaction unexpected nack detected[0m
[0;31mE (8978) i2c.master: s_i2c_synchronous_transaction(945): I2C transaction failed[0m
[0;31mE (8978) i2c.master: i2c_master_multi_buffer_transmit(1214): I2C transaction failed[0m
[0;31mE (8988) i2c.master: I2C hardware NACK detected[0m
[0;31mE (8988) i2c.master: I2C transaction unexpected nack detected[0m
[0;31mE (9008) i2c.master: s_i2c_synchronous_transaction(945): I2C transaction failed[0m
[0;31mE (9008) i2c.master: i2c_master_multi_buffer_transmit(1214): I2C transaction failed[0m
[0;31mE (9018) i2c.master: I2C hardware NACK detected[0m
[0;31mE (9028) i2c.master: I2C transaction unexpected nack detected[0m
[0;31mE (9028) i2c.master: s_i2c_synchronous_transaction(945): I2C transaction failed[0m
[0;31mE (9038) i2c.master: i2c_master_multi_buffer_transmit(1214): I2C transaction failed[0m
[0;31mE (9048) i2c.master: I2C hardware NACK detected[0m
[0;31mE (9058) i2c.master: I2C transaction unexpected nack detected[0m
[0;31mE (9058) i2c.master: s_i2c_synchronous_transaction(945): I2C transaction failed[0m
[0;31mE (9068) i2c.master: i2c_master_multi_buffer_transmit(1214): I2C transaction failed[0m
[0;31mE (9068) i2c.master: I2C hardware NACK detected[0m
[0;31mE (9088) i2c.master: I2C transaction unexpected nack detected[0m
[0;31mE (9088) i2c.master: s_i2c_synchronous_transaction(945): I2C transaction failed[0m
[0;31mE (9098) i2c.master: i2c_master_multi_buffer_transmit(1214): I2C transaction failed[0m
[0;31mE (9098) i2c.master: I2C hardware NACK detected[0m
[0;31mE (9108) i2c.master: I2C transaction unexpected nack detected[0m
[0;31mE (9108) i2c.master: s_i2c_synchronous_transaction(945): I2C transaction failed[0m
[0;31mE (9128) i2c.master: i2c_master_multi_buffer_transmit(1214): I2C transaction failed[0m
[0;31mE (9128) i2c.master: I2C hardware NACK detected[0m
[0;31mE (9138) i2c.master: I2C transaction unexpected nack detected[0m
[0;31mE (9138) i2c.master: s_i2c_synchronous_transaction(945): I2C transaction failed[0m
[0;31mE (9148) i2c.master: i2c_master_multi_buffer_transmit(1214): I2C transaction failed[0m
[0;31mE (9168) i2c.master: I2C hardware NACK detected[0m
[0;31mE (9168) i2c.master: I2C transaction unexpected nack detected[0m
[0;31mE (9168) i2c.master: s_i2c_synchronous_transaction(945): I2C transaction failed[0m
[0;31mE (9178) i2c.master: i2c_master_multi_buffer_transmit(1214): I2C transaction failed[0m
[0;31mE (9188) i2c.master: I2C hardware NACK detected[0m
[0;31mE (9188) i2c.master: I2C transaction unexpected nack detected[0m
[0;31mE (9198) i2c.master: s_i2c_synchronous_transaction(945): I2C transaction failed[0m
[0;31mE (9208) i2c.master: i2c_master_multi_buffer_transmit(1214): I2C transaction failed[0m
[0;31mE (9218) i2c.master: I2C hardware NACK detected[0m
[0;31mE (9218) i2c.master: I2C transaction unexpected nack detected[0m
[0;31mE (9218) i2c.master: s_i2c_synchronous_transaction(945): I2C transaction failed[0m
[0;31mE (9238) i2c.master: i2c_master_multi_buffer_transmit(1214): I2C transaction failed[0m
[0;31mE (9248) i2c.master: I2C hardware NACK detected[0m
[0;31mE (9248) i2c.master: I2C transaction unexpected nack detected[0m
[0;31mE (9258) i2c.master: s_i2c_synchronous_transaction(945): I2C transaction failed[0m
[0;31mE (9258) i2c.master: i2c_master_multi_buffer_transmit(1214): I2C transaction failed[0m
[0;31mE (9278) i2c.master: I2C hardware NACK detected[0m
[0;31mE (9278) i2c.master: I2C transaction unexpected nack detected[0m
[0;31mE (9288) i2c.master: s_i2c_synchronous_transaction(945): I2C transaction failed[0m
[0;31mE (9288) i2c.master: i2c_master_multi_buffer_transmit(1214): I2C transaction failed[0m
[0;31mE (9298) i2c.master: I2C hardware NACK detected[0m
[0;31mE (9298) i2c.master: I2C transaction unexpected nack detected[0m
[0;31mE (9318) i2c.master: s_i2c_synchronous_transaction(945): I2C transaction failed[0m
[0;31mE (9318) i2c.master: i2c_master_multi_buffer_transmit(1214): I2C transaction failed[0m
[0;31mE (9328) i2c.master: I2C hardware NACK detected[0m
[0;31mE (9328) i2c.master: I2C transaction unexpected nack detected[0m
[0;31mE (9338) i2c.master: s_i2c_synchronous_transaction(945): I2C transaction failed[0m
[0;31mE (9338) i2c.master: i2c_master_multi_buffer_transmit(1214): I2C transaction failed[0m
[0;31mE (9358) i2c.master: I2C hardware NACK detected[0m
[0;31mE (9358) i2c.master: I2C transaction unexpected nack detected[0m
[0;31mE (9368) i2c.master: s_i2c_synchronous_transaction(945): I2C transaction failed[0m
[0;31mE (9368) i2c.master: i2c_master_multi_buffer_transmit(1214): I2C transaction failed[0m
[0;31mE (9378) i2c.master: I2C hardware NACK detected[0m
[0;31mE (9398) i2c.master: I2C transaction unexpected nack detected[0m
[0;31mE (9398) i2c.master: s_i2c_synchronous_transaction(945): I2C transaction failed[0m
[0;31mE (9408) i2c.master: i2c_master_multi_buffer_transmit(1214): I2C transaction failed[0m
Failed to detect and initialize sensor0!
I2C bus recovery succeeded.
[0;31mE (9538) i2c.master: I2C hardware NACK detected[0m
[0;31mE (9538) i2c.master: I2C transaction unexpected nack detected[0m
[0;31mE (9538) i2c.master: s_i2c_synchronous_transaction(945): I2C transaction failed[0m
[0;31mE (9548) i2c.master: i2c_master_multi_buffer_transmit(1214): I2C transaction failed[0m
[0;31mE (9558) i2c.master: I2C hardware NACK detected[0m
[0;31mE (9558) i2c.master: I2C transaction unexpected nack detected[0m
[0;31mE (9568) i2c.master: s_i2c_synchronous_transaction(945): I2C transaction failed[0m
[0;31mE (9578) i2c.master: i2c_master_multi_buffer_transmit(1214): I2C transaction failed[0m
[0;31mE (9588) VL53L1X: Failed to write reg addr: ESP_ERR_INVALID_STATE[0m
[0;31mE (9588) i2c.master: I2C hardware NACK detected[0m
[0;31mE (9588) i2c.master: I2C transaction unexpected nack detected[0m
[0;31mE (9598) i2c.master: s_i2c_synchronous_transaction(945): I2C transaction failed[0m
[0;31mE (9618) i2c.master: i2c_master_multi_buffer_transmit(1214): I2C transaction failed[0m
[0;31mE (9618) i2c.master: I2C hardware NACK detected[0m
[0;31mE (9628) i2c.master: I2C transaction unexpected nack detected[0m
[0;31mE (9628) i2c.master: s_i2c_synchronous_transaction(945): I2C transaction failed[0m
[0;31mE (9638) i2c.master: i2c_master_multi_buffer_transmit(1214): I2C transaction failed[0m
[0;31mE (9648) VL53L1X: Failed to write reg addr: ESP_ERR_INVALID_STATE[0m
i2c_nack_flag: 1
[0;31mE (9658) i2c.master: Cannot delete I2C bus(0): devices are still attached, please remove all devices and then delete bus[0m
[0;32mI (9668) initial_operation: Bus is clear. No recovery needed.[0m
[0;31mE (9668) i2c.common: I2C bus id(0) has already been acquired[0m
[0;31mE (9678) i2c.common: acquire bus failed[0m
[0;31mE (9678) i2c.master: i2c_new_master_bus(976): I2C bus acquire failed[0m
[0;31mE (9698) i2c.common: i2c_release_bus_handle(248): Bus not freed entirely[0m
ESP_ERROR_CHECK failed: esp_err_t 0x103 (ESP_ERR_INVALID_STATE) at 0x400db7e9
file: "./main/initial_operation.cpp" line 128
func: void i2c_master_stm_register()
expression: i2c_new_master_bus(&bus_config, _bus_handle)

abort() was called at PC 0x400925fb on core 0


Backtrace: 0x40081c51:0x3ffd75c0 0x40092605:0x3ffd75e0 0x40098dad:0x3ffd7600 0x400925fb:0x3ffd7670 0x400db7e9:0x3ffd76a0 0x401309bb:0x3ffd7700 0x40130a0f:0x3ffd7720 0x400930bd:0x3ffd7740




ELF file SHA256: b762c2be9

Rebooting...
ets Jul 29 2019 12:21:46

rst:0xc (SW_CPU_RESET),boot:0x33 (SPI_FAST_FLASH_BOOT)
configsip: 0, SPIWP:0xee
clk_drv:0x00,q_drv:0x00,d_drv:0x00,cs0_drv:0x00,hd_drv:0x00,wp_drv:0x00
mode:DIO, clock div:2
load:0x3fff0030,len:6380
ho 0 tail 12 room 4
load:0x40078000,len:15916
load:0x40080400,len:3860
entry 0x40080638
[0;32mI (29) boot: ESP-IDF v5.5 2nd stage bootloader[0m
[0;32mI (29) boot: compile time Aug 31 2025 22:07:17[0m
[0;32mI (29) boot: Multicore bootloader[0m
[0;32mI (30) boot: chip revision: v3.1[0m
[0;32mI (33) boot.esp32: SPI Speed      : 40MHz[0m
[0;32mI (37) boot.esp32: SPI Mode       : DIO[0m
[0;32mI (40) boot.esp32: SPI Flash Size : 2MB[0m
[0;32mI (44) boot: Enabling RNG early entropy source...[0m
[0;32mI (48) boot: Partition Table:[0m
[0;32mI (51) boot: ## Label            Usage          Type ST Offset   Length[0m
[0;32mI (57) boot:  0 nvs              WiFi data        01 02 00009000 00006000[0m
[0;32mI (64) boot:  1 phy_init         RF data          01 01 0000f000 00001000[0m
[0;32mI (70) boot:  2 factory          factory app      00 00 00010000 00100000[0m
[0;32mI (77) boot: End of partition table[0m
[0;32mI (80) esp_image: segment 0: paddr=00010020 vaddr=3f400020 size=2d610h (185872) map[0m
[0;32mI (151) esp_image: segment 1: paddr=0003d638 vaddr=3ff80000 size=00020h (    32) load[0m
[0;32mI (152) esp_image: segment 2: paddr=0003d660 vaddr=3ffbdb60 size=029b8h ( 10680) load[0m
[0;32mI (159) esp_image: segment 3: paddr=00040020 vaddr=400d0020 size=a6c10h (683024) map[0m
[0;32mI (396) esp_image: segment 4: paddr=000e6c38 vaddr=3ffc0518 size=0202ch (  8236) load[0m
[0;32mI (399) esp_image: segment 5: paddr=000e8c6c vaddr=40080000 size=1bb3ch (113468) load[0m
[0;32mI (457) boot: Loaded app from partition at offset 0x10000[0m
[0;32mI (458) boot: Disabling RNG early entropy source...[0m
[0;32mI (468) cpu_start: Multicore app[0m
[0;32mI (476) cpu_start: Pro cpu start user code[0m
[0;32mI (476) cpu_start: cpu freq: 160000000 Hz[0m
[0;32mI (477) app_init: Application information:[0m
[0;32mI (479) app_init: Project name:     esp32[0m
[0;32mI (484) app_init: App version:      5b23221-dirty[0m
[0;32mI (490) app_init: Compile time:     Sep  3 2025 12:04:59[0m
[0;32mI (496) app_init: ELF file SHA256:  b762c2be9...[0m
[0;32mI (501) app_init: ESP-IDF:          v5.5[0m
[0;32mI (505) efuse_init: Min chip rev:     v0.0[0m
[0;32mI (510) efuse_init: Max chip rev:     v3.99 [0m
[0;32mI (515) efuse_init: Chip rev:         v3.1[0m
[0;32mI (520) heap_init: Initializing. RAM available for dynamic allocation:[0m
[0;32mI (527) heap_init: At 3FFAFF10 len 000000F0 (0 KiB): DRAM[0m
[0;32mI (533) heap_init: At 3FFB6388 len 00001C78 (7 KiB): DRAM[0m
[0;32mI (539) heap_init: At 3FFB9A20 len 00004108 (16 KiB): DRAM[0m
[0;32mI (545) heap_init: At 3FFCA638 len 000159C8 (86 KiB): DRAM[0m
[0;32mI (552) heap_init: At 3FFE0440 len 00003AE0 (14 KiB): D/IRAM[0m
[0;32mI (558) heap_init: At 3FFE4350 len 0001BCB0 (111 KiB): D/IRAM[0m
[0;32mI (564) heap_init: At 4009BB3C len 000044C4 (17 KiB): IRAM[0m
[0;32mI (572) spi_flash: detected chip: generic[0m
[0;32mI (575) spi_flash: flash io: dio[0m
[0;33mW (579) spi_flash: Detected size(16384k) larger than the size in the binary image header(2048k). Using the size in the binary image header.[0m
[0;32mI (595) coexist: coex firmware version: 831ec70[0m
[0;32mI (598) main_task: Started on CPU0[0m
[0;32mI (608) main_task: Calling app_main()[0m
[0;32mI (618) BTDM_INIT: BT controller compile version [b992c7d][0m
[0;32mI (618) BTDM_INIT: Bluetooth MAC: ec:e3:34:90:d8:ee[0m
[0;32mI (618) phy_init: phy_version 4860,6b7a6e5,Feb  6 2025,14:47:07[0m
[0;32mI (1288) BT_INIT: Bluetooth initialized successfully in dual mode.[0m

   /$$$$$$   /$$$$$$   /$$$$$$   /$$$$$$  /$$$$$$$  /$$$$$$        /$$$$$$   /$$$$$$ 
  /$$__  $$ /$$__  $$ /$$__  $$ /$$__  $$| $$__  $$|_  $$_/       /$$__  $$ /$$__  $$ 
 | $$  \__/| $$  \ $$| $$  \__/| $$  \ $$| $$  \ $$  | $$        | $$  \ $$| $$  \__/ 
 |  $$$$$$ | $$$$$$$$|  $$$$$$ | $$  | $$| $$$$$$$/  | $$        | $$  | $$|  $$$$$$  
  \____  $$| $$__  $$ \____  $$| $$  | $$| $$__  $$  | $$        | $$  | $$ \____  $$ 
  /$$  \ $$| $$  | $$ /$$  \ $$| $$  | $$| $$  \ $$  | $$        | $$  | $$ /$$  \ $$ 
 |  $$$$$$/| $$  | $$|  $$$$$$/|  $$$$$$/| $$  | $$ /$$$$$$      |  $$$$$$/|  $$$$$$/ 
  \______/ |__/  |__/ \______/  \______/ |__/  |__/|______/       \______/  \______/                                                                                    
[0;32mI (1458) initial_operation: Checking I2C bus status before initialization...[0m
[0;32mI (1458) initial_operation: Bus is clear. No recovery needed.[0m
[0;33mW (1468) i2c.master: Please check pull-up resistances whether be connected properly. Otherwise unexpected behavior would happen. For more detailed information, please read docs[0m
Failed to detect and initialize sensor0!
[0;32mI (1688) PS3_SPP: ESP_SPP_INIT_EVT[0m
[0;32mI (1698) PS3_L2CAP: [ps3_l2cap_init_service] Service PS3-HIDC Initialized[0m
[0;32mI (1708) PS3_L2CAP: [ps3_l2cap_init_service] Service PS3-HIDI Initialized[0m
[0;32mI (1718) BLE_HANDLER: create_service requested[0m
[0;32mI (1718) BLE_HANDLER: Service created, handle=40[0m
[0;32mI (1728) BLE_HANDLER: start_service ok[0m
[0;32mI (1728) BLE_HANDLER: add_char requested[0m
[0;32mI (1738) BLE_HANDLER: GATT service started[0m
[0;32mI (1738) BLE_HANDLER: BLE advertising started[0m
[0;32mI (1738) BLE_HANDLER: CHAR added: handle=42 (prop=0x0a)[0m
[0;32mI (1728) BleServer: BLE GATT server init done[0m
