ets Jul 29 2019 12:21:46

rst:0x1 (POWERON_RESET),boot:0x33 (SPI_FAST_FLASH_BOOT)
configsip: 0, SPIWP:0xee
clk_drv:0x00,q_drv:0x00,d_drv:0x00,cs0_drv:0x00,hd_drv:0x00,wp_drv:0x00
mode:DIO, clock div:2
load:0x3fff0030,len:7176
load:0x40078000,len:15564
ho 0 tail 12 room 4
load:0x40080400,len:4
load:0x40080404,len:3904
entry 0x40080640
[0;32mI (31) boot: ESP-IDF v5.3.1-dirty 2nd stage bootloader[0m
[0;32mI (31) boot: compile time Aug 16 2025 15:58:15[0m
[0;32mI (31) boot: Multicore bootloader[0m
[0;32mI (36) boot: chip revision: v3.1[0m
[0;32mI (40) boot.esp32: SPI Speed      : 40MHz[0m
[0;32mI (44) boot.esp32: SPI Mode       : DIO[0m
[0;32mI (49) boot.esp32: SPI Flash Size : 2MB[0m
[0;32mI (53) boot: Enabling RNG early entropy source...[0m
[0;32mI (59) boot: Partition Table:[0m
[0;32mI (62) boot: ## Label            Usage          Type ST Offset   Length[0m
[0;32mI (70) boot:  0 nvs              WiFi data        01 02 00009000 00006000[0m
[0;32mI (77) boot:  1 phy_init         RF data          01 01 0000f000 00001000[0m
[0;32mI (85) boot:  2 factory          factory app      00 00 00010000 00100000[0m
[0;32mI (92) boot: End of partition table[0m
[0;32mI (96) esp_image: segment 0: paddr=00010020 vaddr=3f400020 size=0ab8ch ( 43916) map[0m
[0;32mI (120) esp_image: segment 1: paddr=0001abb4 vaddr=3ffb0000 size=02394h (  9108) load[0m
[0;32mI (124) esp_image: segment 2: paddr=0001cf50 vaddr=40080000 size=030c8h ( 12488) load[0m
[0;32mI (131) esp_image: segment 3: paddr=00020020 vaddr=400d0020 size=15b6ch ( 88940) map[0m
[0;32mI (165) esp_image: segment 4: paddr=00035b94 vaddr=400830c8 size=0af2ch ( 44844) load[0m
[0;32mI (189) boot: Loaded app from partition at offset 0x10000[0m
[0;32mI (190) boot: Disabling RNG early entropy source...[0m
[0;32mI (201) cpu_start: Multicore app[0m
[0;32mI (210) cpu_start: Pro cpu start user code[0m
[0;32mI (210) cpu_start: cpu freq: 160000000 Hz[0m
[0;32mI (210) app_init: Application information:[0m
[0;32mI (213) app_init: Project name:     esp32[0m
[0;32mI (217) app_init: App version:      4e07b01-dirty[0m
[0;32mI (223) app_init: Compile time:     Aug 16 2025 15:56:18[0m
[0;32mI (229) app_init: ELF file SHA256:  6c840c5b5...[0m
[0;32mI (234) app_init: ESP-IDF:          v5.3.1-dirty[0m
[0;32mI (239) efuse_init: Min chip rev:     v0.0[0m
[0;32mI (244) efuse_init: Max chip rev:     v3.99 [0m
[0;32mI (249) efuse_init: Chip rev:         v3.1[0m
[0;32mI (254) heap_init: Initializing. RAM available for dynamic allocation:[0m
[0;32mI (261) heap_init: At 3FFAE6E0 len 00001920 (6 KiB): DRAM[0m
[0;32mI (267) heap_init: At 3FFB2C78 len 0002D388 (180 KiB): DRAM[0m
[0;32mI (273) heap_init: At 3FFE0440 len 00003AE0 (14 KiB): D/IRAM[0m
[0;32mI (280) heap_init: At 3FFE4350 len 0001BCB0 (111 KiB): D/IRAM[0m
[0;32mI (286) heap_init: At 4008E000 len 00012000 (72 KiB): IRAM[0m
[0;32mI (294) spi_flash: detected chip: generic[0m
[0;32mI (297) spi_flash: flash io: dio[0m
[0;33mW (301) spi_flash: Detected size(16384k) larger than the size in the binary image header(2048k). Using the size in the binary image header.[0m
[0;33mW (314) i2c: This driver is an old driver, please migrate your application code to adapt `driver/i2c_master.h`[0m
[0;32mI (326) main_task: Started on CPU0[0m
[0;32mI (336) main_task: Calling app_main()[0m
begin result: 0x0
writeBytes result: 0x107
writeBytes result: 0x107
writeBytes result: 0x107
writeBytes result: 0x107
writeBytes result: 0x107
writeBytes result: 0x107
writeBytes result: 0x107
writeBytes result: 0x107
writeBytes result: 0x107
writeBytes result: 0x107
writeBytes result: 0x107
writeBytes result: 0x107
writeBytes result: 0x107
ets Jul 29 20ï¿½ets Jul 29 2019 12:21:46

rst:0x1 (POWERON_RESET),boot:0x33 (SPI_FAST_FLASH_BOOT)
configsip: 0, SPIWP:0xee
clk_drv:0x00,q_drv:0x00,d_drv:0x00,cs0_drv:0x00,hd_drv:0x00,wp_drv:0x00
mode:DIO, clock div:2
load:0x3fff0030,len:7176
load:0x40078000,len:15564
ho 0 tail 12 room 4
load:0x40080400,len:4
load:0x40080404,len:3904
entry 0x40080640
[0;32mI (31) boot: ESP-IDF v5.3.1-dirty 2nd stage bootloader[0m
[0;32mI (31) boot: compile time Aug 16 2025 15:58:15[0m
[0;32mI (31) boot: Multicore bootloader[0m
[0;32mI (36) boot: chip revision: v3.1[0m
[0;32mI (40) boot.esp32: SPI Speed      : 40MHz[0m
[0;32mI (44) boot.esp32: SPI Mode       : DIO[0m
[0;32mI (49) boot.esp32: SPI Flash Size : 2MB[0m
[0;32mI (53) boot: Enabling RNG early entropy source...[0m
[0;32mI (59) boot: Partition Table:[0m
[0;32mI (62) boot: ## Label            Usage          Type ST Offset   Length[0m
[0;32mI (70) boot:  0 nvs              WiFi data        01 02 00009000 00006000[0m
[0;32mI (77) boot:  1 phy_init         RF data          01 01 0000f000 00001000[0m
[0;32mI (85) boot:  2 factory          factory app      00 00 00010000 00100000[0m
[0;32mI (92) boot: End of partition table[0m
[0;32mI (96) esp_image: segment 0: paddr=00010020 vaddr=3f400020 size=0ab8ch ( 43916) map[0m
[0;32mI (120) esp_image: segment 1: paddr=0001abb4 vaddr=3ffb0000 size=02394h (  9108) load[0m
[0;32mI (124) esp_image: segment 2: paddr=0001cf50 vaddr=40080000 size=030c8h ( 12488) load[0m
[0;32mI (131) esp_image: segment 3: paddr=00020020 vaddr=400d0020 size=15b6ch ( 88940) map[0m
[0;32mI (165) esp_image: segment 4: paddr=00035b94 vaddr=400830c8 size=0af2ch ( 44844) load[0m
[0;32mI (189) boot: Loaded app from partition at offset 0x10000[0m
[0;32mI (190) boot: Disabling RNG early entropy source...[0m
[0;32mI (201) cpu_start: Multicore app[0m
[0;32mI (210) cpu_start: Pro cpu start user code[0m
[0;32mI (210) cpu_start: cpu freq: 160000000 Hz[0m
[0;32mI (210) app_init: Application information:[0m
[0;32mI (213) app_init: Project name:     esp32[0m
[0;32mI (217) app_init: App version:      4e07b01-dirty[0m
[0;32mI (223) app_init: Compile time:     Aug 16 2025 15:56:18[0m
[0;32mI (229) app_init: ELF file SHA256:  6c840c5b5...[0m
[0;32mI (234) app_init: ESP-IDF:          v5.3.1-dirty[0m
[0;32mI (239) efuse_init: Min chip rev:     v0.0[0m
[0;32mI (244) efuse_init: Max chip rev:     v3.99 [0m
[0;32mI (249) efuse_init: Chip rev:         v3.1[0m
[0;32mI (254) heap_init: Initializing. RAM available for dynamic allocation:[0m
[0;32mI (261) heap_init: At 3FFAE6E0 len 00001920 (6 KiB): DRAM[0m
[0;32mI (267) heap_init: At 3FFB2C78 len 0002D388 (180 KiB): DRAM[0m
[0;32mI (273) heap_init: At 3FFE0440 len 00003AE0 (14 KiB): D/IRAM[0m
[0;32mI (280) heap_init: At 3FFE4350 len 0001BCB0 (111 KiB): D/IRAM[0m
[0;32mI (286) heap_init: At 4008E000 len 00012000 (72 KiB): IRAM[0m
[0;32mI (294) spi_flash: detected chip: generic[0m
[0;32mI (297) spi_flash: flash io: dio[0m
[0;33mW (301) spi_flash: Detected size(16384k) larger than the size in the binary image header(2048k). Using the size in the binary image header.[0m
[0;33mW (314) i2c: This driver is an old driver, please migrate your application code to adapt `driver/i2c_master.h`[0m
[0;32mI (326) main_task: Started on CPU0[0m
[0;32mI (336) main_task: Calling app_main()[0m
begin result: 0x0
ets Jul 29 2019 12:21:46

rst:0x1 (POWERON_RESET),boot:0x33 (SPI_FAST_FLASH_BOOT)
configsip: 0, SPIWP:0xee
clk_drv:0x00,q_drv:0x00,d_drv:0x00,cs0_drv:0x00,hd_drv:0x00,wp_drv:0x00
mode:DIO, clock div:2
load:0x3fff0030,len:7176
load:0x40078000,len:15564
ho 0 tail 12 room 4
load:0x40080400,len:4
load:0x40080404,len:3904
entry 0x40080640
[0;32mI (31) boot: ESP-IDF v5.3.1-dirty 2nd stage bootloader[0m
[0;32mI (31) boot: compile time Aug 16 2025 15:58:15[0m
[0;32mI (31) boot: Multicore bootloader[0m
[0;32mI (36) boot: chip revision: v3.1ï¿½ets Julï¿½eï¿½ets Jul 29 2019 ï¿½ets Jul 29 2019 12ï¿½ets Jï¿½ets Jul 29 2019 12:21:46

rst:0x1 (POWERON_RESET),boot:0x33 (SPI_FAST_FLASH_BOOT)
configsip: 0, SPIWP:0xee
clk_drv:0x00,q_drv:0x00,d_drv:0x00,cs0_drv:0x00,hd_drv:0x00,wp_drv:0x00
mode:DIO, clock div:2
load:0x3fff0030,len:7176
load:0x40078000,len:15564
ho 0 tail 12 room 4
load:0x40080400,len:4
load:0x40080404,len:3904
entry 0x40080640
[0;32mI (31) boot: ESP-IDF v5.3.1-dirty 2nd stage bootloader[0m
[0;32mI (31) boot: compile time Aug 16 2025 15:58:15[0m
[0;32mI (31) boot: Multicore bootloader[0m
[0;32mI (36) boot: chip revision: v3.1[0m
[0;32mI (40) boot.esp32: SPI Speed      : 40MHz[0m
[0;32mI (44) ï¿½ets Jul 29 2019 12:21:46

rst:0x1 (POï¿½etï¿½ets Jul 29 2019 12:21:46

rst:0x1 (POWERON_RESET),boot:0x33 (SPI_FAST_FLASH_BOOT)
configsip: 0, SPIWP:0xee
clk_drv:0x00,q_drv:0x00,d_drv:0x00,cs0_drv:0x00,hd_drv:0x00,wp_drv:0x00
mode:DIO, clock div:2
load:0x3fff0030,len:7176
load:0x40078000,len:15564
ho 0 tail 12 room 4
load:0x40080400,len:4
load:0x40080404,len:3904
entry 0x40080640
[0;32mI (31) boot: ESP-IDF v5.3.1-dirty 2nd stage bootloader[0m
[0;32mI (31) boot: compile time Aug 16 2025 15:58:15[0m
[0;32mI (31) boot: Multicore bootloader[0m
[0;32mI (36) boot: chip revision: v3.1[0m
[0;32mI (40) boot.esp32: SPI Speed      : 40MHz[0m
[0;32mI (44) boot.esp32: SPI Mode       : DIO[0m
[0;32mI (49) boot.esp32: SPI Flash Size : 2MB[0m
[0;32mI (53) boot: Enabling RNG early entropy source...[0m
[0;32mI (59) boot: Partition Table:[0m
[0;32mI (62) boot: ## Label            Usage          Type ST Offset   Length[0m
[0;32mI (70) boot:  0 nvs              WiFi data        01 02 00009000 00006000[0m
[0;32mI (77) boot:  1 phy_init         RF data          01 01 0000f000 00001000[0m
[0;32mI (85) boot:  2 factory          factory app      00 00 00010000 00100000[0m
[0;32mI (92) boot: End of partition table[0m
[0;32mI (96) esp_image: segment 0: paddr=00010020 vaddr=3f400020 size=0ab8ch ( 43916) map[0m
[0;32mI (120) esp_image: segment 1: paddr=0001abb4 vaddr=3ffb0000 size=02394h (  9108) load[0m
[0;32mI (124) esp_image: segment 2: paddr=0001cf50 vaddr=40080000 size=030c8h ( 12488) load[0m
[0;32mI (131) esp_image: segment 3: paddr=00020020 vaddr=400d0020 size=15b6ch ( 88940) map[0m
[0;32mI (165) esp_image: segment 4: paddr=00035b94 vaddr=400830c8 size=0af2ch ( 44844) load[0m
[0;32mI (189) boot: Loaded app from partition at offset 0x10000[0m
[0;32mI (190) boot: Disabling RNG early entropy source...[0m
[0;32mI (201) cpu_start: Multicore app[0m
[0;32mI (210) cpu_start: Pro cpu start user code[0m
[0;32mI (210) cpu_start: cpu freq: 160000000 Hz[0m
[0;32mI (210) app_init: Application information:[0m
[0;32mI (213) app_init: Project name:     esp32[0m
[0;32mI (217) app_init: App version:      4e07b01-dirty[0m
[0;32mI (223) app_init: Compile time:     Aug 16 2025 15:56:18[0m
[0;32mI (229) app_init: ELF file SHA256:  6c840c5b5...[0m
[0;32mI (234) app_init: ESP-IDF:          v5.3.1-dirty[0m
[0;32mI (239) efuse_init: Min chip rev:     v0.0[0m
[0;32mI (244) efuse_init: Max chip rev:     v3.99 [0m
[0;32mI (249) efuse_init: Chip rev:         v3.1[0m
[0;32mI (254) heap_init: Initializing. RAM available for dynamic allocation:[0m
[0;32mI (261) heap_init: At 3FFAE6E0 len 00001920 (6 KiB): DRAM[0m
[0;32mI (267) heap_init: At 3FFB2C78 len 0002D388 (180 KiB): DRAM[0m
[0;32mI (273) heap_init: At 3FFE0440 len 00003AE0 (14 KiB): D/IRAM[0m
[0;32mI (280) heap_init: At 3FFE4350 len 0001BCB0 (111 KiB): D/IRAM[0m
[0;32mI (286) heap_init: At 4008E000 len 00012000 (72 KiB): IRAM[0m
[0;32mI (294) spi_flash: detected chip: generic[0m
[0;32mI (297) spi_flash: flash io: dio[0m
[0;33mW (301) spi_flash: Detected size(16384k) larger than the size in the binary image header(2048k). Using the size in the binary image header.[0m
[0;33mW (314) i2c: This driver is an old driver, please migrate your application code to adapt `driver/i2c_master.h`[0m
[0;32mI (326) main_task: Started on CPU0[0m
[0;32mI (336) main_task: Calling app_main()[0m
begin result: 0x0
writeBytes result: 0x107
writeBytes result: 0x107
writeBytes result: 0x107
writeBytes result: 0x107
writeBytes result: 0x107
writeBytes result: 0x107
writeBytes result: 0x107
writeBytes result: 0x107
writeBytes result: 0x107
writeBytes result: 0x107
writeBytes result: 0x107
writeBytes result: 0x107
writeBytes result: 0x107
writeBytes result: 0x107
writeBytes result: 0x107
writeBytes result: 0x107
writeBytes result: 0x107
writeBytes result: 0x107
writeBytes result: 0x107
writeBytes result: 0x107
writeBytes result: 0x107
writeBytes result: 0x107
writeBytes result: 0x107
writeBytes result: 0x107
writeBytes result: 0x107
writeBytes result: 0x107
writeBytes result: 0x107
writeBytes result: 0x107
writeBytes result: 0x107
writeBytes result: 0x107
writeBytes result: 0x107
writeBytes result: 0x107
writeBytes result: 0x107
writeBytes result: 0x107
writeBytes result: 0x107
writeBytes result: 0x107
writeBytes result: 0x107
writeBytes result: 0x107
writeBytes result: 0x107
writeBytes result: 0x107
