Command: C:\Users\takeu\.espressif\python_env\idf5.5_py3.11_env\Scripts\python.exe C:\Users\takeu\esp\v5.5\esp-idf\tools/idf_monitor.py -p COM5 -b 115200 --toolchain-prefix xtensa-esp32-elf- --target esp32 --revision 0 C:\GitHub\Firmware\src\ESP32\build\esp32.elf C:\GitHub\Firmware\src\ESP32\build\bootloader\bootloader.elf --force-color -m 'C:\Users\takeu\.espressif\python_env\idf5.5_py3.11_env\Scripts\python.exe' 'C:\Users\takeu\esp\v5.5\esp-idf\tools\idf.py'
ets Jul 29 2019 12:21:46

rst:0x1 (POWERON_RESET),boot:0x33 (SPI_FAST_FLASH_BOOT)
ï¿½ets Jul 29 2019 12:21:46

rst:0x1 (POWERON_RESET),boot:0x33 (SPI_FAST_FLASH_BOOT)
configsip: 0, SPIWP:0xee
clk_drv:0x00,q_drv:0x00,d_drv:0x00,cs0_drv:0x00,hd_drv:0x00,wp_drv:0x00
mode:DIO, clock div:2
load:0x3fff0030,len:6380
ho 0 tail 12 room 4
load:0x40078000,len:15916
load:0x40080400,len:3860
entry 0x40080638
[0;32mI (29) boot: ESP-IDF v5.5 2nd stage bootloader[0m
[0;32mI (29) boot: compile time Aug 31 2025 22:07:17[0m
[0;32mI (29) boot: Multicore bootloader[0m
[0;32mI (30) boot: chip revision: v3.1[0m
[0;32mI (33) boot.esp32: SPI Speed      : 40MHz[0m
[0;32mI (37) boot.esp32: SPI Mode       : DIO[0m
[0;32mI (40) boot.esp32: SPI Flash Size : 2MB[0m
[0;32mI (44) boot: Enabling RNG early entropy source...[0m
[0;32mI (49) boot: Partition Table:[0m
[0;32mI (51) boot: ## Label            Usage          Type ST Offset   Length[0m
[0;32mI (57) boot:  0 nvs              WiFi data        01 02 00009000 00006000[0m
[0;32mI (64) boot:  1 phy_init         RF data          01 01 0000f000 00001000[0m
[0;32mI (71) boot:  2 factory          factory app      00 00 00010000 00100000[0m
[0;32mI (77) boot: End of partition table[0m
[0;32mI (80) esp_image: segment 0: paddr=00010020 vaddr=3f400020 size=2d488h (185480) map[0m
[0;32mI (151) esp_image: segment 1: paddr=0003d4b0 vaddr=3ff80000 size=00020h (    32) load[0m
[0;32mI (151) esp_image: segment 2: paddr=0003d4d8 vaddr=3ffbdb60 size=02b40h ( 11072) load[0m
[0;32mI (159) esp_image: segment 3: paddr=00040020 vaddr=400d0020 size=a5714h (677652) map[0m
[0;32mI (394) esp_image: segment 4: paddr=000e573c vaddr=3ffc06a0 size=01ea4h (  7844) load[0m
[0;32mI (397) esp_image: segment 5: paddr=000e75e8 vaddr=40080000 size=1bb3ch (113468) load[0m
[0;32mI (456) boot: Loaded app from partition at offset 0x10000[0m
[0;32mI (456) boot: Disabling RNG early entropy source...[0m
[0;32mI (466) cpu_start: Multicore app[0m
[0;32mI (475) cpu_start: Pro cpu start user code[0m
[0;32mI (475) cpu_start: cpu freq: 160000000 Hz[0m
[0;32mI (475) app_init: Application information:[0m
[0;32mI (478) app_init: Project name:     esp32[0m
[0;32mI (482) app_init: App version:      5b23221-dirty[0m
[0;32mI (488) app_init: Compile time:     Sep  3 2025 12:04:59[0m
[0;32mI (494) app_init: ELF file SHA256:  d13f2d93d...[0m
[0;32mI (499) app_init: ESP-IDF:          v5.5[0m
[0;32mI (504) efuse_init: Min chip rev:     v0.0[0m
[0;32mI (508) efuse_init: Max chip rev:     v3.99 [0m
[0;32mI (513) efuse_init: Chip rev:         v3.1[0m
[0;32mI (518) heap_init: Initializing. RAM available for dynamic allocation:[0m
[0;32mI (525) heap_init: At 3FFAFF10 len 000000F0 (0 KiB): DRAM[0m
[0;32mI (531) heap_init: At 3FFB6388 len 00001C78 (7 KiB): DRAM[0m
[0;32mI (537) heap_init: At 3FFB9A20 len 00004108 (16 KiB): DRAM[0m
[0;32mI (544) heap_init: At 3FFCA5F0 len 00015A10 (86 KiB): DRAM[0m
[0;32mI (550) heap_init: At 3FFE0440 len 00003AE0 (14 KiB): D/IRAM[0m
[0;32mI (556) heap_init: At 3FFE4350 len 0001BCB0 (111 KiB): D/IRAM[0m
[0;32mI (563) heap_init: At 4009BB3C len 000044C4 (17 KiB): IRAM[0m
[0;32mI (570) spi_flash: detected chip: generic[0m
[0;32mI (573) spi_flash: flash io: dio[0m
[0;33mW (577) spi_flash: Detected size(16384k) larger than the size in the binary image header(2048k). Using the size in the binary image header.[0m
[0;32mI (593) coexist: coex firmware version: 831ec70[0m
[0;32mI (597) main_task: Started on CPU0[0m
[0;32mI (607) main_task: Calling app_main()[0m
[0;32mI (617) BTDM_INIT: BT controller compile version [b992c7d][0m
[0;32mI (617) BTDM_INIT: Bluetooth MAC: ec:e3:34:90:d8:ee[0m
[0;32mI (617) phy_init: phy_version 4860,6b7a6e5,Feb  6 2025,14:47:07[0m
[0;32mI (1267) BT_INIT: Bluetooth initialized successfully in dual mode.[0m

   /$$$$$$   /$$$$$$   /$$$$$$   /$$$$$$  /$$$$$$$  /$$$$$$        /$$$$$$   /$$$$$$ 
  /$$__  $$ /$$__  $$ /$$__  $$ /$$__  $$| $$__  $$|_  $$_/       /$$__  $$ /$$__  $$ 
 | $$  \__/| $$  \ $$| $$  \__/| $$  \ $$| $$  \ $$  | $$        | $$  \ $$| $$  \__/ 
 |  $$$$$$ | $$$$$$$$|  $$$$$$ | $$  | $$| $$$$$$$/  | $$        | $$  | $$|  $$$$$$  
  \____  $$| $$__  $$ \____  $$| $$  | $$| $$__  $$  | $$        | $$  | $$ \____  $$ 
  /$$  \ $$| $$  | $$ /$$  \ $$| $$  | $$| $$  \ $$  | $$        | $$  | $$ /$$  \ $$ 
 |  $$$$$$/| $$  | $$|  $$$$$$/|  $$$$$$/| $$  | $$ /$$$$$$      |  $$$$$$/|  $$$$$$/ 
  \______/ |__/  |__/ \______/  \______/ |__/  |__/|______/       \______/  \______/                                                                                    
[0;32mI (1437) initial_operation: Checking I2C bus status before initialization...[0m
[0;32mI (1437) initial_operation: Bus is clear. No recovery needed.[0m
[0;33mW (1447) i2c.master: Please check pull-up resistances whether be connected properly. Otherwise unexpected behavior would happen. For more detailed information, please read docs[0m
[0;31mE (1667) i2c.master: I2C transaction unexpected nack detected[0m
[0;31mE (1667) i2c.master: s_i2c_synchronous_transaction(945): I2C transaction failed[0m
[0;31mE (1677) i2c.master: i2c_master_multi_buffer_transmit(1214): I2C transaction failed[0m
[0;31mE (1797) i2c.master: I2C transaction unexpected nack detected[0m
[0;31mE (1797) i2c.master: s_i2c_synchronous_transaction(945): I2C transaction failed[0m
[0;31mE (1807) i2c.master: i2c_master_multi_buffer_transmit(1214): I2C transaction failed[0m
setting i2c finished
[0;32mI (1827) PS3_SPP: ESP_SPP_INIT_EVT[0m
[0;32mI (1847) PS3_L2CAP: [ps3_l2cap_init_service] Service PS3-HIDC Initialized[0m
[0;32mI (1857) PS3_L2CAP: [ps3_l2cap_init_service] Service PS3-HIDI Initialized[0m
[0;32mI (1857) BLE_HANDLER: create_service requested[0m
[0;32mI (1867) BLE_HANDLER: Service created, handle=40[0m
[0;32mI (1877) BLE_HANDLER: start_service ok[0m
[0;32mI (1877) BLE_HANDLER: add_char requested[0m
[0;32mI (1877) BLE_HANDLER: GATT service started[0m
[0;32mI (1887) BLE_HANDLER: BLE advertising started[0m
44,44 
[0;32mI (1887) BLE_HANDLER: CHAR added: handle=42 (prop=0x0a)[0m
[0;32mI (1857) BleServer: BLE GATT server init done[0m
[0;31mE (1937) i2c.master: I2C software timeout[0m
[0;31mE (1937) i2c.master: s_i2c_synchronous_transaction(945): I2C transaction failed[0m
[0;31mE (1937) i2c.master: i2c_master_multi_buffer_transmit(1214): I2C transaction failed[0m
78,79 
111,112 
137,138 
155,155 
165,164 
171,170 
176,173 
181,176 
186,178 
191,182 
199,189 
210,203 
225,220 
242,239 
259,258 
276,275 
291,289 
302,298 
305,301 
303,297 
293,286 
277,269 
254,249 
235,230 
217,214 
201,198 
187,182 
173,168 
161,155 
150,144 
141,135 
133,127 
127,121 
122,116 
118,112 
115,108 
112,105 
111,104 
109,103 
108,102 
107,101 
106,100 
105,100 
104,99 
103,98 
102,97 
101,96 
100,95 
99,94 
98,93 
97,92 
96,91 
95,90 
94,89 
94,88 
93,88 
92,87 
91,87 
91,87 
90,87 
90,88 
90,88 
91,89 
94,94 
106,108 
128,131 
157,161 
185,189 
214,217 
243,244 
267,268 
286,287 
302,301 
314,312 
324,322 
331,330 
334,333 
328,326 
312,308 
288,283 
261,256 
241,234 
224,217 
209,203 
196,190 
184,179 
174,170 
166,162 
159,155 
154,150 
149,146 
145,142 
142,139 
139,136 
137,133 
136,131 
135,130 
134,129 
134,128 
134,127 
134,126 
133,126 
133,126 
136,129 
145,140 
164,157 
186,180 
210,205 
233,229 
253,250 
270,269 
285,284 
295,295 
299,300 
294,296 
280,273 
255,250 
236,231 
219,214 
205,200 
193,189 
183,180 
175,172 
168,166 
163,161 
159,157 
155,153 
153,150 
151,148 
149,147 
148,146 
147,145 
147,144 
146,144 
145,143 
145,142 
145,142 
145,142 
145,142 
145,142 
145,142 
145,142 
146,143 
147,145 
149,146 
152,153 
159,162 
179,177 
198,196 
217,216 
234,235 
248,252 
260,266 
270,277 
278,286 
284,292 
285,295 
280,292 
269,281 
253,264 
221,235 
207,207 
195,189 
174,177 
155,167 
139,159 
127,152 
118,147 
109,141 
100,134 
91,130 
85,128 
83,127 
81,127 
81,128 
81,128 
82,129 
84,130 
88,132 
90,134 
92,135 
94,135 
96,135 
98,136 
99,136 
99,137 
100,138 
101,138 
101,139 
102,139 
103,139 
103,139 
103,139 
103,139 
103,139 
103,139 
103,140 
104,140 
104,140 
104,140 
104,140 
104,140 
104,140 
104,140 
104,140 
104,140 
104,140 
104,140 
104,140 
104,140 
104,140 
104,140 
105,140 
105,140 
105,140 
105,141 
105,141 
105,141 
105,141 
105,141 
105,141 
105,141 
105,141 
105,141 
105,141 
105,141 
105,141 
105,141 
105,141 
105,141 
105,141 
106,141 
106,141 
107,141 
107,142 
108,142 
109,143 
110,143 
110,143 
110,143 
110,143 
110,143 
110,143 
110,143 
110,143 
110,144 
110,144 
110,144 
110,144 
110,144 
111,144 
111,144 
111,144 
112,144 
112,144 
112,144 
112,144 
112,144 
112,145 
112,145 
112,145 
112,144 
112,144 
112,144 
112,144 
113,144 
114,144 
115,144 
116,144 
116,144 
116,144 
116,143 
117,143 
118,143 
118,142 
118,143 
118,143 
118,144 
119,144 
119,144 
119,144 
119,144 
119,144 
119,144 
119,144 
119,144 
119,144 
119,144 
119,144 
119,143 
119,143 
120,143 
119,143 
119,143 
119,143 
119,144 
120,144 
120,144 
120,144 
120,144 
120,144 
120,144 
120,144 
120,144 
120,144 
120,144 
120,144 
120,144 
120,144 
120,144 
120,143 
121,143 
120,143 
120,143 
120,143 
121,143 
121,143 
121,143 
121,143 
121,143 
121,143 
121,143 
121,143 
121,143 
121,143 
120,142 
121,142 
121,143 
122,143 
122,142 
122,142 
122,143 
123,143 
123,143 
123,143 
123,143 
124,143 
124,143 
124,143 
124,143 
124,143 
125,143 
126,143 
126,143 
127,143 
127,143 
127,143 
128,143 
129,143 
130,143 
130,143 
129,142 
129,142 
130,143 
130,143 
131,143 
131,143 
131,143 
132,143 
132,143 
132,143 
132,143 
132,142 
132,142 
132,143 
132,144 
132,144 
132,143 
132,143 
132,143 
132,143 
132,143 
132,143 
131,143 
131,143 
131,143 
131,143 
131,143 
131,143 
131,144 
131,144 
132,144 
132,144 
132,144 
132,144 
132,144 
132,144 
132,144 
132,144 
132,144 
132,144 
132,144 
132,144 
132,144 
132,144 
132,144 
132,145 
132,144 
132,143 
132,142 
132,142 
132,142 
132,142 
132,142 
132,142 
132,142 
132,142 
132,142 
132,142 
132,142 
132,143 
132,143 
132,143 
132,143 
132,143 
132,143 
132,143 
132,143 
132,143 
132,144 
132,144 
132,144 
132,144 
132,143 
132,143 
132,143 
132,143 
132,144 
132,144 
133,145 
133,145 
133,145 
133,144 
133,145 
133,145 
133,145 
133,145 
135,145 
138,146 
140,143 
141,141 
142,142 
143,143 
144,141 
145,143 
146,141 
147,140 
148,139 
149,141 
149,139 
149,139 
150,139 
150,139 
150,139 
151,138 
152,138 
152,138 
152,138 
152,138 
153,138 
153,138 
154,138 
154,138 
154,138 
154,137 
154,137 
154,137 
153,137 
153,137 
153,137 
153,138 
153,138 
153,138 
153,138 
153,138 
153,138 
153,138 
153,137 
153,137 
153,138 
153,139 
153,139 
153,139 
153,139 
153,139 
153,139 
153,139 
153,139 
153,139 
154,139 
154,139 
154,139 
154,139 
154,139 
154,139 
154,139 
153,139 
154,139 
154,139 
154,139 
154,139 
154,139 
155,139 
155,139 
155,139 
155,139 
155,139 
155,139 
155,139 
155,139 
155,139 
154,139 
154,139 
154,139 
154,139 
154,139 
154,140 
154,140 
155,140 
155,139 
156,139 
156,139 
155,140 
155,140 
154,140 
154,140 
154,139 
154,139 
154,139 
154,139 
154,139 
154,139 
154,139 
154,139 
153,138 
153,138 
154,138 
154,138 
155,138 
155,138 
154,138 
154,138 
154,139 
155,139 
155,140 
155,140 
155,140 
155,141 
156,141 
156,141 
155,141 
155,141 
156,141 
156,140 
156,140 
156,140 
156,139 
157,139 
158,139 
158,139 
158,140 
158,140 
158,140 
158,140 
158,140 
158,140 
158,140 
157,140 
157,140 
157,140 
158,140 
157,140 
158,140 
158,141 
158,141 
157,141 
157,141 
156,141 
156,141 
156,141 
156,141 
156,141 
156,141 
156,141 
156,141 
156,141 
156,141 
156,141 
157,140 
158,140 
158,140 
158,140 
158,140 
158,140 
158,140 
157,140 
157,140 
157,140 
158,140 
157,140 
157,140 
157,140 
157,140 
157,139 
157,139 
156,139 
157,139 
158,140 
158,141 
158,142 
158,142 
158,142 
158,142 
159,142 
159,143 
159,143 
159,143 
159,143 
159,143 
159,143 
159,143 
159,143 
158,143 
158,143 
158,143 
158,143 
159,144 
159,144 
159,144 
